00e4:trace:hid:deliver_next_report 00000000  20 01 02 00 00 04 40 00 00 00 fa 00 00 00 00
0124:trace:hid:hid_device_queue_input pdo 0000000000AA6768, packet 0000000002DFFEA0
00e4:trace:hid:process_hid_report device 0000000000A74650 report_buf 0000000000A49372 (0x20), report_len 0xf
00e4:trace:hid:deliver_next_report device 0000000000A74650/0x7fe9b40dd900 input report length 15:
00e4:trace:hid:deliver_next_report 00000000  20 01 02 00 00 03 40 00 00 00 fb 00 00 00 00
0124:trace:hid:hid_device_queue_input pdo 0000000000AA6768, packet 0000000002DFFEA0
00e4:trace:hid:process_hid_report device 0000000000A74650 report_buf 0000000000A49372 (0x20), report_len 0xf
00e4:trace:hid:deliver_next_report device 0000000000A74650/0x7fe9b40dd900 input report length 15:
00e4:trace:hid:deliver_next_report 00000000  20 01 02 00 00 05 40 00 00 00 f9 00 00 00 00
0124:trace:hid:hid_device_queue_input pdo 0000000000AA6768, packet 0000000002DFFEA0
00e4:trace:hid:process_hid_report device 0000000000A74650 report_buf 0000000000A49372 (0x20), report_len 0xf
00e4:trace:hid:deliver_next_report device 0000000000A74650/0x7fe9b40dd900 input report length 15:
00e4:trace:hid:deliver_next_report 00000000  20 01 02 00 00 03 40 00 00 00 fb 00 00 00 00
0124:trace:hid:hid_device_queue_input pdo 0000000000AA6768, packet 0000000002DFFEA0
00e4:trace:hid:process_hid_report device 0000000000A74650 report_buf 0000000000A49372 (0x20), report_len 0xf
00e4:trace:hid:deliver_next_report device 0000000000A74650/0x7fe9b40dd900 input report length 15:
00e4:trace:hid:deliver_next_report 00000000  20 01 02 00 00 03 30 00 00 00 0b 00 00 00 00
0124:trace:hid:hid_device_queue_input pdo 0000000000AA6768, packet 0000000002DFFEA0
00e4:trace:hid:process_hid_report device 0000000000A74650 report_buf 0000000000A49372 (0x20), report_len 0xf
00e4:trace:hid:deliver_next_report device 0000000000A74650/0x7fe9b40dd900 input report length 15:
00e4:trace:hid:deliver_next_report 00000000  20 01 02 00 00 02 10 00 00 00 2c 00 00 00 00
0124:trace:hid:hid_device_queue_input pdo 0000000000AA6768, packet 0000000002DFFEA0
00e4:trace:hid:process_hid_report device 0000000000A74650 report_buf 0000000000A49372 (0x20), report_len 0xf
00e4:trace:hid:deliver_next_report device 0000000000A74650/0x7fe9b40dd900 input report length 15:
00e4:trace:hid:deliver_next_report 00000000  20 01 02 00 00 03 30 00 00 00 0b 00 00 00 00
0124:trace:hid:hid_device_queue_input pdo 0000000000AA6768, packet 0000000002DFFEA0
00e4:trace:hid:process_hid_report device 0000000000A74650 report_buf 0000000000A49372 (0x20), report_len 0xf
00e4:trace:hid:deliver_next_report device 0000000000A74650/0x7fe9b40dd900 input report length 15:
00e4:trace:hid:deliver_next_report 00000000  20 01 02 00 00 03 30 00 00 00 0b 00 00 00 00
0124:trace:hid:hid_device_queue_input pdo 0000000000AA6768, packet 0000000002DFFEA0
00e4:trace:hid:process_hid_report device 0000000000A74650 report_buf 0000000000A49372 (0x20), report_len 0xf
00e4:trace:hid:deliver_next_report device 0000000000A74650/0x7fe9b40dd900 input report length 15:
00e4:trace:hid:deliver_next_report 00000000  20 01 02 00 00 02 20 00 00 00 1c 00 00 00 00
0124:trace:hid:hid_device_queue_input pdo 0000000000AA6768, packet 0000000002DFFEA0
00e4:trace:hid:process_hid_report device 0000000000A74650 report_buf 0000000000A49372 (0x20), report_len 0xf
00e4:trace:hid:deliver_next_report device 0000000000A74650/0x7fe9b40dd900 input report length 15:
00e4:trace:hid:deliver_next_report 00000000  20 01 02 00 00 03 30 00 00 00 0b 00 00 00 00
0124:trace:hid:hid_device_queue_input pdo 0000000000AA6768, packet 0000000002DFFEA0
00e4:trace:hid:process_hid_report device 0000000000A74650 report_buf 0000000000A49372 (0x20), report_len 0xf
00e4:trace:hid:deliver_next_report device 0000000000A74650/0x7fe9b40dd900 input report length 15:
00e4:trace:hid:deliver_next_report 00000000  20 01 02 00 00 04 30 00 00 00 0a 00 00 00 00
0124:trace:hid:hid_device_queue_input pdo 0000000000AA6768, packet 0000000002DFFEA0
00e4:trace:hid:process_hid_report device 0000000000A74650 report_buf 0000000000A49372 (0x20), report_len 0xf
00e4:trace:hid:deliver_next_report device 0000000000A74650/0x7fe9b40dd900 input report length 15:
00e4:trace:hid:deliver_next_report 00000000  20 01 02 00 00 03 30 00 00 00 0b 00 00 00 00
0124:trace:hid:hid_device_queue_input pdo 0000000000AA6768, packet 0000000002DFFEA0
00e4:trace:hid:process_hid_report device 0000000000A74650 report_buf 0000000000A49372 (0x20), report_len 0xf
00e4:trace:hid:deliver_next_report device 0000000000A74650/0x7fe9b40dd900 input report length 15:
00e4:trace:hid:deliver_next_report 00000000  20 01 02 00 00 04 20 00 00 00 1a 00 00 00 00
0124:trace:hid:hid_device_queue_input pdo 0000000000AA6768, packet 0000000002DFFEA0
00e4:trace:hid:process_hid_report device 0000000000A74650 report_buf 0000000000A49372 (0x20), report_len 0xf
00e4:trace:hid:deliver_next_report device 0000000000A74650/0x7fe9b40dd900 input report length 15:
00e4:trace:hid:deliver_next_report 00000000  20 01 02 00 00 03 30 00 00 00 0b 00 00 00 00
0124:trace:hid:hid_device_queue_input pdo 0000000000AA6768, packet 0000000002DFFEA0
00e4:trace:hid:process_hid_report device 0000000000A74650 report_buf 0000000000A49372 (0x20), report_len 0xf
00e4:trace:hid:deliver_next_report device 0000000000A74650/0x7fe9b40dd900 input report length 15:
00e4:trace:hid:deliver_next_report 00000000  20 01 02 00 00 05 40 00 00 00 f9 00 00 00 00
0124:trace:hid:hid_device_queue_input pdo 0000000000AA6768, packet 0000000002DFFEA0
00e4:trace:hid:process_hid_report device 0000000000A74650 report_buf 0000000000A49372 (0x20), report_len 0xf
00e4:trace:hid:deliver_next_report device 0000000000A74650/0x7fe9b40dd900 input report length 15:
00e4:trace:hid:deliver_next_report 00000000  20 01 02 00 00 03 30 00 00 00 0b 00 00 00 00
0124:trace:hid:hid_device_queue_input pdo 0000000000AA6768, packet 0000000002DFFEA0
00e4:trace:hid:process_hid_report device 0000000000A74650 report_buf 0000000000A49372 (0x20), report_len 0xf
00e4:trace:hid:deliver_next_report device 0000000000A74650/0x7fe9b40dd900 input report length 15:
00e4:trace:hid:deliver_next_report 00000000  20 01 02 00 00 05 40 00 00 00 f9 00 00 00 00
0124:trace:hid:hid_device_queue_input pdo 0000000000AA6768, packet 0000000002DFFEA0
00e4:trace:hid:process_hid_report device 0000000000A74650 report_buf 0000000000A49372 (0x20), report_len 0xf
00e4:trace:hid:deliver_next_report device 0000000000A74650/0x7fe9b40dd900 input report length 15:
00e4:trace:hid:deliver_next_report 00000000  20 01 02 00 00 03 30 00 00 00 0b 00 00 00 00
0124:trace:hid:hid_device_queue_input pdo 0000000000AA6768, packet 0000000002DFFEA0
00e4:trace:hid:process_hid_report device 0000000000A74650 report_buf 0000000000A49372 (0x20), report_len 0xf
00e4:trace:hid:deliver_next_report device 0000000000A74650/0x7fe9b40dd900 input report length 15:
00e4:trace:hid:deliver_next_report 00000000  20 01 02 00 00 05 40 00 00 00 f9 00 00 00 00
0124:trace:hid:hid_device_queue_input pdo 0000000000AA6768, packet 0000000002DFFEA0
00e4:trace:hid:process_hid_report device 0000000000A74650 report_buf 0000000000A49372 (0x20), report_len 0xf
00e4:trace:hid:deliver_next_report device 0000000000A74650/0x7fe9b40dd900 input report length 15:
00e4:trace:hid:deliver_next_report 00000000  20 01 02 00 00 03 40 00 00 00 fb 00 00 00 00
0124:trace:hid:hid_device_queue_input pdo 0000000000AA6768, packet 0000000002DFFEA0
00e4:trace:hid:process_hid_report device 0000000000A74650 report_buf 0000000000A49372 (0x20), report_len 0xf
00e4:trace:hid:deliver_next_report device 0000000000A74650/0x7fe9b40dd900 input report length 15:
00e4:trace:hid:deliver_next_report 00000000  20 01 02 00 00 02 40 00 00 00 fc 00 00 00 00
0124:trace:hid:hid_device_queue_input pdo 0000000000AA6768, packet 0000000002DFFEA0
00e4:trace:hid:process_hid_report device 0000000000A74650 report_buf 0000000000A49372 (0x20), report_len 0xf
00e4:trace:hid:deliver_next_report device 0000000000A74650/0x7fe9b40dd900 input report length 15:
00e4:trace:hid:deliver_next_report 00000000  20 01 02 00 00 02 30 00 00 00 0c 00 00 00 00
0124:trace:hid:hid_device_queue_input pdo 0000000000AA6768, packet 0000000002DFFEA0
00e4:trace:hid:process_hid_report device 0000000000A74650 report_buf 0000000000A49372 (0x20), report_len 0xf
00e4:trace:hid:deliver_next_report device 0000000000A74650/0x7fe9b40dd900 input report length 15:
00e4:trace:hid:deliver_next_report 00000000  20 01 02 00 00 02 40 00 00 00 fc 00 00 00 00
0124:trace:hid:hid_device_queue_input pdo 0000000000AA6768, packet 0000000002DFFEA0
00e4:trace:hid:process_hid_report device 0000000000A74650 report_buf 0000000000A49372 (0x20), report_len 0xf
00e4:trace:hid:deliver_next_report device 0000000000A74650/0x7fe9b40dd900 input report length 15:
00e4:trace:hid:deliver_next_report 00000000  20 01 02 00 00 02 50 00 00 00 ec 00 00 00 00
0124:trace:hid:hid_device_queue_input pdo 0000000000AA6768, packet 0000000002DFFEA0
00e4:trace:hid:process_hid_report device 0000000000A74650 report_buf 0000000000A49372 (0x20), report_len 0xf
00e4:trace:hid:deliver_next_report device 0000000000A74650/0x7fe9b40dd900 input report length 15:
00e4:trace:hid:deliver_next_report 00000000  20 01 02 00 00 02 50 00 00 00 ec 00 00 00 00
0124:trace:hid:hid_device_queue_input pdo 0000000000AA6768, packet 0000000002DFFEA0
00e4:trace:hid:process_hid_report device 0000000000A74650 report_buf 0000000000A49372 (0x20), report_len 0xf
00e4:trace:hid:deliver_next_report device 0000000000A74650/0x7fe9b40dd900 input report length 15:
00e4:trace:hid:deliver_next_report 00000000  20 01 02 00 00 02 40 00 00 00 fc 00 00 00 00
0124:trace:hid:hid_device_queue_input pdo 0000000000AA6768, packet 0000000002DFFEA0
00e4:trace:hid:process_hid_report device 0000000000A74650 report_buf 0000000000A49372 (0x20), report_len 0xf
00e4:trace:hid:deliver_next_report device 0000000000A74650/0x7fe9b40dd900 input report length 15:
00e4:trace:hid:deliver_next_report 00000000  20 01 02 00 00 01 50 00 00 00 ed 00 00 00 00
0124:trace:hid:hid_device_queue_input pdo 0000000000AA6768, packet 0000000002DFFEA0
00e4:trace:hid:process_hid_report device 0000000000A74650 report_buf 0000000000A49372 (0x20), report_len 0xf
00e4:trace:hid:deliver_next_report device 0000000000A74650/0x7fe9b40dd900 input report length 15:
00e4:trace:hid:deliver_next_report 00000000  20 01 02 00 00 03 30 00 00 00 0b 00 00 00 00
0124:trace:hid:hid_device_queue_input pdo 0000000000AA6768, packet 0000000002DFFEA0
00e4:trace:hid:process_hid_report device 0000000000A74650 report_buf 0000000000A49372 (0x20), report_len 0xf
00e4:trace:hid:deliver_next_report device 0000000000A74650/0x7fe9b40dd900 input report length 15:
00e4:trace:hid:deliver_next_report 00000000  20 01 02 00 00 00 30 00 00 00 0e 00 00 00 00
0124:trace:hid:hid_device_queue_input pdo 0000000000AA6768, packet 0000000002DFFEA0
00e4:trace:hid:process_hid_report device 0000000000A74650 report_buf 0000000000A49372 (0x20), report_len 0xf
00e4:trace:hid:deliver_next_report device 0000000000A74650/0x7fe9b40dd900 input report length 15:
00e4:trace:hid:deliver_next_report 00000000  20 01 02 00 00 00 30 00 00 00 0e 00 00 00 00
0124:trace:hid:hid_device_queue_input pdo 0000000000AA6768, packet 0000000002DFFEA0
00e4:trace:hid:process_hid_report device 0000000000A74650 report_buf 0000000000A49372 (0x20), report_len 0xf
00e4:trace:hid:deliver_next_report device 0000000000A74650/0x7fe9b40dd900 input report length 15:
00e4:trace:hid:deliver_next_report 00000000  20 01 02 00 00 01 50 00 00 00 ed 00 00 00 00
0124:trace:hid:hid_device_queue_input pdo 0000000000AA6768, packet 0000000002DFFEA0
00e4:trace:hid:process_hid_report device 0000000000A74650 report_buf 0000000000A49372 (0x20), report_len 0xf
00e4:trace:hid:deliver_next_report device 0000000000A74650/0x7fe9b40dd900 input report length 15:
00e4:trace:hid:deliver_next_report 00000000  20 01 02 00 00 00 30 00 00 00 0e 00 00 00 00
0124:trace:hid:hid_device_queue_input pdo 0000000000AA6768, packet 0000000002DFFEA0
00e4:trace:hid:process_hid_report device 0000000000A74650 report_buf 0000000000A49372 (0x20), report_len 0xf
00e4:trace:hid:deliver_next_report device 0000000000A74650/0x7fe9b40dd900 input report length 15:
00e4:trace:hid:deliver_next_report 00000000  20 01 02 00 00 00 40 00 00 00 fe 00 00 00 00
0124:trace:hid:hid_device_queue_input pdo 0000000000AA6768, packet 0000000002DFFEA0
00e4:trace:hid:process_hid_report device 0000000000A74650 report_buf 0000000000A49372 (0x20), report_len 0xf
00e4:trace:hid:deliver_next_report device 0000000000A74650/0x7fe9b40dd900 input report length 15:
00e4:trace:hid:deliver_next_report 00000000  20 01 02 00 00 01 10 00 00 00 2d 00 00 00 00
0124:trace:hid:hid_device_queue_input pdo 0000000000AA6768, packet 0000000002DFFEA0
00e4:trace:hid:process_hid_report device 0000000000A74650 report_buf 0000000000A49372 (0x20), report_len 0xf
00e4:trace:hid:deliver_next_report device 0000000000A74650/0x7fe9b40dd900 input report length 15:
00e4:trace:hid:deliver_next_report 00000000  20 01 02 00 00 01 30 00 00 00 0d 00 00 00 00
0124:trace:hid:hid_device_queue_input pdo 0000000000AA6768, packet 0000000002DFFEA0
00e4:trace:hid:process_hid_report device 0000000000A74650 report_buf 0000000000A49372 (0x20), report_len 0xf
00e4:trace:hid:deliver_next_report device 0000000000A74650/0x7fe9b40dd900 input report length 15:
00e4:trace:hid:deliver_next_report 00000000  20 01 02 00 00 00 20 00 00 00 1e 00 00 00 00
0124:trace:hid:hid_device_queue_input pdo 0000000000AA6768, packet 0000000002DFFEA0
00e4:trace:hid:process_hid_report device 0000000000A74650 report_buf 0000000000A49372 (0x20), report_len 0xf
00e4:trace:hid:deliver_next_report device 0000000000A74650/0x7fe9b40dd900 input report length 15:
00e4:trace:hid:deliver_next_report 00000000  20 01 02 00 00 02 30 00 00 00 0c 00 00 00 00
0124:trace:hid:hid_device_queue_input pdo 0000000000AA6768, packet 0000000002DFFEA0
00e4:trace:hid:process_hid_report device 0000000000A74650 report_buf 0000000000A49372 (0x20), report_len 0xf
00e4:trace:hid:deliver_next_report device 0000000000A74650/0x7fe9b40dd900 input report length 15:
00e4:trace:hid:deliver_next_report 00000000  20 01 02 00 00 00 20 00 00 00 1e 00 00 00 00
0124:trace:hid:hid_device_queue_input pdo 0000000000AA6768, packet 0000000002DFFEA0
00e4:trace:hid:process_hid_report device 0000000000A74650 report_buf 0000000000A49372 (0x20), report_len 0xf
00e4:trace:hid:deliver_next_report device 0000000000A74650/0x7fe9b40dd900 input report length 15:
00e4:trace:hid:deliver_next_report 00000000  20 01 02 00 00 01 10 00 00 00 2d 00 00 00 00
0124:trace:hid:hid_device_queue_input pdo 0000000000AA6768, packet 0000000002DFFEA0
00e4:trace:hid:process_hid_report device 0000000000A74650 report_buf 0000000000A49372 (0x20), report_len 0xf
00e4:trace:hid:deliver_next_report device 0000000000A74650/0x7fe9b40dd900 input report length 15:
00e4:trace:hid:deliver_next_report 00000000  20 01 02 01 00 02 30 00 00 00 0b 00 00 00 00
0124:trace:hid:hid_device_queue_input pdo 0000000000AA6768, packet 0000000002DFFEA0
00e4:trace:hid:process_hid_report device 0000000000A74650 report_buf 0000000000A49372 (0x20), report_len 0xf
00e4:trace:hid:deliver_next_report device 0000000000A74650/0x7fe9b40dd900 input report length 15:
00e4:trace:hid:deliver_next_report 00000000  20 01 02 01 00 01 20 00 00 00 1c 00 00 00 00
0124:trace:hid:hid_device_queue_input pdo 0000000000AA6768, packet 0000000002DFFEA0
00e4:trace:hid:process_hid_report device 0000000000A74650 report_buf 0000000000A49372 (0x20), report_len 0xf
00e4:trace:hid:deliver_next_report device 0000000000A74650/0x7fe9b40dd900 input report length 15:
00e4:trace:hid:deliver_next_report 00000000  20 01 02 01 00 02 40 00 00 00 fb 00 00 00 00
0124:trace:hid:hid_device_queue_input pdo 0000000000AA6768, packet 0000000002DFFEA0
00e4:trace:hid:process_hid_report device 0000000000A74650 report_buf 0000000000A49372 (0x20), report_len 0xf
00e4:trace:hid:deliver_next_report device 0000000000A74650/0x7fe9b40dd900 input report length 15:
00e4:trace:hid:deliver_next_report 00000000  20 01 02 01 00 01 20 00 00 00 1c 00 00 00 00
0124:trace:hid:hid_device_queue_input pdo 0000000000AA6768, packet 0000000002DFFEA0
00e4:trace:hid:process_hid_report device 0000000000A74650 report_buf 0000000000A49372 (0x20), report_len 0xf
00e4:trace:hid:deliver_next_report device 0000000000A74650/0x7fe9b40dd900 input report length 15:
00e4:trace:hid:deliver_next_report 00000000  20 01 02 01 00 02 30 00 00 00 0b 00 00 00 00
0124:trace:hid:hid_device_queue_input pdo 0000000000AA6768, packet 0000000002DFFEA0
00e4:trace:hid:process_hid_report device 0000000000A74650 report_buf 0000000000A49372 (0x20), report_len 0xf
00e4:trace:hid:deliver_next_report device 0000000000A74650/0x7fe9b40dd900 input report length 15:
00e4:trace:hid:deliver_next_report 00000000  20 01 02 01 00 01 30 00 00 00 0c 00 00 00 00
0124:trace:hid:hid_device_queue_input pdo 0000000000AA6768, packet 0000000002DFFEA0
00e4:trace:hid:process_hid_report device 0000000000A74650 report_buf 0000000000A49372 (0x20), report_len 0xf
00e4:trace:hid:deliver_next_report device 0000000000A74650/0x7fe9b40dd900 input report length 15:
00e4:trace:hid:deliver_next_report 00000000  20 01 02 01 00 02 40 00 00 00 fb 00 00 00 00
0124:trace:hid:hid_device_queue_input pdo 0000000000AA6768, packet 0000000002DFFEA0
00e4:trace:hid:process_hid_report device 0000000000A74650 report_buf 0000000000A49372 (0x20), report_len 0xf
00e4:trace:hid:deliver_next_report device 0000000000A74650/0x7fe9b40dd900 input report length 15:
00e4:trace:hid:deliver_next_report 00000000  20 01 02 01 00 01 30 00 00 00 0c 00 00 00 00
0124:trace:hid:hid_device_queue_input pdo 0000000000AA6768, packet 0000000002DFFEA0
00e4:trace:hid:process_hid_report device 0000000000A74650 report_buf 0000000000A49372 (0x20), report_len 0xf
00e4:trace:hid:deliver_next_report device 0000000000A74650/0x7fe9b40dd900 input report length 15:
00e4:trace:hid:deliver_next_report 00000000  20 01 02 01 00 02 40 00 00 00 fb 00 00 00 00
0124:trace:hid:hid_device_queue_input pdo 0000000000AA6768, packet 0000000002DFFEA0
00e4:trace:hid:process_hid_report device 0000000000A74650 report_buf 0000000000A49372 (0x20), report_len 0xf
00e4:trace:hid:deliver_next_report device 0000000000A74650/0x7fe9b40dd900 input report length 15:
00e4:trace:hid:deliver_next_report 00000000  20 01 02 01 00 02 30 00 00 00 0b 00 00 00 00
0124:trace:hid:hid_device_queue_input pdo 0000000000AA6768, packet 0000000002DFFEA0
00e4:trace:hid:process_hid_report device 0000000000A74650 report_buf 0000000000A49372 (0x20), report_len 0xf
00e4:trace:hid:deliver_next_report device 0000000000A74650/0x7fe9b40dd900 input report length 15:
00e4:trace:hid:deliver_next_report 00000000  20 01 02 01 00 03 50 00 00 00 ea 00 00 00 00
0124:trace:hid:hid_device_queue_input pdo 0000000000AA6768, packet 0000000002DFFEA0
00e4:trace:hid:process_hid_report device 0000000000A74650 report_buf 0000000000A49372 (0x20), report_len 0xf
00e4:trace:hid:deliver_next_report device 0000000000A74650/0x7fe9b40dd900 input report length 15:
00e4:trace:hid:deliver_next_report 00000000  20 01 02 01 00 03 30 00 00 00 0a 00 00 00 00
0124:trace:hid:hid_device_queue_input pdo 0000000000AA6768, packet 0000000002DFFEA0
00e4:trace:hid:process_hid_report device 0000000000A74650 report_buf 0000000000A49372 (0x20), report_len 0xf
00e4:trace:hid:deliver_next_report device 0000000000A74650/0x7fe9b40dd900 input report length 15:
00e4:trace:hid:deliver_next_report 00000000  20 01 02 01 00 04 50 00 00 00 e9 00 00 00 00
0124:trace:hid:hid_device_queue_input pdo 0000000000AA6768, packet 0000000002DFFEA0
00e4:trace:hid:process_hid_report device 0000000000A74650 report_buf 0000000000A49372 (0x20), report_len 0xf
00e4:trace:hid:deliver_next_report device 0000000000A74650/0x7fe9b40dd900 input report length 15:
00e4:trace:hid:deliver_next_report 00000000  20 01 02 01 00 04 50 00 00 00 e9 00 00 00 00
0124:trace:hid:hid_device_queue_input pdo 0000000000AA6768, packet 0000000002DFFEA0
00e4:trace:hid:process_hid_report device 0000000000A74650 report_buf 0000000000A49372 (0x20), report_len 0xf
00e4:trace:hid:deliver_next_report device 0000000000A74650/0x7fe9b40dd900 input report length 15:
00e4:trace:hid:deliver_next_report 00000000  20 01 02 01 00 03 40 00 00 00 fa 00 00 00 00
0124:trace:hid:hid_device_queue_input pdo 0000000000AA6768, packet 0000000002DFFEA0
00e4:trace:hid:process_hid_report device 0000000000A74650 report_buf 0000000000A49372 (0x20), report_len 0xf
00e4:trace:hid:deliver_next_report device 0000000000A74650/0x7fe9b40dd900 input report length 15:
00e4:trace:hid:deliver_next_report 00000000  20 01 02 01 00 04 50 00 00 00 e9 00 00 00 00
0124:trace:hid:hid_device_queue_input pdo 0000000000AA6768, packet 0000000002DFFEA0
00e4:trace:hid:process_hid_report device 0000000000A74650 report_buf 0000000000A49372 (0x20), report_len 0xf
00e4:trace:hid:deliver_next_report device 0000000000A74650/0x7fe9b40dd900 input report length 15:
00e4:trace:hid:deliver_next_report 00000000  20 01 02 01 00 05 50 00 00 00 e8 00 00 00 00
0124:trace:hid:hid_device_queue_input pdo 0000000000AA6768, packet 0000000002DFFEA0
00e4:trace:hid:process_hid_report device 0000000000A74650 report_buf 0000000000A49372 (0x20), report_len 0xf
00e4:trace:hid:deliver_next_report device 0000000000A74650/0x7fe9b40dd900 input report length 15:
00e4:trace:hid:deliver_next_report 00000000  20 01 02 01 00 06 60 00 00 00 d7 00 00 00 00
0124:trace:hid:hid_device_queue_input pdo 0000000000AA6768, packet 0000000002DFFEA0
00e4:trace:hid:process_hid_report device 0000000000A74650 report_buf 0000000000A49372 (0x20), report_len 0xf
00e4:trace:hid:deliver_next_report device 0000000000A74650/0x7fe9b40dd900 input report length 15:
00e4:trace:hid:deliver_next_report 00000000  20 01 02 01 00 05 50 00 00 00 e8 00 00 00 00
0124:trace:hid:hid_device_queue_input pdo 0000000000AA6768, packet 0000000002DFFEA0
00e4:trace:hid:process_hid_report device 0000000000A74650 report_buf 0000000000A49372 (0x20), report_len 0xf
00e4:trace:hid:deliver_next_report device 0000000000A74650/0x7fe9b40dd900 input report length 15:
00e4:trace:hid:deliver_next_report 00000000  20 01 02 01 00 05 50 00 00 00 e8 00 00 00 00
0124:trace:hid:hid_device_queue_input pdo 0000000000AA6768, packet 0000000002DFFEA0
00e4:trace:hid:process_hid_report device 0000000000A74650 report_buf 0000000000A49372 (0x20), report_len 0xf
00e4:trace:hid:deliver_next_report device 0000000000A74650/0x7fe9b40dd900 input report length 15:
00e4:trace:hid:deliver_next_report 00000000  20 01 02 01 00 05 40 00 00 00 f8 00 00 00 00
0124:trace:hid:hid_device_queue_input pdo 0000000000AA6768, packet 0000000002DFFEA0
00e4:trace:hid:process_hid_report device 0000000000A74650 report_buf 0000000000A49372 (0x20), report_len 0xf
00e4:trace:hid:deliver_next_report device 0000000000A74650/0x7fe9b40dd900 input report length 15:
00e4:trace:hid:deliver_next_report 00000000  20 01 02 01 00 03 30 00 00 00 0a 00 00 00 00
0124:trace:hid:hid_device_queue_input pdo 0000000000AA6768, packet 0000000002DFFEA0
00e4:trace:hid:process_hid_report device 0000000000A74650 report_buf 0000000000A49372 (0x20), report_len 0xf
00e4:trace:hid:deliver_next_report device 0000000000A74650/0x7fe9b40dd900 input report length 15:
00e4:trace:hid:deliver_next_report 00000000  20 01 02 01 00 03 30 00 00 00 0a 00 00 00 00
0124:trace:hid:hid_device_queue_input pdo 0000000000AA6768, packet 0000000002DFFEA0
00e4:trace:hid:process_hid_report device 0000000000A74650 report_buf 0000000000A49372 (0x20), report_len 0xf
00e4:trace:hid:deliver_next_report device 0000000000A74650/0x7fe9b40dd900 input report length 15:
00e4:trace:hid:deliver_next_report 00000000  20 01 02 01 00 03 30 00 00 00 0a 00 00 00 00
0124:trace:hid:hid_device_queue_input pdo 0000000000AA6768, packet 0000000002DFFEA0
00e4:trace:hid:process_hid_report device 0000000000A74650 report_buf 0000000000A49372 (0x20), report_len 0xf
00e4:trace:hid:deliver_next_report device 0000000000A74650/0x7fe9b40dd900 input report length 15:
00e4:trace:hid:deliver_next_report 00000000  20 01 02 01 00 03 30 00 00 00 0a 00 00 00 00
0124:trace:hid:hid_device_queue_input pdo 0000000000AA6768, packet 0000000002DFFEA0
00e4:trace:hid:process_hid_report device 0000000000A74650 report_buf 0000000000A49372 (0x20), report_len 0xf
00e4:trace:hid:deliver_next_report device 0000000000A74650/0x7fe9b40dd900 input report length 15:
00e4:trace:hid:deliver_next_report 00000000  20 01 02 01 00 01 10 00 00 00 2c 00 00 00 00
0124:trace:hid:hid_device_queue_input pdo 0000000000AA6768, packet 0000000002DFFEA0
00e4:trace:hid:process_hid_report device 0000000000A74650 report_buf 0000000000A49372 (0x20), report_len 0xf
00e4:trace:hid:deliver_next_report device 0000000000A74650/0x7fe9b40dd900 input report length 15:
00e4:trace:hid:deliver_next_report 00000000  20 01 02 01 00 01 10 00 00 00 2c 00 00 00 00
0124:trace:hid:hid_device_queue_input pdo 0000000000AA6768, packet 0000000002DFFEA0
00e4:trace:hid:process_hid_report device 0000000000A74650 report_buf 0000000000A49372 (0x20), report_len 0xf
00e4:trace:hid:deliver_next_report device 0000000000A74650/0x7fe9b40dd900 input report length 15:
00e4:trace:hid:deliver_next_report 00000000  20 01 02 01 00 01 10 00 00 00 2c 00 00 00 00
0124:trace:hid:hid_device_queue_input pdo 0000000000AA6768, packet 0000000002DFFEA0
00e4:trace:hid:process_hid_report device 0000000000A74650 report_buf 0000000000A49372 (0x20), report_len 0xf
00e4:trace:hid:deliver_next_report device 0000000000A74650/0x7fe9b40dd900 input report length 15:
00e4:trace:hid:deliver_next_report 00000000  20 01 02 00 00 00 00 00 00 00 3e 00 00 00 00
0124:trace:hid:hid_device_queue_input pdo 0000000000AA6768, packet 0000000002DFFEA0
00e4:trace:hid:process_hid_report device 0000000000A74650 report_buf 0000000000A49372 (0x20), report_len 0xf
00e4:trace:hid:deliver_next_report device 0000000000A74650/0x7fe9b40dd900 input report length 15:
00e4:trace:hid:deliver_next_report 00000000  20 01 02 00 00 00 e0 ff 00 00 5f 00 00 00 00
0124:trace:hid:hid_device_queue_input pdo 0000000000AA6768, packet 0000000002DFFEA0
00e4:trace:hid:process_hid_report device 0000000000A74650 report_buf 0000000000A49372 (0x20), report_len 0xf
00e4:trace:hid:deliver_next_report device 0000000000A74650/0x7fe9b40dd900 input report length 15:
00e4:trace:hid:deliver_next_report 00000000  20 01 02 00 00 fe bf ff 00 00 82 00 00 00 00
0124:trace:hid:hid_device_queue_input pdo 0000000000AA6768, packet 0000000002DFFEA0
00e4:trace:hid:process_hid_report device 0000000000A74650 report_buf 0000000000A49372 (0x20), report_len 0xf
00e4:trace:hid:deliver_next_report device 0000000000A74650/0x7fe9b40dd900 input report length 15:
00e4:trace:hid:deliver_next_report 00000000  20 01 02 00 00 fb af ff 00 00 95 00 00 00 00
0124:trace:hid:hid_device_queue_input pdo 0000000000AA6768, packet 0000000002DFFEA0
00e4:trace:hid:process_hid_report device 0000000000A74650 report_buf 0000000000A49372 (0x20), report_len 0xf
00e4:trace:hid:deliver_next_report device 0000000000A74650/0x7fe9b40dd900 input report length 15:
00e4:trace:hid:deliver_next_report 00000000  20 01 02 00 00 fa af ff 00 00 96 00 00 00 00
0124:trace:hid:hid_device_queue_input pdo 0000000000AA6768, packet 0000000002DFFEA0
00e4:trace:hid:process_hid_report device 0000000000A74650 report_buf 0000000000A49372 (0x20), report_len 0xf
00e4:trace:hid:deliver_next_report device 0000000000A74650/0x7fe9b40dd900 input report length 15:
00e4:trace:hid:deliver_next_report 00000000  20 01 02 00 00 fa 9f ff 00 00 a6 00 00 00 00
0124:trace:hid:hid_device_queue_input pdo 0000000000AA6768, packet 0000000002DFFEA0
00e4:trace:hid:process_hid_report device 0000000000A74650 report_buf 0000000000A49372 (0x20), report_len 0xf
00e4:trace:hid:deliver_next_report device 0000000000A74650/0x7fe9b40dd900 input report length 15:
00e4:trace:hid:deliver_next_report 00000000  20 01 02 00 00 f9 9f ff 00 00 a7 00 00 00 00
0124:trace:hid:hid_device_queue_input pdo 0000000000AA6768, packet 0000000002DFFEA0
00e4:trace:hid:process_hid_report device 0000000000A74650 report_buf 0000000000A49372 (0x20), report_len 0xf
00e4:trace:hid:deliver_next_report device 0000000000A74650/0x7fe9b40dd900 input report length 15:
00e4:trace:hid:deliver_next_report 00000000  20 01 02 00 00 f8 8f ff 00 00 b8 00 00 00 00
0124:trace:hid:hid_device_queue_input pdo 0000000000AA6768, packet 0000000002DFFEA0
00e4:trace:hid:process_hid_report device 0000000000A74650 report_buf 0000000000A49372 (0x20), report_len 0xf
00e4:trace:hid:deliver_next_report device 0000000000A74650/0x7fe9b40dd900 input report length 15:
00e4:trace:hid:deliver_next_report 00000000  20 01 02 00 00 f7 8f ff 00 00 b9 00 00 00 00
0124:trace:hid:hid_device_queue_input pdo 0000000000AA6768, packet 0000000002DFFEA0
00e4:trace:hid:process_hid_report device 0000000000A74650 report_buf 0000000000A49372 (0x20), report_len 0xf
00e4:trace:hid:deliver_next_report device 0000000000A74650/0x7fe9b40dd900 input report length 15:
00e4:trace:hid:deliver_next_report 00000000  20 01 02 00 00 f8 9f ff 00 00 a8 00 00 00 00
0124:trace:hid:hid_device_queue_input pdo 0000000000AA6768, packet 0000000002DFFEA0
00e4:trace:hid:process_hid_report device 0000000000A74650 report_buf 0000000000A49372 (0x20), report_len 0xf
00e4:trace:hid:deliver_next_report device 0000000000A74650/0x7fe9b40dd900 input report length 15:
00e4:trace:hid:deliver_next_report 00000000  20 01 02 00 00 f6 7f ff 00 00 ca 00 00 00 00
0124:trace:hid:hid_device_queue_input pdo 0000000000AA6768, packet 0000000002DFFEA0
00e4:trace:hid:process_hid_report device 0000000000A74650 report_buf 0000000000A49372 (0x20), report_len 0xf
00e4:trace:hid:deliver_next_report device 0000000000A74650/0x7fe9b40dd900 input report length 15:
00e4:trace:hid:deliver_next_report 00000000  20 01 02 00 00 f4 8f ff 00 00 bc 00 00 00 00
0124:trace:hid:hid_device_queue_input pdo 0000000000AA6768, packet 0000000002DFFEA0
00e4:trace:hid:process_hid_report device 0000000000A74650 report_buf 0000000000A49372 (0x20), report_len 0xf
00e4:trace:hid:deliver_next_report device 0000000000A74650/0x7fe9b40dd900 input report length 15:
00e4:trace:hid:deliver_next_report 00000000  20 01 02 00 00 f7 9f ff 00 00 a9 00 00 00 00
0124:trace:hid:hid_device_queue_input pdo 0000000000AA6768, packet 0000000002DFFEA0
00e4:trace:hid:process_hid_report device 0000000000A74650 report_buf 0000000000A49372 (0x20), report_len 0xf
00e4:trace:hid:deliver_next_report device 0000000000A74650/0x7fe9b40dd900 input report length 15:
00e4:trace:hid:deliver_next_report 00000000  20 01 02 00 00 f5 9f ff 00 00 ab 00 00 00 00
0124:trace:hid:hid_device_queue_input pdo 0000000000AA6768, packet 0000000002DFFEA0
00e4:trace:hid:process_hid_report device 0000000000A74650 report_buf 0000000000A49372 (0x20), report_len 0xf
00e4:trace:hid:deliver_next_report device 0000000000A74650/0x7fe9b40dd900 input report length 15:
00e4:trace:hid:deliver_next_report 00000000  20 01 02 00 00 f6 9f ff 00 00 aa 00 00 00 00
0124:trace:hid:hid_device_queue_input pdo 0000000000AA6768, packet 0000000002DFFEA0
00e4:trace:hid:process_hid_report device 0000000000A74650 report_buf 0000000000A49372 (0x20), report_len 0xf
00e4:trace:hid:deliver_next_report device 0000000000A74650/0x7fe9b40dd900 input report length 15:
00e4:trace:hid:deliver_next_report 00000000  20 01 02 00 00 f7 af ff 00 00 99 00 00 00 00
0124:trace:hid:hid_device_queue_input pdo 0000000000AA6768, packet 0000000002DFFEA0
00e4:trace:hid:process_hid_report device 0000000000A74650 report_buf 0000000000A49372 (0x20), report_len 0xf
00e4:trace:hid:deliver_next_report device 0000000000A74650/0x7fe9b40dd900 input report length 15:
00e4:trace:hid:deliver_next_report 00000000  20 01 02 00 00 f8 af ff 00 00 98 00 00 00 00
0124:trace:hid:hid_device_queue_input pdo 0000000000AA6768, packet 0000000002DFFEA0
00e4:trace:hid:process_hid_report device 0000000000A74650 report_buf 0000000000A49372 (0x20), report_len 0xf
00e4:trace:hid:deliver_next_report device 0000000000A74650/0x7fe9b40dd900 input report length 15:
00e4:trace:hid:deliver_next_report 00000000  20 01 02 00 00 f8 bf ff 00 00 88 00 00 00 00
0124:trace:hid:hid_device_queue_input pdo 0000000000AA6768, packet 0000000002DFFEA0
00e4:trace:hid:process_hid_report device 0000000000A74650 report_buf 0000000000A49372 (0x20), report_len 0xf
00e4:trace:hid:deliver_next_report device 0000000000A74650/0x7fe9b40dd900 input report length 15:
00e4:trace:hid:deliver_next_report 00000000  20 01 02 00 00 fa cf ff 00 00 76 00 00 00 00
0124:trace:hid:hid_device_queue_input pdo 0000000000AA6768, packet 0000000002DFFEA0
00e4:trace:hid:process_hid_report device 0000000000A74650 report_buf 0000000000A49372 (0x20), report_len 0xf
00e4:trace:hid:deliver_next_report device 0000000000A74650/0x7fe9b40dd900 input report length 15:
00e4:trace:hid:deliver_next_report 00000000  20 01 02 00 00 fb cf ff 00 00 75 00 00 00 00
0124:trace:hid:hid_device_queue_input pdo 0000000000AA6768, packet 0000000002DFFEA0
00e4:trace:hid:process_hid_report device 0000000000A74650 report_buf 0000000000A49372 (0x20), report_len 0xf
00e4:trace:hid:deliver_next_report device 0000000000A74650/0x7fe9b40dd900 input report length 15:
00e4:trace:hid:deliver_next_report 00000000  20 01 02 00 00 fc df ff 00 00 64 00 00 00 00
0124:trace:hid:hid_device_queue_input pdo 0000000000AA6768, packet 0000000002DFFEA0
00e4:trace:hid:process_hid_report device 0000000000A74650 report_buf 0000000000A49372 (0x20), report_len 0xf
00e4:trace:hid:deliver_next_report device 0000000000A74650/0x7fe9b40dd900 input report length 15:
00e4:trace:hid:deliver_next_report 00000000  20 01 02 00 00 fb df ff 00 00 65 00 00 00 00
0124:trace:hid:hid_device_queue_input pdo 0000000000AA6768, packet 0000000002DFFEA0
00e4:trace:hid:process_hid_report device 0000000000A74650 report_buf 0000000000A49372 (0x20), report_len 0xf
00e4:trace:hid:deliver_next_report device 0000000000A74650/0x7fe9b40dd900 input report length 15:
00e4:trace:hid:deliver_next_report 00000000  20 01 02 00 00 ff ff ff 00 00 41 00 00 00 00
0124:trace:hid:hid_device_queue_input pdo 0000000000AA6768, packet 0000000002DFFEA0
00e4:trace:hid:process_hid_report device 0000000000A74650 report_buf 0000000000A49372 (0x20), report_len 0xf
00e4:trace:hid:deliver_next_report device 0000000000A74650/0x7fe9b40dd900 input report length 15:
00e4:trace:hid:deliver_next_report 00000000  20 01 02 00 00 fd df ff 00 00 63 00 00 00 00
0124:trace:hid:hid_device_queue_input pdo 0000000000AA6768, packet 0000000002DFFEA0
00e4:trace:hid:process_hid_report device 0000000000A74650 report_buf 0000000000A49372 (0x20), report_len 0xf
00e4:trace:hid:deliver_next_report device 0000000000A74650/0x7fe9b40dd900 input report length 15:
00e4:trace:hid:deliver_next_report 00000000  20 01 02 00 00 00 f0 ff 00 00 4f 00 00 00 00
0124:trace:hid:hid_device_queue_input pdo 0000000000AA6768, packet 0000000002DFFEA0
00e4:trace:hid:process_hid_report device 0000000000A74650 report_buf 0000000000A49372 (0x20), report_len 0xf
00e4:trace:hid:deliver_next_report device 0000000000A74650/0x7fe9b40dd900 input report length 15:
00e4:trace:hid:deliver_next_report 00000000  20 01 02 00 00 ff ff ff 00 00 41 00 00 00 00
0124:trace:hid:hid_device_queue_input pdo 0000000000AA6768, packet 0000000002DFFEA0
00e4:trace:hid:process_hid_report device 0000000000A74650 report_buf 0000000000A49372 (0x20), report_len 0xf
00e4:trace:hid:deliver_next_report device 0000000000A74650/0x7fe9b40dd900 input report length 15:
00e4:trace:hid:deliver_next_report 00000000  20 01 02 00 00 fe ff ff 00 00 42 00 00 00 00
0124:trace:hid:hid_device_queue_input pdo 0000000000AA6768, packet 0000000002DFFEA0
00e4:trace:hid:process_hid_report device 0000000000A717A0 report_buf 0000000000A49372 (0x7), report_len 0x20
00e4:trace:hid:deliver_next_report device 0000000000A717A0/0x7fe9b4080f00 input report length 32:
00e4:trace:hid:deliver_next_report 00000000  07 01 02 fe 31 0c 00 08 78 0b 00 20 c9 8d 00 08
00e4:trace:hid:deliver_next_report 00000010  e3 0a f6 f3 e8 03 00 00 20 66 3d 0a 02 00 00 00
011c:trace:hid:hid_device_queue_input pdo 0000000000A95218, packet 00000000029FFEA0
00e4:trace:hid:process_hid_report device 0000000000A74650 report_buf 0000000000A49372 (0x20), report_len 0xf
00e4:trace:hid:deliver_next_report device 0000000000A74650/0x7fe9b40dd900 input report length 15:
00e4:trace:hid:deliver_next_report 00000000  20 01 02 00 00 ff ef ff 00 00 51 00 00 00 00
0124:trace:hid:hid_device_queue_input pdo 0000000000AA6768, packet 0000000002DFFEA0
00e4:trace:hid:process_hid_report device 0000000000A74650 report_buf 0000000000A49372 (0x20), report_len 0xf
00e4:trace:hid:deliver_next_report device 0000000000A74650/0x7fe9b40dd900 input report length 15:
00e4:trace:hid:deliver_next_report 00000000  20 01 02 00 00 fe df ff 00 00 62 00 00 00 00
0124:trace:hid:hid_device_queue_input pdo 0000000000AA6768, packet 0000000002DFFEA0
00e4:trace:hid:process_hid_report device 0000000000A74650 report_buf 0000000000A49372 (0x20), report_len 0xf
00e4:trace:hid:deliver_next_report device 0000000000A74650/0x7fe9b40dd900 input report length 15:
00e4:trace:hid:deliver_next_report 00000000  20 01 02 00 00 fe cf ff 00 00 72 00 00 00 00
0124:trace:hid:hid_device_queue_input pdo 0000000000AA6768, packet 0000000002DFFEA0
00e4:trace:hid:process_hid_report device 0000000000A74650 report_buf 0000000000A49372 (0x20), report_len 0xf
00e4:trace:hid:deliver_next_report device 0000000000A74650/0x7fe9b40dd900 input report length 15:
00e4:trace:hid:deliver_next_report 00000000  20 01 02 00 00 fe df ff 00 00 62 00 00 00 00
0124:trace:hid:hid_device_queue_input pdo 0000000000AA6768, packet 0000000002DFFEA0
00e4:trace:hid:process_hid_report device 0000000000A74650 report_buf 0000000000A49372 (0x20), report_len 0xf
00e4:trace:hid:deliver_next_report device 0000000000A74650/0x7fe9b40dd900 input report length 15:
00e4:trace:hid:deliver_next_report 00000000  20 01 02 00 00 ff ef ff 00 00 51 00 00 00 00
0124:trace:hid:hid_device_queue_input pdo 0000000000AA6768, packet 0000000002DFFEA0
00e4:trace:hid:process_hid_report device 0000000000A74650 report_buf 0000000000A49372 (0x20), report_len 0xf
00e4:trace:hid:deliver_next_report device 0000000000A74650/0x7fe9b40dd900 input report length 15:
00e4:trace:hid:deliver_next_report 00000000  20 01 02 00 00 fe df ff 00 00 62 00 00 00 00
0124:trace:hid:hid_device_queue_input pdo 0000000000AA6768, packet 0000000002DFFEA0
00e4:trace:hid:process_hid_report device 0000000000A74650 report_buf 0000000000A49372 (0x20), report_len 0xf
00e4:trace:hid:deliver_next_report device 0000000000A74650/0x7fe9b40dd900 input report length 15:
00e4:trace:hid:deliver_next_report 00000000  20 01 02 00 00 00 f0 ff 00 00 4f 00 00 00 00
0124:trace:hid:hid_device_queue_input pdo 0000000000AA6768, packet 0000000002DFFEA0
00e4:trace:hid:process_hid_report device 0000000000A74650 report_buf 0000000000A49372 (0x20), report_len 0xf
00e4:trace:hid:deliver_next_report device 0000000000A74650/0x7fe9b40dd900 input report length 15:
00e4:trace:hid:deliver_next_report 00000000  20 01 02 00 00 fe cf ff 00 00 72 00 00 00 00
0124:trace:hid:hid_device_queue_input pdo 0000000000AA6768, packet 0000000002DFFEA0
00e4:trace:hid:process_hid_report device 0000000000A74650 report_buf 0000000000A49372 (0x20), report_len 0xf
00e4:trace:hid:deliver_next_report device 0000000000A74650/0x7fe9b40dd900 input report length 15:
00e4:trace:hid:deliver_next_report 00000000  20 01 02 00 00 fe df ff 00 00 62 00 00 00 00
0124:trace:hid:hid_device_queue_input pdo 0000000000AA6768, packet 0000000002DFFEA0
00e4:trace:hid:process_hid_report device 0000000000A74650 report_buf 0000000000A49372 (0x20), report_len 0xf
00e4:trace:hid:deliver_next_report device 0000000000A74650/0x7fe9b40dd900 input report length 15:
00e4:trace:hid:deliver_next_report 00000000  20 01 02 00 00 00 e0 ff 00 00 5f 00 00 00 00
0124:trace:hid:hid_device_queue_input pdo 0000000000AA6768, packet 0000000002DFFEA0
00e4:trace:hid:process_hid_report device 0000000000A74650 report_buf 0000000000A49372 (0x20), report_len 0xf
00e4:trace:hid:deliver_next_report device 0000000000A74650/0x7fe9b40dd900 input report length 15:
00e4:trace:hid:deliver_next_report 00000000  20 01 02 00 00 fe df ff 00 00 62 00 00 00 00
0124:trace:hid:hid_device_queue_input pdo 0000000000AA6768, packet 0000000002DFFEA0
00e4:trace:hid:process_hid_report device 0000000000A74650 report_buf 0000000000A49372 (0x20), report_len 0xf
00e4:trace:hid:deliver_next_report device 0000000000A74650/0x7fe9b40dd900 input report length 15:
00e4:trace:hid:deliver_next_report 00000000  20 01 02 00 00 ff ff ff 00 00 41 00 00 00 00
0124:trace:hid:hid_device_queue_input pdo 0000000000AA6768, packet 0000000002DFFEA0
00e4:trace:hid:process_hid_report device 0000000000A74650 report_buf 0000000000A49372 (0x20), report_len 0xf
00e4:trace:hid:deliver_next_report device 0000000000A74650/0x7fe9b40dd900 input report length 15:
00e4:trace:hid:deliver_next_report 00000000  20 01 02 00 00 ff ef ff 00 00 51 00 00 00 00
0124:trace:hid:hid_device_queue_input pdo 0000000000AA6768, packet 0000000002DFFEA0
00e4:trace:hid:process_hid_report device 0000000000A74650 report_buf 0000000000A49372 (0x20), report_len 0xf
00e4:trace:hid:deliver_next_report device 0000000000A74650/0x7fe9b40dd900 input report length 15:
00e4:trace:hid:deliver_next_report 00000000  20 01 02 00 00 ff ff ff 00 00 41 00 00 00 00
0124:trace:hid:hid_device_queue_input pdo 0000000000AA6768, packet 0000000002DFFEA0
00e4:trace:hid:process_hid_report device 0000000000A74650 report_buf 0000000000A49372 (0x20), report_len 0xf
00e4:trace:hid:deliver_next_report device 0000000000A74650/0x7fe9b40dd900 input report length 15:
00e4:trace:hid:deliver_next_report 00000000  20 01 02 00 00 ff ff ff 00 00 41 00 00 00 00
0124:trace:hid:hid_device_queue_input pdo 0000000000AA6768, packet 0000000002DFFEA0
00e4:trace:hid:process_hid_report device 0000000000A74650 report_buf 0000000000A49372 (0x20), report_len 0xf
00e4:trace:hid:deliver_next_report device 0000000000A74650/0x7fe9b40dd900 input report length 15:
00e4:trace:hid:deliver_next_report 00000000  20 01 02 00 00 00 f0 ff 00 00 4f 00 00 00 00
0124:trace:hid:hid_device_queue_input pdo 0000000000AA6768, packet 0000000002DFFEA0
00e4:trace:hid:process_hid_report device 0000000000A74650 report_buf 0000000000A49372 (0x20), report_len 0xf
00e4:trace:hid:deliver_next_report device 0000000000A74650/0x7fe9b40dd900 input report length 15:
00e4:trace:hid:deliver_next_report 00000000  20 01 02 01 00 00 00 00 00 00 3d 00 00 00 00
0124:trace:hid:hid_device_queue_input pdo 0000000000AA6768, packet 0000000002DFFEA0
00e4:trace:hid:process_hid_report device 0000000000A74650 report_buf 0000000000A49372 (0x20), report_len 0xf
00e4:trace:hid:deliver_next_report device 0000000000A74650/0x7fe9b40dd900 input report length 15:
00e4:trace:hid:deliver_next_report 00000000  20 01 02 00 00 00 00 00 00 00 3e 00 00 00 00
0124:trace:hid:hid_device_queue_input pdo 0000000000AA6768, packet 0000000002DFFEA0
00e4:trace:hid:process_hid_report device 0000000000A74650 report_buf 0000000000A49372 (0x20), report_len 0xf
00e4:trace:hid:deliver_next_report device 0000000000A74650/0x7fe9b40dd900 input report length 15:
00e4:trace:hid:deliver_next_report 00000000  20 01 02 00 00 00 f0 ff 00 00 4f 00 00 00 00
0124:trace:hid:hid_device_queue_input pdo 0000000000AA6768, packet 0000000002DFFEA0
00e4:trace:hid:process_hid_report device 0000000000A74650 report_buf 0000000000A49372 (0x20), report_len 0xf
00e4:trace:hid:deliver_next_report device 0000000000A74650/0x7fe9b40dd900 input report length 15:
00e4:trace:hid:deliver_next_report 00000000  20 01 02 00 00 ff df ff 00 00 61 00 00 00 00
0124:trace:hid:hid_device_queue_input pdo 0000000000AA6768, packet 0000000002DFFEA0
00e4:trace:hid:process_hid_report device 0000000000A74650 report_buf 0000000000A49372 (0x20), report_len 0xf
00e4:trace:hid:deliver_next_report device 0000000000A74650/0x7fe9b40dd900 input report length 15:
00e4:trace:hid:deliver_next_report 00000000  20 01 02 00 00 ff ff ff 00 00 41 00 00 00 00
0124:trace:hid:hid_device_queue_input pdo 0000000000AA6768, packet 0000000002DFFEA0
00e4:trace:hid:process_hid_report device 0000000000A74650 report_buf 0000000000A49372 (0x20), report_len 0xf
00e4:trace:hid:deliver_next_report device 0000000000A74650/0x7fe9b40dd900 input report length 15:
00e4:trace:hid:deliver_next_report 00000000  20 01 02 00 00 ff cf ff 00 00 71 00 00 00 00
0124:trace:hid:hid_device_queue_input pdo 0000000000AA6768, packet 0000000002DFFEA0
00e4:trace:hid:process_hid_report device 0000000000A74650 report_buf 0000000000A49372 (0x20), report_len 0xf
00e4:trace:hid:deliver_next_report device 0000000000A74650/0x7fe9b40dd900 input report length 15:
00e4:trace:hid:deliver_next_report 00000000  20 01 02 00 00 00 e0 ff 00 00 5f 00 00 00 00
0124:trace:hid:hid_device_queue_input pdo 0000000000AA6768, packet 0000000002DFFEA0
00e4:trace:hid:process_hid_report device 0000000000A74650 report_buf 0000000000A49372 (0x20), report_len 0xf
00e4:trace:hid:deliver_next_report device 0000000000A74650/0x7fe9b40dd900 input report length 15:
00e4:trace:hid:deliver_next_report 00000000  20 01 02 00 00 ff ef ff 00 00 51 00 00 00 00
0124:trace:hid:hid_device_queue_input pdo 0000000000AA6768, packet 0000000002DFFEA0
00e4:trace:hid:process_hid_report device 0000000000A74650 report_buf 0000000000A49372 (0x20), report_len 0xf
00e4:trace:hid:deliver_next_report device 0000000000A74650/0x7fe9b40dd900 input report length 15:
00e4:trace:hid:deliver_next_report 00000000  20 01 02 00 00 00 e0 ff 00 00 5f 00 00 00 00
0124:trace:hid:hid_device_queue_input pdo 0000000000AA6768, packet 0000000002DFFEA0
00e4:trace:hid:process_hid_report device 0000000000A74650 report_buf 0000000000A49372 (0x20), report_len 0xf
00e4:trace:hid:deliver_next_report device 0000000000A74650/0x7fe9b40dd900 input report length 15:
00e4:trace:hid:deliver_next_report 00000000  20 01 02 00 00 00 f0 ff 00 00 4f 00 00 00 00
0124:trace:hid:hid_device_queue_input pdo 0000000000AA6768, packet 0000000002DFFEA0
00e4:trace:hid:process_hid_report device 0000000000A74650 report_buf 0000000000A49372 (0x20), report_len 0xf
00e4:trace:hid:deliver_next_report device 0000000000A74650/0x7fe9b40dd900 input report length 15:
00e4:trace:hid:deliver_next_report 00000000  20 01 02 01 00 00 00 00 00 00 3d 00 00 00 00
0124:trace:hid:hid_device_queue_input pdo 0000000000AA6768, packet 0000000002DFFEA0
0150:trace:dinput:DirectInput8Create hinst 0000000140000000, version 0x800, iid {bf798031-483a-4da2-aa99-5d64ed369700}, out 000000000031E108, outer 0000000000000000.
0150:trace:dinput:dinput7_QueryInterface iface 0000000000391A68, iid {bf798031-483a-4da2-aa99-5d64ed369700}, out 000000000031E108.
0150:trace:dinput:dinput7_AddRef iface 0000000000391A68 increasing refcount to 2.
0150:trace:dinput:dinput7_Release iface 0000000000391A68 decreasing refcount to 1.
0150:trace:dinput:dinput8_Initialize iface 0000000000391A78, hinst 0000000140000000, version 0x800.
0150:trace:dinput:dinput8_EnumDevices iface 0000000000391A78, type 0x4, callback 00006FFFFE293130, context 0000000000391A78, flags 0x1.
0150:trace:dinput:hid_joystick_enum_device type 0x4, flags 0x1, instance 000000000031DC20, version 0x800, index 0
0150:trace:dinput:hid_joystick_device_open index 0, guid {00000000-0000-0000-0000-000000000000}
0150:trace:hid:HidD_GetHidGuid guid 000000000031D3D0.
0150:trace:hid:HidD_GetPreparsedData file 00000000000000A0, preparsed_data 000000000031B7C8.
00b8:trace:hid:pdo_create Open handle on device 0000000000A8B900
00b8:trace:hid:pdo_ioctl device 0000000000A8B900 code 0xb01a8
00b8:trace:hid:pdo_ioctl device 0000000000A8B900 code 0xb0193
0150:trace:hid:HidD_GetAttributes file 00000000000000A0, attributes 000000000031D904.
00b8:trace:hid:pdo_ioctl device 0000000000A8B900 code 0xb01a8
0150:trace:hid:HidP_GetCaps preparsed_data 00000000003ACEF0, caps 000000000031D920.
0150:fixme:dinput:hid_joystick_device_try_open device usage 000c:0001 not implemented!
0150:trace:hid:HidD_FreePreparsedData preparsed_data 00000000003ACEF0.
00b8:trace:hid:pdo_close Close handle on device 0000000000A8B900
0150:trace:hid:HidD_GetPreparsedData file 00000000000000A0, preparsed_data 000000000031B7C8.
00b8:trace:hid:pdo_create Open handle on device 0000000000A8BE80
00b8:trace:hid:pdo_ioctl device 0000000000A8BE80 code 0xb01a8
00b8:trace:hid:pdo_ioctl device 0000000000A8BE80 code 0xb0193
0150:trace:hid:HidD_GetAttributes file 00000000000000A0, attributes 000000000031D904.
00b8:trace:hid:pdo_ioctl device 0000000000A8BE80 code 0xb01a8
0150:trace:hid:HidP_GetCaps preparsed_data 00000000003A3200, caps 000000000031D920.
0150:fixme:dinput:hid_joystick_device_try_open device usage ffc0:0001 not implemented!
0150:trace:hid:HidD_FreePreparsedData preparsed_data 00000000003A3200.
00b8:trace:hid:pdo_close Close handle on device 0000000000A8BE80
0150:trace:hid:HidD_GetPreparsedData file 00000000000000A0, preparsed_data 000000000031B7C8.
00b8:trace:hid:pdo_create Open handle on device 0000000000A8C400
00b8:trace:hid:pdo_ioctl device 0000000000A8C400 code 0xb01a8
00b8:trace:hid:pdo_ioctl device 0000000000A8C400 code 0xb0193
0150:trace:hid:HidD_GetAttributes file 00000000000000A0, attributes 000000000031D904.
00b8:trace:hid:pdo_ioctl device 0000000000A8C400 code 0xb01a8
0150:trace:hid:HidP_GetCaps preparsed_data 00000000003ACEF0, caps 000000000031D920.
0150:fixme:dinput:hid_joystick_device_try_open device usage ff90:0303 not implemented!
0150:trace:hid:HidD_FreePreparsedData preparsed_data 00000000003ACEF0.
00b8:trace:hid:pdo_close Close handle on device 0000000000A8C400
0150:trace:hid:HidD_GetPreparsedData file 00000000000000A0, preparsed_data 000000000031B7C8.
00b8:trace:hid:pdo_create Open handle on device 0000000000A8C980
00b8:trace:hid:pdo_ioctl device 0000000000A8C980 code 0xb01a8
00b8:trace:hid:pdo_ioctl device 0000000000A8C980 code 0xb0193
0150:trace:hid:HidD_GetAttributes file 00000000000000A0, attributes 000000000031D904.
00b8:trace:hid:pdo_ioctl device 0000000000A8C980 code 0xb01a8
