0150:trace:hid:HidD_GetAttributes file 0000000000000088, attributes 000000000031D3B4.
00b8:trace:hid:pdo_ioctl device 0000000000A9E550 code 0xb01a8
0150:trace:hid:HidP_GetCaps preparsed_data 000000000039EE30, caps 000000000039DC74.
0150:fixme:dinput:hid_joystick_device_try_open device usage 0001:0080 not implemented!
0150:trace:hid:HidD_FreePreparsedData preparsed_data 000000000039EE30.
00b8:trace:hid:pdo_close Close handle on device 0000000000A9E550
0150:trace:hid:HidD_GetPreparsedData file 0000000000000088, preparsed_data 000000000031B288.
00b8:trace:hid:pdo_create Open handle on device 0000000000A9EAD0
00b8:trace:hid:pdo_ioctl device 0000000000A9EAD0 code 0xb01a8
00b8:trace:hid:pdo_ioctl device 0000000000A9EAD0 code 0xb0193
0150:trace:hid:HidD_GetAttributes file 0000000000000088, attributes 000000000031D3B4.
00b8:trace:hid:pdo_ioctl device 0000000000A9EAD0 code 0xb01a8
0150:trace:hid:HidP_GetCaps preparsed_data 000000000039EE30, caps 000000000039DC74.
0150:fixme:dinput:hid_joystick_device_try_open device usage 000c:0001 not implemented!
0150:trace:hid:HidD_FreePreparsedData preparsed_data 000000000039EE30.
00b8:trace:hid:pdo_close Close handle on device 0000000000A9EAD0
0150:trace:hid:HidD_GetPreparsedData file 0000000000000088, preparsed_data 000000000031B288.
00b8:trace:hid:pdo_create Open handle on device 0000000000A9F050
00b8:trace:hid:pdo_ioctl device 0000000000A9F050 code 0xb01a8
00b8:trace:hid:pdo_ioctl device 0000000000A9F050 code 0xb0193
0150:trace:hid:HidD_GetAttributes file 0000000000000088, attributes 000000000031D3B4.
00b8:trace:hid:pdo_ioctl device 0000000000A9F050 code 0xb01a8
0150:trace:hid:HidP_GetCaps preparsed_data 000000000039EE30, caps 000000000039DC74.
0150:trace:hid:HidD_FreePreparsedData preparsed_data 000000000039EE30.
00b8:trace:hid:pdo_close Close handle on device 0000000000A9F050
0150:trace:hid:HidD_GetPreparsedData file 0000000000000088, preparsed_data 000000000031B288.
00b8:trace:hid:pdo_create Open handle on device 0000000000A5F470
00b8:trace:hid:pdo_ioctl device 0000000000A5F470 code 0xb01a8
00b8:trace:hid:pdo_ioctl device 0000000000A5F470 code 0xb0193
0150:trace:hid:HidD_GetAttributes file 0000000000000088, attributes 000000000031D3B4.
00b8:trace:hid:pdo_ioctl device 0000000000A5F470 code 0xb01a8
0150:trace:hid:HidP_GetCaps preparsed_data 000000000039DFD0, caps 000000000039DC74.
0150:trace:hid:HidD_GetProductString file 0000000000000088, buffer 000000000039D138, buffer_len 520.
00b8:trace:hid:pdo_ioctl device 0000000000A5F470 code 0xb01be
00b8:trace:hid:hid_internal_dispatch IOCTL_HID_GET_STRING[00000002]
0150:trace:hid:HidD_GetProductString file 0000000000000088, buffer 000000000039D340, buffer_len 520.
00b8:trace:hid:pdo_ioctl device 0000000000A5F470 code 0xb01be
00b8:trace:hid:hid_internal_dispatch IOCTL_HID_GET_STRING[00000002]
00b8:trace:hid:pdo_ioctl device 0000000000A5F470 code 0xb04b0
0150:trace:hid:HidP_GetLinkCollectionNodes nodes 000000000031B5B0, nodes_len 000000000031B280, preparsed_data 000000000039DFD0.
0150:trace:hid:HidP_GetSpecificButtonCaps report_type 1, usage_page 15, collection 0, usage 154, caps 000000000031B2E0, caps_count 000000000031B27A, preparsed_data 000000000039DFD0.
0150:trace:hid:HidP_GetSpecificButtonCaps report_type 0, usage_page 9, collection 0, usage 0, caps 000000000031B2E0, caps_count 000000000031B27A, preparsed_data 000000000039DFD0.
0150:trace:hid:HidP_GetSpecificValueCaps report_type 0, usage_page 1, collection 0, usage 48, caps 000000000031B290, caps_count 000000000031B27A, preparsed_data 000000000039DFD0.
0150:trace:hid:HidP_GetSpecificValueCaps report_type 0, usage_page 1, collection 0, usage 49, caps 000000000031B290, caps_count 000000000031B27A, preparsed_data 000000000039DFD0.
0150:trace:hid:HidP_GetSpecificValueCaps report_type 0, usage_page 2, collection 0, usage 200, caps 000000000031B290, caps_count 000000000031B27A, preparsed_data 000000000039DFD0.
0150:trace:hid:HidP_GetSpecificValueCaps report_type 0, usage_page 1, collection 0, usage 50, caps 000000000031B290, caps_count 000000000031B27A, preparsed_data 000000000039DFD0.
0150:trace:hid:HidP_GetSpecificValueCaps report_type 0, usage_page 1, collection 0, usage 57, caps 000000000031B290, caps_count 000000000031B27A, preparsed_data 000000000039DFD0.
0150:trace:dinput:hid_joystick_device_try_open detected device type 0x10114
0150:trace:hid:HidP_MaxUsageListLength report_type 0, usage_page 0, preparsed_data 000000000039DFD0.
0150:trace:dinput:hid_joystick_create_device device control id 0, coll 0, control coll 0
0150:trace:dinput:hid_joystick_create_device effect control id 0, coll 0
0150:trace:dinput:hid_joystick_create_device effect update id 0, coll 0, type_coll 0
0150:trace:dinput:hid_joystick_create_device set periodic id 0, coll 0
0150:trace:dinput:hid_joystick_create_device set envelope id 0, coll 0
0150:trace:dinput:hid_joystick_create_device set condition id 0, coll 0
0150:trace:dinput:hid_joystick_create_device set constant force id 0, coll 0
0150:trace:dinput:hid_joystick_create_device set ramp force id 0, coll 0
0150:trace:dinput:hid_joystick_create_device device gain id 0, coll 0
0150:trace:dinput:hid_joystick_create_device device pool id 0, coll 0
0150:trace:dinput:hid_joystick_create_device block free id 0, coll 0
0150:trace:dinput:hid_joystick_create_device block load id 0, coll 0, status_coll 0
0150:trace:dinput:hid_joystick_create_device create new effect id 0, coll 0, type_coll 0
0150:trace:dinput:hid_joystick_create_device effect state id 0, coll 0
0150:trace:dinput:dinput_device_init_device_format device format 000000000039D5C8 dwSize 32, dwObjsize 24, dwFlags 0x1, dwDataSize 178, dwNumObjs 87, rgodf 00000000003A7010
0150:trace:dinput:dinput_device_init_device_format   0: object 00000000003A7010 pguid {a36d02e0-c9f3-11cf-bfc7-444553540000}, dwOfs 0, dwType 0x2, dwFlags 0x100
0150:trace:dinput:dinput_device_init_device_format   1: object 00000000003A7028 pguid {a36d02e1-c9f3-11cf-bfc7-444553540000}, dwOfs 0x4, dwType 0x102, dwFlags 0x100
0150:trace:dinput:dinput_device_init_device_format   2: object 00000000003A7040 pguid {a36d02e2-c9f3-11cf-bfc7-444553540000}, dwOfs 0x8, dwType 0x202, dwFlags 0x100
0150:trace:dinput:dinput_device_init_device_format   3: object 00000000003A7058 pguid {a36d02f4-c9f3-11cf-bfc7-444553540000}, dwOfs 0xc, dwType 0x302, dwFlags 0x100
0150:trace:dinput:dinput_device_init_device_format   4: object 00000000003A7070 pguid {a36d02f5-c9f3-11cf-bfc7-444553540000}, dwOfs 0x10, dwType 0x402, dwFlags 0x100
0150:trace:dinput:dinput_device_init_device_format   5: object 00000000003A7088 pguid {a36d02e3-c9f3-11cf-bfc7-444553540000}, dwOfs 0x14, dwType 0x502, dwFlags 0x100
0150:trace:dinput:dinput_device_init_device_format   6: object 00000000003A70A0 pguid {a36d02e4-c9f3-11cf-bfc7-444553540000}, dwOfs 0x18, dwType 0x602, dwFlags 0x100
0150:trace:dinput:dinput_device_init_device_format   7: object 00000000003A70B8 pguid {a36d02e4-c9f3-11cf-bfc7-444553540000}, dwOfs 0x1c, dwType 0x702, dwFlags 0x100
0150:trace:dinput:dinput_device_init_device_format   8: object 00000000003A70D0 pguid {a36d02f0-c9f3-11cf-bfc7-444553540000}, dwOfs 0x60, dwType 0x4, dwFlags 0
0150:trace:dinput:dinput_device_init_device_format   9: object 00000000003A70E8 pguid {a36d02f0-c9f3-11cf-bfc7-444553540000}, dwOfs 0x61, dwType 0x104, dwFlags 0
0150:trace:dinput:dinput_device_init_device_format   10: object 00000000003A7100 pguid {a36d02f0-c9f3-11cf-bfc7-444553540000}, dwOfs 0x62, dwType 0x204, dwFlags 0
0150:trace:dinput:dinput_device_init_device_format   11: object 00000000003A7118 pguid {a36d02f0-c9f3-11cf-bfc7-444553540000}, dwOfs 0x63, dwType 0x304, dwFlags 0
0150:trace:dinput:dinput_device_init_device_format   12: object 00000000003A7130 pguid {a36d02f0-c9f3-11cf-bfc7-444553540000}, dwOfs 0x64, dwType 0x404, dwFlags 0
0150:trace:dinput:dinput_device_init_device_format   13: object 00000000003A7148 pguid {a36d02f0-c9f3-11cf-bfc7-444553540000}, dwOfs 0x65, dwType 0x504, dwFlags 0
0150:trace:dinput:dinput_device_init_device_format   14: object 00000000003A7160 pguid {a36d02f0-c9f3-11cf-bfc7-444553540000}, dwOfs 0x66, dwType 0x604, dwFlags 0
0150:trace:dinput:dinput_device_init_device_format   15: object 00000000003A7178 pguid {a36d02f0-c9f3-11cf-bfc7-444553540000}, dwOfs 0x67, dwType 0x704, dwFlags 0
0150:trace:dinput:dinput_device_init_device_format   16: object 00000000003A7190 pguid {a36d02f0-c9f3-11cf-bfc7-444553540000}, dwOfs 0x68, dwType 0x804, dwFlags 0
0150:trace:dinput:dinput_device_init_device_format   17: object 00000000003A71A8 pguid {a36d02f0-c9f3-11cf-bfc7-444553540000}, dwOfs 0x69, dwType 0x904, dwFlags 0
0150:trace:dinput:dinput_device_init_device_format   18: object 00000000003A71C0 pguid {a36d02f0-c9f3-11cf-bfc7-444553540000}, dwOfs 0x6a, dwType 0xa04, dwFlags 0
0150:trace:dinput:dinput_device_init_device_format   19: object 00000000003A71D8 pguid {a36d02f0-c9f3-11cf-bfc7-444553540000}, dwOfs 0x6b, dwType 0xb04, dwFlags 0
0150:trace:dinput:dinput_device_init_device_format   20: object 00000000003A71F0 pguid {a36d02f0-c9f3-11cf-bfc7-444553540000}, dwOfs 0x6c, dwType 0xc04, dwFlags 0
0150:trace:dinput:dinput_device_init_device_format   21: object 00000000003A7208 pguid {a36d02f0-c9f3-11cf-bfc7-444553540000}, dwOfs 0x6d, dwType 0xd04, dwFlags 0
0150:trace:dinput:dinput_device_init_device_format   22: object 00000000003A7220 pguid {a36d02f0-c9f3-11cf-bfc7-444553540000}, dwOfs 0x6e, dwType 0xe04, dwFlags 0
0150:trace:dinput:dinput_device_init_device_format   23: object 00000000003A7238 pguid {a36d02f0-c9f3-11cf-bfc7-444553540000}, dwOfs 0x6f, dwType 0xf04, dwFlags 0
0150:trace:dinput:dinput_device_init_device_format   24: object 00000000003A7250 pguid {a36d02f0-c9f3-11cf-bfc7-444553540000}, dwOfs 0x70, dwType 0x1004, dwFlags 0
0150:trace:dinput:dinput_device_init_device_format   25: object 00000000003A7268 pguid {a36d02f0-c9f3-11cf-bfc7-444553540000}, dwOfs 0x71, dwType 0x1104, dwFlags 0
0150:trace:dinput:dinput_device_init_device_format   26: object 00000000003A7280 pguid {a36d02f0-c9f3-11cf-bfc7-444553540000}, dwOfs 0x72, dwType 0x1204, dwFlags 0
0150:trace:dinput:dinput_device_init_device_format   27: object 00000000003A7298 pguid {a36d02f0-c9f3-11cf-bfc7-444553540000}, dwOfs 0x73, dwType 0x1304, dwFlags 0
0150:trace:dinput:dinput_device_init_device_format   28: object 00000000003A72B0 pguid {a36d02f0-c9f3-11cf-bfc7-444553540000}, dwOfs 0x74, dwType 0x1404, dwFlags 0
0150:trace:dinput:dinput_device_init_device_format   29: object 00000000003A72C8 pguid {a36d02f0-c9f3-11cf-bfc7-444553540000}, dwOfs 0x75, dwType 0x1504, dwFlags 0
0150:trace:dinput:dinput_device_init_device_format   30: object 00000000003A72E0 pguid {a36d02f0-c9f3-11cf-bfc7-444553540000}, dwOfs 0x76, dwType 0x1604, dwFlags 0
0150:trace:dinput:dinput_device_init_device_format   31: object 00000000003A72F8 pguid {a36d02f0-c9f3-11cf-bfc7-444553540000}, dwOfs 0x77, dwType 0x1704, dwFlags 0
0150:trace:dinput:dinput_device_init_device_format   32: object 00000000003A7310 pguid {a36d02f0-c9f3-11cf-bfc7-444553540000}, dwOfs 0x78, dwType 0x1804, dwFlags 0
0150:trace:dinput:dinput_device_init_device_format   33: object 00000000003A7328 pguid {a36d02f0-c9f3-11cf-bfc7-444553540000}, dwOfs 0x79, dwType 0x1904, dwFlags 0
0150:trace:dinput:dinput_device_init_device_format   34: object 00000000003A7340 pguid {a36d02f0-c9f3-11cf-bfc7-444553540000}, dwOfs 0x7a, dwType 0x1a04, dwFlags 0
0150:trace:dinput:dinput_device_init_device_format   35: object 00000000003A7358 pguid {a36d02f0-c9f3-11cf-bfc7-444553540000}, dwOfs 0x7b, dwType 0x1b04, dwFlags 0
0150:trace:dinput:dinput_device_init_device_format   36: object 00000000003A7370 pguid {a36d02f0-c9f3-11cf-bfc7-444553540000}, dwOfs 0x7c, dwType 0x1c04, dwFlags 0
0150:trace:dinput:dinput_device_init_device_format   37: object 00000000003A7388 pguid {a36d02f0-c9f3-11cf-bfc7-444553540000}, dwOfs 0x7d, dwType 0x1d04, dwFlags 0
0150:trace:dinput:dinput_device_init_device_format   38: object 00000000003A73A0 pguid {a36d02f0-c9f3-11cf-bfc7-444553540000}, dwOfs 0x7e, dwType 0x1e04, dwFlags 0
0150:trace:dinput:dinput_device_init_device_format   39: object 00000000003A73B8 pguid {a36d02f0-c9f3-11cf-bfc7-444553540000}, dwOfs 0x7f, dwType 0x1f04, dwFlags 0
0150:trace:dinput:dinput_device_init_device_format   40: object 00000000003A73D0 pguid {a36d02f0-c9f3-11cf-bfc7-444553540000}, dwOfs 0x80, dwType 0x2004, dwFlags 0
0150:trace:dinput:dinput_device_init_device_format   41: object 00000000003A73E8 pguid {a36d02f0-c9f3-11cf-bfc7-444553540000}, dwOfs 0x81, dwType 0x2104, dwFlags 0
0150:trace:dinput:dinput_device_init_device_format   42: object 00000000003A7400 pguid {a36d02f0-c9f3-11cf-bfc7-444553540000}, dwOfs 0x82, dwType 0x2204, dwFlags 0
0150:trace:dinput:dinput_device_init_device_format   43: object 00000000003A7418 pguid {a36d02f0-c9f3-11cf-bfc7-444553540000}, dwOfs 0x83, dwType 0x2304, dwFlags 0
0150:trace:dinput:dinput_device_init_device_format   44: object 00000000003A7430 pguid {a36d02f0-c9f3-11cf-bfc7-444553540000}, dwOfs 0x84, dwType 0x2404, dwFlags 0
0150:trace:dinput:dinput_device_init_device_format   45: object 00000000003A7448 pguid {a36d02f0-c9f3-11cf-bfc7-444553540000}, dwOfs 0x85, dwType 0x2504, dwFlags 0
0150:trace:dinput:dinput_device_init_device_format   46: object 00000000003A7460 pguid {a36d02f0-c9f3-11cf-bfc7-444553540000}, dwOfs 0x86, dwType 0x2604, dwFlags 0
0150:trace:dinput:dinput_device_init_device_format   47: object 00000000003A7478 pguid {a36d02f0-c9f3-11cf-bfc7-444553540000}, dwOfs 0x87, dwType 0x2704, dwFlags 0
0150:trace:dinput:dinput_device_init_device_format   48: object 00000000003A7490 pguid {a36d02f0-c9f3-11cf-bfc7-444553540000}, dwOfs 0x88, dwType 0x2804, dwFlags 0
0150:trace:dinput:dinput_device_init_device_format   49: object 00000000003A74A8 pguid {a36d02f0-c9f3-11cf-bfc7-444553540000}, dwOfs 0x89, dwType 0x2904, dwFlags 0
0150:trace:dinput:dinput_device_init_device_format   50: object 00000000003A74C0 pguid {a36d02f0-c9f3-11cf-bfc7-444553540000}, dwOfs 0x8a, dwType 0x2a04, dwFlags 0
0150:trace:dinput:dinput_device_init_device_format   51: object 00000000003A74D8 pguid {a36d02f0-c9f3-11cf-bfc7-444553540000}, dwOfs 0x8b, dwType 0x2b04, dwFlags 0
0150:trace:dinput:dinput_device_init_device_format   52: object 00000000003A74F0 pguid {a36d02f0-c9f3-11cf-bfc7-444553540000}, dwOfs 0x8c, dwType 0x2c04, dwFlags 0
0150:trace:dinput:dinput_device_init_device_format   53: object 00000000003A7508 pguid {a36d02f0-c9f3-11cf-bfc7-444553540000}, dwOfs 0x8d, dwType 0x2d04, dwFlags 0
0150:trace:dinput:dinput_device_init_device_format   54: object 00000000003A7520 pguid {a36d02f0-c9f3-11cf-bfc7-444553540000}, dwOfs 0x8e, dwType 0x2e04, dwFlags 0
0150:trace:dinput:dinput_device_init_device_format   55: object 00000000003A7538 pguid {a36d02f0-c9f3-11cf-bfc7-444553540000}, dwOfs 0x8f, dwType 0x2f04, dwFlags 0
0150:trace:dinput:dinput_device_init_device_format   56: object 00000000003A7550 pguid {a36d02f0-c9f3-11cf-bfc7-444553540000}, dwOfs 0x90, dwType 0x3004, dwFlags 0
0150:trace:dinput:dinput_device_init_device_format   57: object 00000000003A7568 pguid {a36d02f0-c9f3-11cf-bfc7-444553540000}, dwOfs 0x91, dwType 0x3104, dwFlags 0
0150:trace:dinput:dinput_device_init_device_format   58: object 00000000003A7580 pguid {a36d02f0-c9f3-11cf-bfc7-444553540000}, dwOfs 0x92, dwType 0x3204, dwFlags 0
0150:trace:dinput:dinput_device_init_device_format   59: object 00000000003A7598 pguid {a36d02f0-c9f3-11cf-bfc7-444553540000}, dwOfs 0x93, dwType 0x3304, dwFlags 0
0150:trace:dinput:dinput_device_init_device_format   60: object 00000000003A75B0 pguid {a36d02f0-c9f3-11cf-bfc7-444553540000}, dwOfs 0x94, dwType 0x3404, dwFlags 0
0150:trace:dinput:dinput_device_init_device_format   61: object 00000000003A75C8 pguid {a36d02f0-c9f3-11cf-bfc7-444553540000}, dwOfs 0x95, dwType 0x3504, dwFlags 0
0150:trace:dinput:dinput_device_init_device_format   62: object 00000000003A75E0 pguid {a36d02f0-c9f3-11cf-bfc7-444553540000}, dwOfs 0x96, dwType 0x3604, dwFlags 0
0150:trace:dinput:dinput_device_init_device_format   63: object 00000000003A75F8 pguid {a36d02f0-c9f3-11cf-bfc7-444553540000}, dwOfs 0x97, dwType 0x3704, dwFlags 0
0150:trace:dinput:dinput_device_init_device_format   64: object 00000000003A7610 pguid {a36d02f0-c9f3-11cf-bfc7-444553540000}, dwOfs 0x98, dwType 0x3804, dwFlags 0
0150:trace:dinput:dinput_device_init_device_format   65: object 00000000003A7628 pguid {a36d02f0-c9f3-11cf-bfc7-444553540000}, dwOfs 0x99, dwType 0x3904, dwFlags 0
0150:trace:dinput:dinput_device_init_device_format   66: object 00000000003A7640 pguid {a36d02f0-c9f3-11cf-bfc7-444553540000}, dwOfs 0x9a, dwType 0x3a04, dwFlags 0
0150:trace:dinput:dinput_device_init_device_format   67: object 00000000003A7658 pguid {a36d02f0-c9f3-11cf-bfc7-444553540000}, dwOfs 0x9b, dwType 0x3b04, dwFlags 0
0150:trace:dinput:dinput_device_init_device_format   68: object 00000000003A7670 pguid {a36d02f0-c9f3-11cf-bfc7-444553540000}, dwOfs 0x9c, dwType 0x3c04, dwFlags 0
0150:trace:dinput:dinput_device_init_device_format   69: object 00000000003A7688 pguid {a36d02f0-c9f3-11cf-bfc7-444553540000}, dwOfs 0x9d, dwType 0x3d04, dwFlags 0
0150:trace:dinput:dinput_device_init_device_format   70: object 00000000003A76A0 pguid {a36d02f0-c9f3-11cf-bfc7-444553540000}, dwOfs 0x9e, dwType 0x3e04, dwFlags 0
0150:trace:dinput:dinput_device_init_device_format   71: object 00000000003A76B8 pguid {a36d02f0-c9f3-11cf-bfc7-444553540000}, dwOfs 0x9f, dwType 0x3f04, dwFlags 0
0150:trace:dinput:dinput_device_init_device_format   72: object 00000000003A76D0 pguid {a36d02f0-c9f3-11cf-bfc7-444553540000}, dwOfs 0xa0, dwType 0x4004, dwFlags 0
0150:trace:dinput:dinput_device_init_device_format   73: object 00000000003A76E8 pguid {a36d02f0-c9f3-11cf-bfc7-444553540000}, dwOfs 0xa1, dwType 0x4104, dwFlags 0
0150:trace:dinput:dinput_device_init_device_format   74: object 00000000003A7700 pguid {a36d02f0-c9f3-11cf-bfc7-444553540000}, dwOfs 0xa2, dwType 0x4204, dwFlags 0
0150:trace:dinput:dinput_device_init_device_format   75: object 00000000003A7718 pguid {a36d02f0-c9f3-11cf-bfc7-444553540000}, dwOfs 0xa3, dwType 0x4304, dwFlags 0
0150:trace:dinput:dinput_device_init_device_format   76: object 00000000003A7730 pguid {a36d02f0-c9f3-11cf-bfc7-444553540000}, dwOfs 0xa4, dwType 0x4404, dwFlags 0
0150:trace:dinput:dinput_device_init_device_format   77: object 00000000003A7748 pguid {a36d02f0-c9f3-11cf-bfc7-444553540000}, dwOfs 0xa5, dwType 0x4504, dwFlags 0
0150:trace:dinput:dinput_device_init_device_format   78: object 00000000003A7760 pguid {a36d02f0-c9f3-11cf-bfc7-444553540000}, dwOfs 0xa6, dwType 0x4604, dwFlags 0
0150:trace:dinput:dinput_device_init_device_format   79: object 00000000003A7778 pguid {a36d02f0-c9f3-11cf-bfc7-444553540000}, dwOfs 0xa7, dwType 0x4704, dwFlags 0
0150:trace:dinput:dinput_device_init_device_format   80: object 00000000003A7790 pguid {a36d02f0-c9f3-11cf-bfc7-444553540000}, dwOfs 0xa8, dwType 0x4804, dwFlags 0
0150:trace:dinput:dinput_device_init_device_format   81: object 00000000003A77A8 pguid {a36d02f0-c9f3-11cf-bfc7-444553540000}, dwOfs 0xa9, dwType 0x4904, dwFlags 0
0150:trace:dinput:dinput_device_init_device_format   82: object 00000000003A77C0 pguid {a36d02f0-c9f3-11cf-bfc7-444553540000}, dwOfs 0xaa, dwType 0x4a04, dwFlags 0
0150:trace:dinput:dinput_device_init_device_format   83: object 00000000003A77D8 pguid {a36d02f0-c9f3-11cf-bfc7-444553540000}, dwOfs 0xab, dwType 0x4b04, dwFlags 0
0150:trace:dinput:dinput_device_init_device_format   84: object 00000000003A77F0 pguid {a36d02f0-c9f3-11cf-bfc7-444553540000}, dwOfs 0xac, dwType 0x4c04, dwFlags 0
0150:trace:dinput:dinput_device_init_device_format   85: object 00000000003A7808 pguid {a36d02f0-c9f3-11cf-bfc7-444553540000}, dwOfs 0xad, dwType 0x4d04, dwFlags 0
0150:trace:dinput:dinput_device_init_device_format   86: object 00000000003A7820 pguid {a36d02f0-c9f3-11cf-bfc7-444553540000}, dwOfs 0xae, dwType 0x4e04, dwFlags 0
0150:trace:dinput:dinput_device_QueryInterface iface 000000000039D0A0, iid {54d41081-dc15-4833-a41b-748f73a38179}, out 0000000000395850.
0150:trace:dinput:dinput_device_AddRef iface 000000000039D0A0, ref 2.
0150:trace:dinput:dinput_device_Release iface 000000000039D0A0, ref 1.
0150:trace:dinput:dinput_device_SetDataFormat iface 000000000039D0A0, format 00006FFFFE29F8C0.
0150:trace:dinput:dinput_device_SetDataFormat user format 00006FFFFE29F8C0 dwSize 32, dwObjsize 24, dwFlags 0x1, dwDataSize 80, dwNumObjs 44, rgodf 00006FFFFE29F8E0
0150:trace:dinput:dinput_device_SetDataFormat   0: object 00006FFFFE29F8E0 pguid {a36d02e0-c9f3-11cf-bfc7-444553540000}, dwOfs 0, dwType 0x80ffff03, dwFlags 0x100
0150:trace:dinput:dinput_device_SetDataFormat   1: object 00006FFFFE29F8F8 pguid {a36d02e1-c9f3-11cf-bfc7-444553540000}, dwOfs 0x4, dwType 0x80ffff03, dwFlags 0x100
0150:trace:dinput:dinput_device_SetDataFormat   2: object 00006FFFFE29F910 pguid {a36d02e2-c9f3-11cf-bfc7-444553540000}, dwOfs 0x8, dwType 0x80ffff03, dwFlags 0x100
0150:trace:dinput:dinput_device_SetDataFormat   3: object 00006FFFFE29F928 pguid {a36d02f4-c9f3-11cf-bfc7-444553540000}, dwOfs 0xc, dwType 0x80ffff03, dwFlags 0x100
0150:trace:dinput:dinput_device_SetDataFormat   4: object 00006FFFFE29F940 pguid {a36d02f5-c9f3-11cf-bfc7-444553540000}, dwOfs 0x10, dwType 0x80ffff03, dwFlags 0x100
0150:trace:dinput:dinput_device_SetDataFormat   5: object 00006FFFFE29F958 pguid {a36d02e3-c9f3-11cf-bfc7-444553540000}, dwOfs 0x14, dwType 0x80ffff03, dwFlags 0x100
0150:trace:dinput:dinput_device_SetDataFormat   6: object 00006FFFFE29F970 pguid {a36d02e4-c9f3-11cf-bfc7-444553540000}, dwOfs 0x18, dwType 0x80ffff03, dwFlags 0x100
0150:trace:dinput:dinput_device_SetDataFormat   7: object 00006FFFFE29F988 pguid {a36d02e4-c9f3-11cf-bfc7-444553540000}, dwOfs 0x1c, dwType 0x80ffff03, dwFlags 0x100
0150:trace:dinput:dinput_device_SetDataFormat   8: object 00006FFFFE29F9A0 pguid {a36d02f2-c9f3-11cf-bfc7-444553540000}, dwOfs 0x20, dwType 0x80ffff10, dwFlags 0
0150:trace:dinput:dinput_device_SetDataFormat   9: object 00006FFFFE29F9B8 pguid {a36d02f2-c9f3-11cf-bfc7-444553540000}, dwOfs 0x24, dwType 0x80ffff10, dwFlags 0
0150:trace:dinput:dinput_device_SetDataFormat   10: object 00006FFFFE29F9D0 pguid {a36d02f2-c9f3-11cf-bfc7-444553540000}, dwOfs 0x28, dwType 0x80ffff10, dwFlags 0
0150:trace:dinput:dinput_device_SetDataFormat   11: object 00006FFFFE29F9E8 pguid {a36d02f2-c9f3-11cf-bfc7-444553540000}, dwOfs 0x2c, dwType 0x80ffff10, dwFlags 0
0150:trace:dinput:dinput_device_SetDataFormat   12: object 00006FFFFE29FA00 pguid (null), dwOfs 0x30, dwType 0x80ffff0c, dwFlags 0
0150:trace:dinput:dinput_device_SetDataFormat   13: object 00006FFFFE29FA18 pguid (null), dwOfs 0x31, dwType 0x80ffff0c, dwFlags 0
0150:trace:dinput:dinput_device_SetDataFormat   14: object 00006FFFFE29FA30 pguid (null), dwOfs 0x32, dwType 0x80ffff0c, dwFlags 0
0150:trace:dinput:dinput_device_SetDataFormat   15: object 00006FFFFE29FA48 pguid (null), dwOfs 0x33, dwType 0x80ffff0c, dwFlags 0
0150:trace:dinput:dinput_device_SetDataFormat   16: object 00006FFFFE29FA60 pguid (null), dwOfs 0x34, dwType 0x80ffff0c, dwFlags 0
0150:trace:dinput:dinput_device_SetDataFormat   17: object 00006FFFFE29FA78 pguid (null), dwOfs 0x35, dwType 0x80ffff0c, dwFlags 0
0150:trace:dinput:dinput_device_SetDataFormat   18: object 00006FFFFE29FA90 pguid (null), dwOfs 0x36, dwType 0x80ffff0c, dwFlags 0
0150:trace:dinput:dinput_device_SetDataFormat   19: object 00006FFFFE29FAA8 pguid (null), dwOfs 0x37, dwType 0x80ffff0c, dwFlags 0
0150:trace:dinput:dinput_device_SetDataFormat   20: object 00006FFFFE29FAC0 pguid (null), dwOfs 0x38, dwType 0x80ffff0c, dwFlags 0
0150:trace:dinput:dinput_device_SetDataFormat   21: object 00006FFFFE29FAD8 pguid (null), dwOfs 0x39, dwType 0x80ffff0c, dwFlags 0
0150:trace:dinput:dinput_device_SetDataFormat   22: object 00006FFFFE29FAF0 pguid (null), dwOfs 0x3a, dwType 0x80ffff0c, dwFlags 0
0150:trace:dinput:dinput_device_SetDataFormat   23: object 00006FFFFE29FB08 pguid (null), dwOfs 0x3b, dwType 0x80ffff0c, dwFlags 0
0150:trace:dinput:dinput_device_SetDataFormat   24: object 00006FFFFE29FB20 pguid (null), dwOfs 0x3c, dwType 0x80ffff0c, dwFlags 0
0150:trace:dinput:dinput_device_SetDataFormat   25: object 00006FFFFE29FB38 pguid (null), dwOfs 0x3d, dwType 0x80ffff0c, dwFlags 0
0150:trace:dinput:dinput_device_SetDataFormat   26: object 00006FFFFE29FB50 pguid (null), dwOfs 0x3e, dwType 0x80ffff0c, dwFlags 0
0150:trace:dinput:dinput_device_SetDataFormat   27: object 00006FFFFE29FB68 pguid (null), dwOfs 0x3f, dwType 0x80ffff0c, dwFlags 0
0150:trace:dinput:dinput_device_SetDataFormat   28: object 00006FFFFE29FB80 pguid (null), dwOfs 0x40, dwType 0x80ffff0c, dwFlags 0
0150:trace:dinput:dinput_device_SetDataFormat   29: object 00006FFFFE29FB98 pguid (null), dwOfs 0x41, dwType 0x80ffff0c, dwFlags 0
0150:trace:dinput:dinput_device_SetDataFormat   30: object 00006FFFFE29FBB0 pguid (null), dwOfs 0x42, dwType 0x80ffff0c, dwFlags 0
0150:trace:dinput:dinput_device_SetDataFormat   31: object 00006FFFFE29FBC8 pguid (null), dwOfs 0x43, dwType 0x80ffff0c, dwFlags 0
0150:trace:dinput:dinput_device_SetDataFormat   32: object 00006FFFFE29FBE0 pguid (null), dwOfs 0x44, dwType 0x80ffff0c, dwFlags 0
0150:trace:dinput:dinput_device_SetDataFormat   33: object 00006FFFFE29FBF8 pguid (null), dwOfs 0x45, dwType 0x80ffff0c, dwFlags 0
0150:trace:dinput:dinput_device_SetDataFormat   34: object 00006FFFFE29FC10 pguid (null), dwOfs 0x46, dwType 0x80ffff0c, dwFlags 0
0150:trace:dinput:dinput_device_SetDataFormat   35: object 00006FFFFE29FC28 pguid (null), dwOfs 0x47, dwType 0x80ffff0c, dwFlags 0
0150:trace:dinput:dinput_device_SetDataFormat   36: object 00006FFFFE29FC40 pguid (null), dwOfs 0x48, dwType 0x80ffff0c, dwFlags 0
0150:trace:dinput:dinput_device_SetDataFormat   37: object 00006FFFFE29FC58 pguid (null), dwOfs 0x49, dwType 0x80ffff0c, dwFlags 0
0150:trace:dinput:dinput_device_SetDataFormat   38: object 00006FFFFE29FC70 pguid (null), dwOfs 0x4a, dwType 0x80ffff0c, dwFlags 0
0150:trace:dinput:dinput_device_SetDataFormat   39: object 00006FFFFE29FC88 pguid (null), dwOfs 0x4b, dwType 0x80ffff0c, dwFlags 0
0150:trace:dinput:dinput_device_SetDataFormat   40: object 00006FFFFE29FCA0 pguid (null), dwOfs 0x4c, dwType 0x80ffff0c, dwFlags 0
0150:trace:dinput:dinput_device_SetDataFormat   41: object 00006FFFFE29FCB8 pguid (null), dwOfs 0x4d, dwType 0x80ffff0c, dwFlags 0
0150:trace:dinput:dinput_device_SetDataFormat   42: object 00006FFFFE29FCD0 pguid (null), dwOfs 0x4e, dwType 0x80ffff0c, dwFlags 0
0150:trace:dinput:dinput_device_SetDataFormat   43: object 00006FFFFE29FCE8 pguid (null), dwOfs 0x4f, dwType 0x80ffff0c, dwFlags 0
0150:trace:dinput:match_device_object match 00006FFFFE29F8E0 pguid {a36d02e0-c9f3-11cf-bfc7-444553540000}, dwOfs 0, dwType 0x80ffff03, dwFlags 0x100 with device 00000000003A7010 pguid {a36d02e0-c9f3-11cf-bfc7-444553540000}, dwOfs 0, dwType 0x2, dwFlags 0x100
0150:trace:dinput:match_device_object match 00006FFFFE29F8F8 pguid {a36d02e1-c9f3-11cf-bfc7-444553540000}, dwOfs 0x4, dwType 0x80ffff03, dwFlags 0x100 with device 00000000003A7028 pguid {a36d02e1-c9f3-11cf-bfc7-444553540000}, dwOfs 0x4, dwType 0x102, dwFlags 0x100
0150:trace:dinput:match_device_object match 00006FFFFE29F910 pguid {a36d02e2-c9f3-11cf-bfc7-444553540000}, dwOfs 0x8, dwType 0x80ffff03, dwFlags 0x100 with device 00000000003A7040 pguid {a36d02e2-c9f3-11cf-bfc7-444553540000}, dwOfs 0x8, dwType 0x202, dwFlags 0x100
0150:trace:dinput:match_device_object match 00006FFFFE29F928 pguid {a36d02f4-c9f3-11cf-bfc7-444553540000}, dwOfs 0xc, dwType 0x80ffff03, dwFlags 0x100 with device 00000000003A7058 pguid {a36d02f4-c9f3-11cf-bfc7-444553540000}, dwOfs 0xc, dwType 0x302, dwFlags 0x100
0150:trace:dinput:match_device_object match 00006FFFFE29F940 pguid {a36d02f5-c9f3-11cf-bfc7-444553540000}, dwOfs 0x10, dwType 0x80ffff03, dwFlags 0x100 with device 00000000003A7070 pguid {a36d02f5-c9f3-11cf-bfc7-444553540000}, dwOfs 0x10, dwType 0x402, dwFlags 0x100
0150:trace:dinput:match_device_object match 00006FFFFE29F958 pguid {a36d02e3-c9f3-11cf-bfc7-444553540000}, dwOfs 0x14, dwType 0x80ffff03, dwFlags 0x100 with device 00000000003A7088 pguid {a36d02e3-c9f3-11cf-bfc7-444553540000}, dwOfs 0x14, dwType 0x502, dwFlags 0x100
0150:trace:dinput:match_device_object match 00006FFFFE29F970 pguid {a36d02e4-c9f3-11cf-bfc7-444553540000}, dwOfs 0x18, dwType 0x80ffff03, dwFlags 0x100 with device 00000000003A70A0 pguid {a36d02e4-c9f3-11cf-bfc7-444553540000}, dwOfs 0x18, dwType 0x602, dwFlags 0x100
0150:trace:dinput:match_device_object match 00006FFFFE29F988 pguid {a36d02e4-c9f3-11cf-bfc7-444553540000}, dwOfs 0x1c, dwType 0x80ffff03, dwFlags 0x100 with device 00000000003A70B8 pguid {a36d02e4-c9f3-11cf-bfc7-444553540000}, dwOfs 0x1c, dwType 0x702, dwFlags 0x100
0150:warn:dinput:dinput_device_init_user_format object 00006FFFFE29F9A0 pguid {a36d02f2-c9f3-11cf-bfc7-444553540000}, dwOfs 0x20, dwType 0x80ffff10, dwFlags 0 not found
0150:warn:dinput:dinput_device_init_user_format object 00006FFFFE29F9B8 pguid {a36d02f2-c9f3-11cf-bfc7-444553540000}, dwOfs 0x24, dwType 0x80ffff10, dwFlags 0 not found
0150:warn:dinput:dinput_device_init_user_format object 00006FFFFE29F9D0 pguid {a36d02f2-c9f3-11cf-bfc7-444553540000}, dwOfs 0x28, dwType 0x80ffff10, dwFlags 0 not found
0150:warn:dinput:dinput_device_init_user_format object 00006FFFFE29F9E8 pguid {a36d02f2-c9f3-11cf-bfc7-444553540000}, dwOfs 0x2c, dwType 0x80ffff10, dwFlags 0 not found
0150:trace:dinput:match_device_object match 00006FFFFE29FA00 pguid (null), dwOfs 0x30, dwType 0x80ffff0c, dwFlags 0 with device 00000000003A70D0 pguid {a36d02f0-c9f3-11cf-bfc7-444553540000}, dwOfs 0x60, dwType 0x4, dwFlags 0
0150:trace:dinput:match_device_object match 00006FFFFE29FA18 pguid (null), dwOfs 0x31, dwType 0x80ffff0c, dwFlags 0 with device 00000000003A70E8 pguid {a36d02f0-c9f3-11cf-bfc7-444553540000}, dwOfs 0x61, dwType 0x104, dwFlags 0
0150:trace:dinput:match_device_object match 00006FFFFE29FA30 pguid (null), dwOfs 0x32, dwType 0x80ffff0c, dwFlags 0 with device 00000000003A7100 pguid {a36d02f0-c9f3-11cf-bfc7-444553540000}, dwOfs 0x62, dwType 0x204, dwFlags 0
0150:trace:dinput:match_device_object match 00006FFFFE29FA48 pguid (null), dwOfs 0x33, dwType 0x80ffff0c, dwFlags 0 with device 00000000003A7118 pguid {a36d02f0-c9f3-11cf-bfc7-444553540000}, dwOfs 0x63, dwType 0x304, dwFlags 0
0150:trace:dinput:match_device_object match 00006FFFFE29FA60 pguid (null), dwOfs 0x34, dwType 0x80ffff0c, dwFlags 0 with device 00000000003A7130 pguid {a36d02f0-c9f3-11cf-bfc7-444553540000}, dwOfs 0x64, dwType 0x404, dwFlags 0
0150:trace:dinput:match_device_object match 00006FFFFE29FA78 pguid (null), dwOfs 0x35, dwType 0x80ffff0c, dwFlags 0 with device 00000000003A7148 pguid {a36d02f0-c9f3-11cf-bfc7-444553540000}, dwOfs 0x65, dwType 0x504, dwFlags 0
0150:trace:dinput:match_device_object match 00006FFFFE29FA90 pguid (null), dwOfs 0x36, dwType 0x80ffff0c, dwFlags 0 with device 00000000003A7160 pguid {a36d02f0-c9f3-11cf-bfc7-444553540000}, dwOfs 0x66, dwType 0x604, dwFlags 0
0150:trace:dinput:match_device_object match 00006FFFFE29FAA8 pguid (null), dwOfs 0x37, dwType 0x80ffff0c, dwFlags 0 with device 00000000003A7178 pguid {a36d02f0-c9f3-11cf-bfc7-444553540000}, dwOfs 0x67, dwType 0x704, dwFlags 0
0150:trace:dinput:match_device_object match 00006FFFFE29FAC0 pguid (null), dwOfs 0x38, dwType 0x80ffff0c, dwFlags 0 with device 00000000003A7190 pguid {a36d02f0-c9f3-11cf-bfc7-444553540000}, dwOfs 0x68, dwType 0x804, dwFlags 0
0150:trace:dinput:match_device_object match 00006FFFFE29FAD8 pguid (null), dwOfs 0x39, dwType 0x80ffff0c, dwFlags 0 with device 00000000003A71A8 pguid {a36d02f0-c9f3-11cf-bfc7-444553540000}, dwOfs 0x69, dwType 0x904, dwFlags 0
0150:trace:dinput:match_device_object match 00006FFFFE29FAF0 pguid (null), dwOfs 0x3a, dwType 0x80ffff0c, dwFlags 0 with device 00000000003A71C0 pguid {a36d02f0-c9f3-11cf-bfc7-444553540000}, dwOfs 0x6a, dwType 0xa04, dwFlags 0
0150:trace:dinput:match_device_object match 00006FFFFE29FB08 pguid (null), dwOfs 0x3b, dwType 0x80ffff0c, dwFlags 0 with device 00000000003A71D8 pguid {a36d02f0-c9f3-11cf-bfc7-444553540000}, dwOfs 0x6b, dwType 0xb04, dwFlags 0
0150:trace:dinput:match_device_object match 00006FFFFE29FB20 pguid (null), dwOfs 0x3c, dwType 0x80ffff0c, dwFlags 0 with device 00000000003A71F0 pguid {a36d02f0-c9f3-11cf-bfc7-444553540000}, dwOfs 0x6c, dwType 0xc04, dwFlags 0
0150:trace:dinput:match_device_object match 00006FFFFE29FB38 pguid (null), dwOfs 0x3d, dwType 0x80ffff0c, dwFlags 0 with device 00000000003A7208 pguid {a36d02f0-c9f3-11cf-bfc7-444553540000}, dwOfs 0x6d, dwType 0xd04, dwFlags 0
0150:trace:dinput:match_device_object match 00006FFFFE29FB50 pguid (null), dwOfs 0x3e, dwType 0x80ffff0c, dwFlags 0 with device 00000000003A7220 pguid {a36d02f0-c9f3-11cf-bfc7-444553540000}, dwOfs 0x6e, dwType 0xe04, dwFlags 0
0150:trace:dinput:match_device_object match 00006FFFFE29FB68 pguid (null), dwOfs 0x3f, dwType 0x80ffff0c, dwFlags 0 with device 00000000003A7238 pguid {a36d02f0-c9f3-11cf-bfc7-444553540000}, dwOfs 0x6f, dwType 0xf04, dwFlags 0
0150:trace:dinput:match_device_object match 00006FFFFE29FB80 pguid (null), dwOfs 0x40, dwType 0x80ffff0c, dwFlags 0 with device 00000000003A7250 pguid {a36d02f0-c9f3-11cf-bfc7-444553540000}, dwOfs 0x70, dwType 0x1004, dwFlags 0
0150:trace:dinput:match_device_object match 00006FFFFE29FB98 pguid (null), dwOfs 0x41, dwType 0x80ffff0c, dwFlags 0 with device 00000000003A7268 pguid {a36d02f0-c9f3-11cf-bfc7-444553540000}, dwOfs 0x71, dwType 0x1104, dwFlags 0
0150:trace:dinput:match_device_object match 00006FFFFE29FBB0 pguid (null), dwOfs 0x42, dwType 0x80ffff0c, dwFlags 0 with device 00000000003A7280 pguid {a36d02f0-c9f3-11cf-bfc7-444553540000}, dwOfs 0x72, dwType 0x1204, dwFlags 0
0150:trace:dinput:match_device_object match 00006FFFFE29FBC8 pguid (null), dwOfs 0x43, dwType 0x80ffff0c, dwFlags 0 with device 00000000003A7298 pguid {a36d02f0-c9f3-11cf-bfc7-444553540000}, dwOfs 0x73, dwType 0x1304, dwFlags 0
0150:trace:dinput:match_device_object match 00006FFFFE29FBE0 pguid (null), dwOfs 0x44, dwType 0x80ffff0c, dwFlags 0 with device 00000000003A72B0 pguid {a36d02f0-c9f3-11cf-bfc7-444553540000}, dwOfs 0x74, dwType 0x1404, dwFlags 0
0150:trace:dinput:match_device_object match 00006FFFFE29FBF8 pguid (null), dwOfs 0x45, dwType 0x80ffff0c, dwFlags 0 with device 00000000003A72C8 pguid {a36d02f0-c9f3-11cf-bfc7-444553540000}, dwOfs 0x75, dwType 0x1504, dwFlags 0
0150:trace:dinput:match_device_object match 00006FFFFE29FC10 pguid (null), dwOfs 0x46, dwType 0x80ffff0c, dwFlags 0 with device 00000000003A72E0 pguid {a36d02f0-c9f3-11cf-bfc7-444553540000}, dwOfs 0x76, dwType 0x1604, dwFlags 0
0150:trace:dinput:match_device_object match 00006FFFFE29FC28 pguid (null), dwOfs 0x47, dwType 0x80ffff0c, dwFlags 0 with device 00000000003A72F8 pguid {a36d02f0-c9f3-11cf-bfc7-444553540000}, dwOfs 0x77, dwType 0x1704, dwFlags 0
0150:trace:dinput:match_device_object match 00006FFFFE29FC40 pguid (null), dwOfs 0x48, dwType 0x80ffff0c, dwFlags 0 with device 00000000003A7310 pguid {a36d02f0-c9f3-11cf-bfc7-444553540000}, dwOfs 0x78, dwType 0x1804, dwFlags 0
0150:trace:dinput:match_device_object match 00006FFFFE29FC58 pguid (null), dwOfs 0x49, dwType 0x80ffff0c, dwFlags 0 with device 00000000003A7328 pguid {a36d02f0-c9f3-11cf-bfc7-444553540000}, dwOfs 0x79, dwType 0x1904, dwFlags 0
0150:trace:dinput:match_device_object match 00006FFFFE29FC70 pguid (null), dwOfs 0x4a, dwType 0x80ffff0c, dwFlags 0 with device 00000000003A7340 pguid {a36d02f0-c9f3-11cf-bfc7-444553540000}, dwOfs 0x7a, dwType 0x1a04, dwFlags 0
0150:trace:dinput:match_device_object match 00006FFFFE29FC88 pguid (null), dwOfs 0x4b, dwType 0x80ffff0c, dwFlags 0 with device 00000000003A7358 pguid {a36d02f0-c9f3-11cf-bfc7-444553540000}, dwOfs 0x7b, dwType 0x1b04, dwFlags 0
0150:trace:dinput:match_device_object match 00006FFFFE29FCA0 pguid (null), dwOfs 0x4c, dwType 0x80ffff0c, dwFlags 0 with device 00000000003A7370 pguid {a36d02f0-c9f3-11cf-bfc7-444553540000}, dwOfs 0x7c, dwType 0x1c04, dwFlags 0
0150:trace:dinput:match_device_object match 00006FFFFE29FCB8 pguid (null), dwOfs 0x4d, dwType 0x80ffff0c, dwFlags 0 with device 00000000003A7388 pguid {a36d02f0-c9f3-11cf-bfc7-444553540000}, dwOfs 0x7d, dwType 0x1d04, dwFlags 0
0150:trace:dinput:match_device_object match 00006FFFFE29FCD0 pguid (null), dwOfs 0x4e, dwType 0x80ffff0c, dwFlags 0 with device 00000000003A73A0 pguid {a36d02f0-c9f3-11cf-bfc7-444553540000}, dwOfs 0x7e, dwType 0x1e04, dwFlags 0
0150:trace:dinput:match_device_object match 00006FFFFE29FCE8 pguid (null), dwOfs 0x4f, dwType 0x80ffff0c, dwFlags 0 with device 00000000003A73B8 pguid {a36d02f0-c9f3-11cf-bfc7-444553540000}, dwOfs 0x7f, dwType 0x1f04, dwFlags 0
0150:trace:dinput:dinput_device_GetCapabilities iface 000000000039D0A0, caps 000000000031D510.
0150:trace:dinput:hid_joystick_enum_device type 0x4, flags 0x1, instance 000000000031D5D0, version 0x800, index 1
0150:trace:dinput:hid_joystick_device_open index 1, guid {00000000-0000-0000-0000-000000000000}
0150:trace:hid:HidD_GetHidGuid guid 000000000031CD80.
00e4:trace:hid:process_hid_report device 0000000000A74650 report_buf 0000000000A49372 (0x20), report_len 0xf
00e4:trace:hid:deliver_next_report device 0000000000A74650/0x7fe9b40dd900 input report length 15:
00e4:trace:hid:deliver_next_report 00000000  20 01 02 00 00 f8 2f 00 00 00 17 00 00 00 00
0124:trace:hid:hid_device_queue_input pdo 0000000000AA6768, packet 0000000002DFFEA0
0150:trace:hid:HidD_GetPreparsedData file 000000000000008C, preparsed_data 000000000031B178.
00b8:trace:hid:pdo_create Open handle on device 0000000000A8B900
00b8:trace:hid:pdo_ioctl device 0000000000A8B900 code 0xb01a8
00b8:trace:hid:pdo_ioctl device 0000000000A8B900 code 0xb0193
0150:trace:hid:HidD_GetAttributes file 000000000000008C, attributes 000000000031D2B4.
00b8:trace:hid:pdo_ioctl device 0000000000A8B900 code 0xb01a8
0150:trace:hid:HidP_GetCaps preparsed_data 000000000039EE30, caps 000000000031D2D0.
0150:fixme:dinput:hid_joystick_device_try_open device usage 000c:0001 not implemented!
0150:trace:hid:HidD_FreePreparsedData preparsed_data 000000000039EE30.
00b8:trace:hid:pdo_close Close handle on device 0000000000A8B900
0150:trace:hid:HidD_GetPreparsedData file 000000000000008C, preparsed_data 000000000031B178.
00b8:trace:hid:pdo_create Open handle on device 0000000000A8BE80
00b8:trace:hid:pdo_ioctl device 0000000000A8BE80 code 0xb01a8
00b8:trace:hid:pdo_ioctl device 0000000000A8BE80 code 0xb0193
0150:trace:hid:HidD_GetAttributes file 000000000000008C, attributes 000000000031D2B4.
00b8:trace:hid:pdo_ioctl device 0000000000A8BE80 code 0xb01a8
0150:trace:hid:HidP_GetCaps preparsed_data 00000000003A3200, caps 000000000031D2D0.
0150:fixme:dinput:hid_joystick_device_try_open device usage ffc0:0001 not implemented!
0150:trace:hid:HidD_FreePreparsedData preparsed_data 00000000003A3200.
00b8:trace:hid:pdo_close Close handle on device 0000000000A8BE80
0150:trace:hid:HidD_GetPreparsedData file 000000000000008C, preparsed_data 000000000031B178.
00b8:trace:hid:pdo_create Open handle on device 0000000000A8C400
00b8:trace:hid:pdo_ioctl device 0000000000A8C400 code 0xb01a8
00b8:trace:hid:pdo_ioctl device 0000000000A8C400 code 0xb0193
0150:trace:hid:HidD_GetAttributes file 000000000000008C, attributes 000000000031D2B4.
00b8:trace:hid:pdo_ioctl device 0000000000A8C400 code 0xb01a8
0150:trace:hid:HidP_GetCaps preparsed_data 000000000039EE30, caps 000000000031D2D0.
0150:fixme:dinput:hid_joystick_device_try_open device usage ff90:0303 not implemented!
0150:trace:hid:HidD_FreePreparsedData preparsed_data 000000000039EE30.
00b8:trace:hid:pdo_close Close handle on device 0000000000A8C400
0150:trace:hid:HidD_GetPreparsedData file 000000000000008C, preparsed_data 000000000031B178.
00b8:trace:hid:pdo_create Open handle on device 0000000000A8C980
00b8:trace:hid:pdo_ioctl device 0000000000A8C980 code 0xb01a8
00b8:trace:hid:pdo_ioctl device 0000000000A8C980 code 0xb0193
0150:trace:hid:HidD_GetAttributes file 000000000000008C, attributes 000000000031D2B4.
00b8:trace:hid:pdo_ioctl device 0000000000A8C980 code 0xb01a8
0150:trace:hid:HidP_GetCaps preparsed_data 00000000003A8490, caps 000000000031D2D0.
0150:fixme:dinput:hid_joystick_device_try_open device usage ff00:0001 not implemented!
0150:trace:hid:HidD_FreePreparsedData preparsed_data 00000000003A8490.
00b8:trace:hid:pdo_close Close handle on device 0000000000A8C980
0150:trace:hid:HidD_GetPreparsedData file 000000000000008C, preparsed_data 000000000031B178.
00b8:trace:hid:pdo_create Open handle on device 0000000000AA5B10
00b8:trace:hid:pdo_ioctl device 0000000000AA5B10 code 0xb01a8
00b8:trace:hid:pdo_ioctl device 0000000000AA5B10 code 0xb0193
0150:trace:hid:HidD_GetAttributes file 000000000000008C, attributes 000000000031D2B4.
00b8:trace:hid:pdo_ioctl device 0000000000AA5B10 code 0xb01a8
0150:trace:hid:HidP_GetCaps preparsed_data 000000000039EE30, caps 000000000031D2D0.
0150:fixme:dinput:hid_joystick_device_try_open device usage ff00:0001 not implemented!
0150:trace:hid:HidD_FreePreparsedData preparsed_data 000000000039EE30.
00b8:trace:hid:pdo_close Close handle on device 0000000000AA5B10
0150:trace:hid:HidD_GetPreparsedData file 000000000000008C, preparsed_data 000000000031B178.
00b8:trace:hid:pdo_create Open handle on device 0000000000AA6090
00b8:trace:hid:pdo_ioctl device 0000000000AA6090 code 0xb01a8
00b8:trace:hid:pdo_ioctl device 0000000000AA6090 code 0xb0193
0150:trace:hid:HidD_GetAttributes file 000000000000008C, attributes 000000000031D2B4.
00b8:trace:hid:pdo_ioctl device 0000000000AA6090 code 0xb01a8
0150:trace:hid:HidP_GetCaps preparsed_data 000000000039EE30, caps 000000000031D2D0.
0150:fixme:dinput:hid_joystick_device_try_open device usage ff00:0002 not implemented!
0150:trace:hid:HidD_FreePreparsedData preparsed_data 000000000039EE30.
00b8:trace:hid:pdo_close Close handle on device 0000000000AA6090
0150:trace:hid:HidD_GetPreparsedData file 000000000000008C, preparsed_data 000000000031B178.
00b8:trace:hid:pdo_create Open handle on device 0000000000AA6610
00b8:trace:hid:pdo_ioctl device 0000000000AA6610 code 0xb01a8
00b8:trace:hid:pdo_ioctl device 0000000000AA6610 code 0xb0193
0150:trace:hid:HidD_GetAttributes file 000000000000008C, attributes 000000000031D2B4.
00b8:trace:hid:pdo_ioctl device 0000000000AA6610 code 0xb01a8
0150:trace:hid:HidP_GetCaps preparsed_data 000000000039EE30, caps 000000000031D2D0.
0150:fixme:dinput:hid_joystick_device_try_open device usage ff00:0004 not implemented!
0150:trace:hid:HidD_FreePreparsedData preparsed_data 000000000039EE30.
00b8:trace:hid:pdo_close Close handle on device 0000000000AA6610
0150:trace:hid:HidD_GetPreparsedData file 000000000000008C, preparsed_data 000000000031B178.
00b8:trace:hid:pdo_create Open handle on device 0000000000A17E20
00b8:trace:hid:pdo_ioctl device 0000000000A17E20 code 0xb01a8
00b8:trace:hid:pdo_ioctl device 0000000000A17E20 code 0xb0193
0150:trace:hid:HidD_GetAttributes file 000000000000008C, attributes 000000000031D2B4.
00b8:trace:hid:pdo_ioctl device 0000000000A17E20 code 0xb01a8
0150:trace:hid:HidP_GetCaps preparsed_data 000000000039EE30, caps 000000000031D2D0.
0150:fixme:dinput:hid_joystick_device_try_open device usage ff72:00a1 not implemented!
0150:trace:hid:HidD_FreePreparsedData preparsed_data 000000000039EE30.
00b8:trace:hid:pdo_close Close handle on device 0000000000A17E20
0150:trace:hid:HidD_GetPreparsedData file 000000000000008C, preparsed_data 000000000031B178.
00b8:trace:hid:pdo_create Open handle on device 0000000000A91D50
00b8:trace:hid:pdo_ioctl device 0000000000A91D50 code 0xb01a8
00b8:trace:hid:pdo_ioctl device 0000000000A91D50 code 0xb0193
0150:trace:hid:HidD_GetAttributes file 000000000000008C, attributes 000000000031D2B4.
00b8:trace:hid:pdo_ioctl device 0000000000A91D50 code 0xb01a8
0150:trace:hid:HidP_GetCaps preparsed_data 00000000003A8490, caps 000000000031D2D0.
0150:fixme:dinput:hid_joystick_device_try_open device usage 000c:0001 not implemented!
0150:trace:hid:HidD_FreePreparsedData preparsed_data 00000000003A8490.
00b8:trace:hid:pdo_close Close handle on device 0000000000A91D50
0150:trace:hid:HidD_GetPreparsedData file 000000000000008C, preparsed_data 000000000031B178.
00b8:trace:hid:pdo_create Open handle on device 0000000000A950C0
00b8:trace:hid:pdo_ioctl device 0000000000A950C0 code 0xb01a8
00b8:trace:hid:pdo_ioctl device 0000000000A950C0 code 0xb0193
0150:trace:hid:HidD_GetAttributes file 000000000000008C, attributes 000000000031D2B4.
00b8:trace:hid:pdo_ioctl device 0000000000A950C0 code 0xb01a8
0150:trace:hid:HidP_GetCaps preparsed_data 000000000039EE30, caps 000000000031D2D0.
0150:fixme:dinput:hid_joystick_device_try_open device usage ff60:0061 not implemented!
0150:trace:hid:HidD_FreePreparsedData preparsed_data 000000000039EE30.
00b8:trace:hid:pdo_close Close handle on device 0000000000A950C0
0150:trace:hid:HidD_GetPreparsedData file 000000000000008C, preparsed_data 000000000031B178.
00b8:trace:hid:pdo_create Open handle on device 0000000000A9E550
00b8:trace:hid:pdo_ioctl device 0000000000A9E550 code 0xb01a8
00b8:trace:hid:pdo_ioctl device 0000000000A9E550 code 0xb0193
0150:trace:hid:HidD_GetAttributes file 000000000000008C, attributes 000000000031D2B4.
00b8:trace:hid:pdo_ioctl device 0000000000A9E550 code 0xb01a8
0150:trace:hid:HidP_GetCaps preparsed_data 000000000039EE30, caps 000000000031D2D0.
0150:fixme:dinput:hid_joystick_device_try_open device usage 0001:0080 not implemented!
0150:trace:hid:HidD_FreePreparsedData preparsed_data 000000000039EE30.
00b8:trace:hid:pdo_close Close handle on device 0000000000A9E550
0150:trace:hid:HidD_GetPreparsedData file 000000000000008C, preparsed_data 000000000031B178.
00b8:trace:hid:pdo_create Open handle on device 0000000000A9EAD0
00b8:trace:hid:pdo_ioctl device 0000000000A9EAD0 code 0xb01a8
00b8:trace:hid:pdo_ioctl device 0000000000A9EAD0 code 0xb0193
0150:trace:hid:HidD_GetAttributes file 000000000000008C, attributes 000000000031D2B4.
00b8:trace:hid:pdo_ioctl device 0000000000A9EAD0 code 0xb01a8
0150:trace:hid:HidP_GetCaps preparsed_data 000000000039EE30, caps 000000000031D2D0.
0150:fixme:dinput:hid_joystick_device_try_open device usage 000c:0001 not implemented!
0150:trace:hid:HidD_FreePreparsedData preparsed_data 000000000039EE30.
00b8:trace:hid:pdo_close Close handle on device 0000000000A9EAD0
0150:trace:hid:HidD_GetPreparsedData file 000000000000008C, preparsed_data 000000000031B178.
00b8:trace:hid:pdo_create Open handle on device 0000000000A9F050
00b8:trace:hid:pdo_ioctl device 0000000000A9F050 code 0xb01a8
00b8:trace:hid:pdo_ioctl device 0000000000A9F050 code 0xb0193
00e4:trace:hid:process_hid_report device 0000000000A74650 report_buf 0000000000A49372 (0x20), report_len 0xf
00e4:trace:hid:deliver_next_report device 0000000000A74650/0x7fe9b40dd900 input report length 15:
00e4:trace:hid:deliver_next_report 00000000  20 01 02 00 00 fa 2f 00 00 00 15 00 00 00 00
0150:trace:hid:HidD_GetAttributes file 000000000000008C, attributes 000000000031D2B4.
0124:trace:hid:hid_device_queue_input pdo 0000000000AA6768, packet 0000000002DFFEA0
00b8:trace:hid:pdo_ioctl device 0000000000A9F050 code 0xb01a8
0150:trace:hid:HidP_GetCaps preparsed_data 000000000039EE30, caps 000000000031D2D0.
0150:trace:hid:HidD_FreePreparsedData preparsed_data 000000000039EE30.
00b8:trace:hid:pdo_close Close handle on device 0000000000A9F050
0150:trace:hid:HidD_GetPreparsedData file 000000000000008C, preparsed_data 000000000031B178.
00b8:trace:hid:pdo_create Open handle on device 0000000000A5F470
00b8:trace:hid:pdo_ioctl device 0000000000A5F470 code 0xb01a8
00b8:trace:hid:pdo_ioctl device 0000000000A5F470 code 0xb0193
0150:trace:hid:HidD_GetAttributes file 000000000000008C, attributes 000000000031D2B4.
00b8:trace:hid:pdo_ioctl device 0000000000A5F470 code 0xb01a8
0150:trace:hid:HidP_GetCaps preparsed_data 00000000003A8490, caps 000000000031D2D0.
0150:trace:hid:HidD_GetProductString file 000000000000008C, buffer 000000000031D5F8, buffer_len 520.
00b8:trace:hid:pdo_ioctl device 0000000000A5F470 code 0xb01be
00b8:trace:hid:hid_internal_dispatch IOCTL_HID_GET_STRING[00000002]
0150:trace:hid:HidD_GetProductString file 000000000000008C, buffer 000000000031D800, buffer_len 520.
00b8:trace:hid:pdo_ioctl device 0000000000A5F470 code 0xb01be
00b8:trace:hid:hid_internal_dispatch IOCTL_HID_GET_STRING[00000002]
00b8:trace:hid:pdo_ioctl device 0000000000A5F470 code 0xb04b0
0150:trace:hid:HidP_GetLinkCollectionNodes nodes 000000000031B4A0, nodes_len 000000000031B170, preparsed_data 00000000003A8490.
0150:trace:hid:HidP_GetSpecificButtonCaps report_type 1, usage_page 15, collection 0, usage 154, caps 000000000031B1D0, caps_count 000000000031B16A, preparsed_data 00000000003A8490.
0150:trace:hid:HidP_GetSpecificButtonCaps report_type 0, usage_page 9, collection 0, usage 0, caps 000000000031B1D0, caps_count 000000000031B16A, preparsed_data 00000000003A8490.
0150:trace:hid:HidP_GetSpecificValueCaps report_type 0, usage_page 1, collection 0, usage 48, caps 000000000031B180, caps_count 000000000031B16A, preparsed_data 00000000003A8490.
0150:trace:hid:HidP_GetSpecificValueCaps report_type 0, usage_page 1, collection 0, usage 49, caps 000000000031B180, caps_count 000000000031B16A, preparsed_data 00000000003A8490.
0150:trace:hid:HidP_GetSpecificValueCaps report_type 0, usage_page 2, collection 0, usage 200, caps 000000000031B180, caps_count 000000000031B16A, preparsed_data 00000000003A8490.
0150:trace:hid:HidP_GetSpecificValueCaps report_type 0, usage_page 1, collection 0, usage 50, caps 000000000031B180, caps_count 000000000031B16A, preparsed_data 00000000003A8490.
0150:trace:hid:HidP_GetSpecificValueCaps report_type 0, usage_page 1, collection 0, usage 57, caps 000000000031B180, caps_count 000000000031B16A, preparsed_data 00000000003A8490.
0150:trace:dinput:hid_joystick_device_try_open detected device type 0x10114
0150:trace:hid:HidD_FreePreparsedData preparsed_data 00000000003A8490.
00b8:trace:hid:pdo_close Close handle on device 0000000000A5F470
