00bc:trace:plugplay:IoRegisterDeviceInterface device 0000000000A919F0, class_guid {92383b0e-f90e-4ac9-8d44-8c2d0d0ebda2}, refstr <null>, symbolic_link 0000000000A91CE0.
00bc:trace:plugplay:get_device_instance_id Returning ID L"WINEBTH\\RADIO\\_org_bluez_hci0".
00bc:trace:plugplay:IoRegisterDeviceInterface Returning path L"\\??\\WINEBTH#RADIO#_org_bluez_hci0#{92383b0e-f90e-4ac9-8d44-8c2d0d0ebda2}".
00bc:trace:plugplay:IoSetDeviceInterfaceState device L"\\??\\WINEBTH#RADIO#_org_bluez_hci0#{92383b0e-f90e-4ac9-8d44-8c2d0d0ebda2}", enable 1.
00bc:trace:plugplay:IoGetDeviceProperty device 0000000000A919F0, property 11, length 0, buffer 0000000000000000, needed 0000000000F0F93C.
00bc:trace:plugplay:IoGetDeviceProperty device 0000000000A919F0, property 11, length 48, buffer 0000000000A1B770, needed 0000000000F0F93C.
00bc:trace:plugplay:get_device_instance_id Returning ID L"WINEBTH\\RADIO\\_org_bluez_hci0".
00bc:trace:plugplay:handle_bus_relations (0000000000A6ECD0)
00bc:trace:hid:fdo_pnp irp 00000000007F9E50, minor function 0x7.
00bc:trace:hid:pdo_pnp_dispatch device 0000000000A6ECD0, irp 00000000007F9E50, minor function 0x7.
00bc:trace:plugplay:handle_bus_relations Got 4 devices.
00bc:trace:plugplay:handle_bus_relations Adding new device 0000000000A8B900.
00bc:trace:hid:pdo_pnp irp 00000000007F9E50, minor function 0x13.
00bc:trace:hid:pdo_pnp irp 00000000007F9E50, minor function 0x13.
00bc:trace:plugplay:get_device_instance_id Returning ID L"HID\\VID_03F0&PID_018B&MI_03&Col01\\16645&0&0&0&0000".
00bc:trace:plugplay:enumerate_new_device Creating new device L"HID\\VID_03F0&PID_018B&MI_03&Col01\\16645&0&0&0&0000".
00bc:trace:hid:pdo_pnp irp 00000000007F9E50, minor function 0x9.
00bc:trace:hid:pdo_pnp irp 00000000007F9E50, minor function 0x13.
00bc:trace:hid:pdo_pnp irp 00000000007F9E50, minor function 0xc.
00bc:warn:hid:pdo_pnp Ignoring IRP_MN_QUERY_TEXT type 0.
00bc:warn:plugplay:load_function_driver No driver registered for device 0000000000A8B900.
00bc:trace:hid:pdo_pnp irp 00000000007F9E50, minor function 0.
00bc:trace:hid:send_wm_input_device_change pdo 0000000000A8BA58, lparam 0000000000000001
00bc:trace:plugplay:IoRegisterDeviceInterface device 0000000000A8B900, class_guid {4d1e55b2-f16f-11cf-88cb-001111000030}, refstr <null>, symbolic_link 0000000000A8BE10.
00bc:trace:hid:pdo_pnp irp 00000000007F9F70, minor function 0x13.
00bc:trace:hid:pdo_pnp irp 00000000007F9F70, minor function 0x13.
00bc:trace:plugplay:get_device_instance_id Returning ID L"HID\\VID_03F0&PID_018B&MI_03&Col01\\16645&0&0&0&0000".
0034:fixme:ver:GetCurrentPackageId (000000000031FEA0 0000000000000000): stub
00bc:trace:plugplay:IoRegisterDeviceInterface Returning path L"\\??\\HID#VID_03F0&PID_018B&MI_03&Col01#16645&0&0&0&0000#{4d1e55b2-f16f-11cf-88cb-001111000030}".
00bc:trace:plugplay:IoSetDeviceInterfaceState device L"\\??\\HID#VID_03F0&PID_018B&MI_03&Col01#16645&0&0&0&0000#{4d1e55b2-f16f-11cf-88cb-001111000030}", enable 1.
00bc:trace:plugplay:IoGetDeviceProperty device 0000000000A8B900, property 11, length 0, buffer 0000000000000000, needed 0000000000F0F92C.
00bc:trace:plugplay:IoGetDeviceProperty device 0000000000A8B900, property 11, length 96, buffer 0000000000ACEFF0, needed 0000000000F0F92C.
00bc:trace:hid:pdo_pnp irp 00000000007F9E50, minor function 0x13.
00bc:trace:hid:pdo_pnp irp 00000000007F9E50, minor function 0x13.
00bc:trace:plugplay:get_device_instance_id Returning ID L"HID\\VID_03F0&PID_018B&MI_03&Col01\\16645&0&0&0&0000".
00bc:trace:plugplay:handle_bus_relations Adding new device 0000000000A8BE80.
00bc:trace:hid:pdo_pnp irp 00000000007F9E50, minor function 0x13.
00bc:trace:hid:pdo_pnp irp 00000000007F9E50, minor function 0x13.
00bc:trace:plugplay:get_device_instance_id Returning ID L"HID\\VID_03F0&PID_018B&MI_03&Col02\\16645&0&0&0&0001".
00bc:trace:plugplay:enumerate_new_device Creating new device L"HID\\VID_03F0&PID_018B&MI_03&Col02\\16645&0&0&0&0001".
00bc:trace:hid:pdo_pnp irp 00000000007F9E50, minor function 0x9.
00bc:trace:hid:pdo_pnp irp 00000000007F9E50, minor function 0x13.
00bc:trace:hid:pdo_pnp irp 00000000007F9E50, minor function 0xc.
00bc:warn:hid:pdo_pnp Ignoring IRP_MN_QUERY_TEXT type 0.
00bc:warn:plugplay:load_function_driver No driver registered for device 0000000000A8BE80.
00bc:trace:hid:pdo_pnp irp 00000000007F9E50, minor function 0.
00bc:trace:hid:send_wm_input_device_change pdo 0000000000A8BFD8, lparam 0000000000000001
00bc:trace:plugplay:IoRegisterDeviceInterface device 0000000000A8BE80, class_guid {4d1e55b2-f16f-11cf-88cb-001111000030}, refstr <null>, symbolic_link 0000000000A8C390.
00bc:trace:hid:pdo_pnp irp 00000000007F9F70, minor function 0x13.
00bc:trace:hid:pdo_pnp irp 00000000007F9F70, minor function 0x13.
00bc:trace:plugplay:get_device_instance_id Returning ID L"HID\\VID_03F0&PID_018B&MI_03&Col02\\16645&0&0&0&0001".
00bc:trace:plugplay:IoRegisterDeviceInterface Returning path L"\\??\\HID#VID_03F0&PID_018B&MI_03&Col02#16645&0&0&0&0001#{4d1e55b2-f16f-11cf-88cb-001111000030}".
00bc:trace:plugplay:IoSetDeviceInterfaceState device L"\\??\\HID#VID_03F0&PID_018B&MI_03&Col02#16645&0&0&0&0001#{4d1e55b2-f16f-11cf-88cb-001111000030}", enable 1.
00bc:trace:plugplay:IoGetDeviceProperty device 0000000000A8BE80, property 11, length 0, buffer 0000000000000000, needed 0000000000F0F92C.
00bc:trace:plugplay:IoGetDeviceProperty device 0000000000A8BE80, property 11, length 96, buffer 0000000000AE4670, needed 0000000000F0F92C.
00bc:trace:hid:pdo_pnp irp 00000000007F9E50, minor function 0x13.
00bc:trace:hid:pdo_pnp irp 00000000007F9E50, minor function 0x13.
00bc:trace:plugplay:get_device_instance_id Returning ID L"HID\\VID_03F0&PID_018B&MI_03&Col02\\16645&0&0&0&0001".
00bc:trace:plugplay:handle_bus_relations Adding new device 0000000000A8C400.
00bc:trace:hid:pdo_pnp irp 00000000007F9E50, minor function 0x13.
00bc:trace:hid:pdo_pnp irp 00000000007F9E50, minor function 0x13.
00bc:trace:plugplay:get_device_instance_id Returning ID L"HID\\VID_03F0&PID_018B&MI_03&Col03\\16645&0&0&0&0002".
00bc:trace:plugplay:enumerate_new_device Creating new device L"HID\\VID_03F0&PID_018B&MI_03&Col03\\16645&0&0&0&0002".
00bc:trace:hid:pdo_pnp irp 00000000007F9E50, minor function 0x9.
00bc:trace:hid:pdo_pnp irp 00000000007F9E50, minor function 0x13.
00bc:trace:hid:pdo_pnp irp 00000000007F9E50, minor function 0xc.
00bc:warn:hid:pdo_pnp Ignoring IRP_MN_QUERY_TEXT type 0.
00bc:warn:plugplay:load_function_driver No driver registered for device 0000000000A8C400.
00bc:trace:hid:pdo_pnp irp 00000000007F9E50, minor function 0.
00bc:trace:hid:send_wm_input_device_change pdo 0000000000A8C558, lparam 0000000000000001
00bc:trace:plugplay:IoRegisterDeviceInterface device 0000000000A8C400, class_guid {4d1e55b2-f16f-11cf-88cb-001111000030}, refstr <null>, symbolic_link 0000000000A8C910.
00bc:trace:hid:pdo_pnp irp 00000000007F9F70, minor function 0x13.
00bc:trace:hid:pdo_pnp irp 00000000007F9F70, minor function 0x13.
00bc:trace:plugplay:get_device_instance_id Returning ID L"HID\\VID_03F0&PID_018B&MI_03&Col03\\16645&0&0&0&0002".
00bc:trace:plugplay:IoRegisterDeviceInterface Returning path L"\\??\\HID#VID_03F0&PID_018B&MI_03&Col03#16645&0&0&0&0002#{4d1e55b2-f16f-11cf-88cb-001111000030}".
00bc:trace:plugplay:IoSetDeviceInterfaceState device L"\\??\\HID#VID_03F0&PID_018B&MI_03&Col03#16645&0&0&0&0002#{4d1e55b2-f16f-11cf-88cb-001111000030}", enable 1.
00bc:trace:plugplay:IoGetDeviceProperty device 0000000000A8C400, property 11, length 0, buffer 0000000000000000, needed 0000000000F0F92C.
00bc:trace:plugplay:IoGetDeviceProperty device 0000000000A8C400, property 11, length 96, buffer 0000000000AE4AD0, needed 0000000000F0F92C.
00bc:trace:hid:pdo_pnp irp 00000000007F9E50, minor function 0x13.
00bc:trace:hid:pdo_pnp irp 00000000007F9E50, minor function 0x13.
00bc:trace:plugplay:get_device_instance_id Returning ID L"HID\\VID_03F0&PID_018B&MI_03&Col03\\16645&0&0&0&0002".
00bc:trace:plugplay:handle_bus_relations Adding new device 0000000000A8C980.
00bc:trace:hid:pdo_pnp irp 00000000007F9E50, minor function 0x13.
00bc:trace:hid:pdo_pnp irp 00000000007F9E50, minor function 0x13.
00bc:trace:plugplay:get_device_instance_id Returning ID L"HID\\VID_03F0&PID_018B&MI_03&Col04\\16645&0&0&0&0003".
00bc:trace:plugplay:enumerate_new_device Creating new device L"HID\\VID_03F0&PID_018B&MI_03&Col04\\16645&0&0&0&0003".
00bc:trace:hid:pdo_pnp irp 00000000007F9E50, minor function 0x9.
00bc:trace:hid:pdo_pnp irp 00000000007F9E50, minor function 0x13.
00bc:trace:hid:pdo_pnp irp 00000000007F9E50, minor function 0xc.
00bc:warn:hid:pdo_pnp Ignoring IRP_MN_QUERY_TEXT type 0.
00bc:warn:plugplay:load_function_driver No driver registered for device 0000000000A8C980.
00bc:trace:hid:pdo_pnp irp 00000000007F9E50, minor function 0.
00bc:trace:hid:send_wm_input_device_change pdo 0000000000A8CAD8, lparam 0000000000000001
00bc:trace:plugplay:IoRegisterDeviceInterface device 0000000000A8C980, class_guid {4d1e55b2-f16f-11cf-88cb-001111000030}, refstr <null>, symbolic_link 0000000000A8CE90.
00bc:trace:hid:pdo_pnp irp 00000000007F9F70, minor function 0x13.
00bc:trace:hid:pdo_pnp irp 00000000007F9F70, minor function 0x13.
00bc:trace:plugplay:get_device_instance_id Returning ID L"HID\\VID_03F0&PID_018B&MI_03&Col04\\16645&0&0&0&0003".
00bc:trace:plugplay:IoRegisterDeviceInterface Returning path L"\\??\\HID#VID_03F0&PID_018B&MI_03&Col04#16645&0&0&0&0003#{4d1e55b2-f16f-11cf-88cb-001111000030}".
00bc:trace:plugplay:IoSetDeviceInterfaceState device L"\\??\\HID#VID_03F0&PID_018B&MI_03&Col04#16645&0&0&0&0003#{4d1e55b2-f16f-11cf-88cb-001111000030}", enable 1.
00bc:trace:plugplay:IoGetDeviceProperty device 0000000000A8C980, property 11, length 0, buffer 0000000000000000, needed 0000000000F0F92C.
00bc:trace:plugplay:IoGetDeviceProperty device 0000000000A8C980, property 11, length 96, buffer 0000000000AE4F30, needed 0000000000F0F92C.
00bc:trace:hid:pdo_pnp irp 00000000007F9E50, minor function 0x13.
00bc:trace:hid:pdo_pnp irp 00000000007F9E50, minor function 0x13.
00bc:trace:plugplay:get_device_instance_id Returning ID L"HID\\VID_03F0&PID_018B&MI_03&Col04\\16645&0&0&0&0003".
00bc:trace:plugplay:handle_bus_relations (0000000000A183C0)
00bc:trace:hid:handle_IRP_MN_QUERY_DEVICE_RELATIONS IRP_MN_QUERY_DEVICE_RELATIONS
00bc:trace:plugplay:pnp_manager_device_pnp device 0000000000A183C0, irp 00000000007F9E50, minor function 0x7.
00bc:trace:plugplay:handle_bus_relations Got 9 devices.
00bc:trace:plugplay:handle_bus_relations (0000000000A183C0)
00bc:trace:hid:handle_IRP_MN_QUERY_DEVICE_RELATIONS IRP_MN_QUERY_DEVICE_RELATIONS
00bc:trace:plugplay:pnp_manager_device_pnp device 0000000000A183C0, irp 00000000007F9E50, minor function 0x7.
00bc:trace:plugplay:handle_bus_relations Got 9 devices.
00bc:trace:plugplay:handle_bus_relations (0000000000A183C0)
00bc:trace:hid:handle_IRP_MN_QUERY_DEVICE_RELATIONS IRP_MN_QUERY_DEVICE_RELATIONS
00bc:trace:plugplay:pnp_manager_device_pnp device 0000000000A183C0, irp 00000000007F9E50, minor function 0x7.
00bc:trace:plugplay:handle_bus_relations Got 9 devices.
00bc:trace:plugplay:handle_bus_relations (0000000000A183C0)
00bc:trace:hid:handle_IRP_MN_QUERY_DEVICE_RELATIONS IRP_MN_QUERY_DEVICE_RELATIONS
00bc:trace:plugplay:pnp_manager_device_pnp device 0000000000A183C0, irp 00000000007F9E50, minor function 0x7.
00bc:trace:plugplay:handle_bus_relations Got 9 devices.
00e4:trace:hid:process_hid_report device 0000000000A717A0 report_buf 0000000000A49372 (0x7), report_len 0x20
00e4:trace:hid:deliver_next_report device 0000000000A717A0/0x7fe9b4080f00 input report length 32:
00e4:trace:hid:deliver_next_report 00000000  07 05 0b fe 31 0c 00 08 78 0b 00 20 c9 8d 00 08
00e4:trace:hid:deliver_next_report 00000010  72 b4 f0 f3 e8 03 00 00 20 66 3d 0a 0b 00 00 00
011c:trace:hid:hid_device_queue_input pdo 0000000000A95218, packet 00000000029FFEA0
002c:fixme:ver:GetCurrentPackageId (000000000031FEA0 0000000000000000): stub
0024:fixme:winediag:loader_init wine-staging 10.18 is a testing version containing experimental patches.
0024:fixme:winediag:loader_init Please mention your exact version when filing bug reports on winehq.org.
00e4:trace:hid:process_hid_report device 0000000000A717A0 report_buf 0000000000A49372 (0x6), report_len 0x20
00e4:trace:hid:deliver_next_report device 0000000000A717A0/0x7fe9b4080f00 input report length 32:
00e4:trace:hid:deliver_next_report 00000000  06 00 05 fe 00 00 00 00 01 00 00 00 27 34 00 08
00e4:trace:hid:deliver_next_report 00000010  00 05 d4 e3 00 05 00 00 00 05 d4 e3 00 00 00 00
011c:trace:hid:hid_device_queue_input pdo 0000000000A95218, packet 00000000029FFEA0
00e4:trace:hid:process_hid_report device 0000000000A717A0 report_buf 0000000000A49372 (0x7), report_len 0x20
00e4:trace:hid:deliver_next_report device 0000000000A717A0/0x7fe9b4080f00 input report length 32:
00e4:trace:hid:deliver_next_report 00000000  07 00 05 fe 31 0c 00 08 78 0b 00 20 c9 8d 00 08
00e4:trace:hid:deliver_next_report 00000010  f3 54 f1 f3 e8 03 00 00 20 66 3d 0a 05 00 00 00
011c:trace:hid:hid_device_queue_input pdo 0000000000A95218, packet 00000000029FFEA0
00e4:trace:hid:process_hid_report device 0000000000A74650 report_buf 0000000000A49372 (0x20), report_len 0xf
00e4:trace:hid:deliver_next_report device 0000000000A74650/0x7fe9b40dd900 input report length 15:
00e4:trace:hid:deliver_next_report 00000000  20 01 02 00 00 00 30 00 00 00 0e 00 00 00 00
0124:trace:hid:hid_device_queue_input pdo 0000000000AA6768, packet 0000000002DFFEA0
00e4:trace:hid:process_hid_report device 0000000000A74650 report_buf 0000000000A49372 (0x20), report_len 0xf
00e4:trace:hid:deliver_next_report device 0000000000A74650/0x7fe9b40dd900 input report length 15:
00e4:trace:hid:deliver_next_report 00000000  20 01 02 00 00 fa df ff 00 00 66 00 00 00 00
0124:trace:hid:hid_device_queue_input pdo 0000000000AA6768, packet 0000000002DFFEA0
00e4:trace:hid:process_hid_report device 0000000000A74650 report_buf 0000000000A49372 (0x20), report_len 0xf
00e4:trace:hid:deliver_next_report device 0000000000A74650/0x7fe9b40dd900 input report length 15:
00e4:trace:hid:deliver_next_report 00000000  20 01 02 00 00 f8 af ff 00 00 98 00 00 00 00
0124:trace:hid:hid_device_queue_input pdo 0000000000AA6768, packet 0000000002DFFEA0
00e4:trace:hid:process_hid_report device 0000000000A74650 report_buf 0000000000A49372 (0x20), report_len 0xf
00e4:trace:hid:deliver_next_report device 0000000000A74650/0x7fe9b40dd900 input report length 15:
00e4:trace:hid:deliver_next_report 00000000  20 01 02 00 00 f8 cf ff 00 00 78 00 00 00 00
0124:trace:hid:hid_device_queue_input pdo 0000000000AA6768, packet 0000000002DFFEA0
00e4:trace:hid:process_hid_report device 0000000000A74650 report_buf 0000000000A49372 (0x20), report_len 0xf
00e4:trace:hid:deliver_next_report device 0000000000A74650/0x7fe9b40dd900 input report length 15:
00e4:trace:hid:deliver_next_report 00000000  20 01 02 00 00 fa df ff 00 00 66 00 00 00 00
0124:trace:hid:hid_device_queue_input pdo 0000000000AA6768, packet 0000000002DFFEA0
00e4:trace:hid:process_hid_report device 0000000000A74650 report_buf 0000000000A49372 (0x20), report_len 0xf
00e4:trace:hid:deliver_next_report device 0000000000A74650/0x7fe9b40dd900 input report length 15:
00e4:trace:hid:deliver_next_report 00000000  20 01 02 00 00 fa df ff 00 00 66 00 00 00 00
0124:trace:hid:hid_device_queue_input pdo 0000000000AA6768, packet 0000000002DFFEA0
00e4:trace:hid:process_hid_report device 0000000000A74650 report_buf 0000000000A49372 (0x20), report_len 0xf
00e4:trace:hid:deliver_next_report device 0000000000A74650/0x7fe9b40dd900 input report length 15:
00e4:trace:hid:deliver_next_report 00000000  20 01 02 00 00 fb ef ff 00 00 55 00 00 00 00
0124:trace:hid:hid_device_queue_input pdo 0000000000AA6768, packet 0000000002DFFEA0
00e4:trace:hid:process_hid_report device 0000000000A74650 report_buf 0000000000A49372 (0x20), report_len 0xf
00e4:trace:hid:deliver_next_report device 0000000000A74650/0x7fe9b40dd900 input report length 15:
00e4:trace:hid:deliver_next_report 00000000  20 01 02 00 00 fe ff ff 00 00 42 00 00 00 00
0124:trace:hid:hid_device_queue_input pdo 0000000000AA6768, packet 0000000002DFFEA0
00e4:trace:hid:process_hid_report device 0000000000A74650 report_buf 0000000000A49372 (0x20), report_len 0xf
00e4:trace:hid:deliver_next_report device 0000000000A74650/0x7fe9b40dd900 input report length 15:
00e4:trace:hid:deliver_next_report 00000000  20 01 02 00 00 ff 0f 00 00 00 30 00 00 00 00
0124:trace:hid:hid_device_queue_input pdo 0000000000AA6768, packet 0000000002DFFEA0
00e4:trace:hid:process_hid_report device 0000000000A74650 report_buf 0000000000A49372 (0x20), report_len 0xf
00e4:trace:hid:deliver_next_report device 0000000000A74650/0x7fe9b40dd900 input report length 15:
00e4:trace:hid:deliver_next_report 00000000  20 01 02 00 00 ff ff ff 00 00 41 00 00 00 00
0124:trace:hid:hid_device_queue_input pdo 0000000000AA6768, packet 0000000002DFFEA0
00e4:trace:hid:process_hid_report device 0000000000A74650 report_buf 0000000000A49372 (0x20), report_len 0xf
00e4:trace:hid:deliver_next_report device 0000000000A74650/0x7fe9b40dd900 input report length 15:
00e4:trace:hid:deliver_next_report 00000000  20 01 02 00 00 ff 0f 00 00 00 30 00 00 00 00
0124:trace:hid:hid_device_queue_input pdo 0000000000AA6768, packet 0000000002DFFEA0
00e4:trace:hid:process_hid_report device 0000000000A74650 report_buf 0000000000A49372 (0x20), report_len 0xf
00e4:trace:hid:deliver_next_report device 0000000000A74650/0x7fe9b40dd900 input report length 15:
00e4:trace:hid:deliver_next_report 00000000  20 01 02 00 00 fd 0f 00 00 00 32 00 00 00 00
0124:trace:hid:hid_device_queue_input pdo 0000000000AA6768, packet 0000000002DFFEA0
00e4:trace:hid:process_hid_report device 0000000000A74650 report_buf 0000000000A49372 (0x20), report_len 0xf
00e4:trace:hid:deliver_next_report device 0000000000A74650/0x7fe9b40dd900 input report length 15:
00e4:trace:hid:deliver_next_report 00000000  20 01 02 00 00 fd 0f 00 00 00 32 00 00 00 00
0124:trace:hid:hid_device_queue_input pdo 0000000000AA6768, packet 0000000002DFFEA0
00e4:trace:hid:process_hid_report device 0000000000A74650 report_buf 0000000000A49372 (0x20), report_len 0xf
00e4:trace:hid:deliver_next_report device 0000000000A74650/0x7fe9b40dd900 input report length 15:
00e4:trace:hid:deliver_next_report 00000000  20 01 02 00 00 f6 1f 00 00 00 29 00 00 00 00
0124:trace:hid:hid_device_queue_input pdo 0000000000AA6768, packet 0000000002DFFEA0
00e4:trace:hid:process_hid_report device 0000000000A74650 report_buf 0000000000A49372 (0x20), report_len 0xf
00e4:trace:hid:deliver_next_report device 0000000000A74650/0x7fe9b40dd900 input report length 15:
00e4:trace:hid:deliver_next_report 00000000  20 01 02 00 00 f9 1f 00 00 00 26 00 00 00 00
0124:trace:hid:hid_device_queue_input pdo 0000000000AA6768, packet 0000000002DFFEA0
00e4:trace:hid:process_hid_report device 0000000000A74650 report_buf 0000000000A49372 (0x20), report_len 0xf
00e4:trace:hid:deliver_next_report device 0000000000A74650/0x7fe9b40dd900 input report length 15:
00e4:trace:hid:deliver_next_report 00000000  20 01 02 00 00 f6 0f 00 00 00 39 00 00 00 00
0124:trace:hid:hid_device_queue_input pdo 0000000000AA6768, packet 0000000002DFFEA0
00e4:trace:hid:process_hid_report device 0000000000A74650 report_buf 0000000000A49372 (0x20), report_len 0xf
00e4:trace:hid:deliver_next_report device 0000000000A74650/0x7fe9b40dd900 input report length 15:
00e4:trace:hid:deliver_next_report 00000000  20 01 02 00 00 f8 0f 00 00 00 37 00 00 00 00
0124:trace:hid:hid_device_queue_input pdo 0000000000AA6768, packet 0000000002DFFEA0
00e4:trace:hid:process_hid_report device 0000000000A74650 report_buf 0000000000A49372 (0x20), report_len 0xf
00e4:trace:hid:deliver_next_report device 0000000000A74650/0x7fe9b40dd900 input report length 15:
00e4:trace:hid:deliver_next_report 00000000  20 01 02 00 00 f6 0f 00 00 00 39 00 00 00 00
0124:trace:hid:hid_device_queue_input pdo 0000000000AA6768, packet 0000000002DFFEA0
00e4:trace:hid:process_hid_report device 0000000000A74650 report_buf 0000000000A49372 (0x20), report_len 0xf
00e4:trace:hid:deliver_next_report device 0000000000A74650/0x7fe9b40dd900 input report length 15:
00e4:trace:hid:deliver_next_report 00000000  20 01 02 00 00 f6 0f 00 00 00 39 00 00 00 00
0124:trace:hid:hid_device_queue_input pdo 0000000000AA6768, packet 0000000002DFFEA0
00e4:trace:hid:process_hid_report device 0000000000A74650 report_buf 0000000000A49372 (0x20), report_len 0xf
00e4:trace:hid:deliver_next_report device 0000000000A74650/0x7fe9b40dd900 input report length 15:
00e4:trace:hid:deliver_next_report 00000000  20 01 02 00 00 f9 0f 00 00 00 36 00 00 00 00
0124:trace:hid:hid_device_queue_input pdo 0000000000AA6768, packet 0000000002DFFEA0
00e4:trace:hid:process_hid_report device 0000000000A74650 report_buf 0000000000A49372 (0x20), report_len 0xf
00e4:trace:hid:deliver_next_report device 0000000000A74650/0x7fe9b40dd900 input report length 15:
00e4:trace:hid:deliver_next_report 00000000  20 01 02 00 00 f8 0f 00 00 00 37 00 00 00 00
0124:trace:hid:hid_device_queue_input pdo 0000000000AA6768, packet 0000000002DFFEA0
00e4:trace:hid:process_hid_report device 0000000000A74650 report_buf 0000000000A49372 (0x20), report_len 0xf
00e4:trace:hid:deliver_next_report device 0000000000A74650/0x7fe9b40dd900 input report length 15:
00e4:trace:hid:deliver_next_report 00000000  20 01 02 00 00 f8 1f 00 00 00 27 00 00 00 00
0124:trace:hid:hid_device_queue_input pdo 0000000000AA6768, packet 0000000002DFFEA0
00e4:trace:hid:process_hid_report device 0000000000A74650 report_buf 0000000000A49372 (0x20), report_len 0xf
00e4:trace:hid:deliver_next_report device 0000000000A74650/0x7fe9b40dd900 input report length 15:
00e4:trace:hid:deliver_next_report 00000000  20 01 02 00 00 fb 1f 00 00 00 24 00 00 00 00
0124:trace:hid:hid_device_queue_input pdo 0000000000AA6768, packet 0000000002DFFEA0
00e4:trace:hid:process_hid_report device 0000000000A74650 report_buf 0000000000A49372 (0x20), report_len 0xf
00e4:trace:hid:deliver_next_report device 0000000000A74650/0x7fe9b40dd900 input report length 15:
00e4:trace:hid:deliver_next_report 00000000  20 01 02 00 00 fa 1f 00 00 00 25 00 00 00 00
0124:trace:hid:hid_device_queue_input pdo 0000000000AA6768, packet 0000000002DFFEA0
00e4:trace:hid:process_hid_report device 0000000000A74650 report_buf 0000000000A49372 (0x20), report_len 0xf
00e4:trace:hid:deliver_next_report device 0000000000A74650/0x7fe9b40dd900 input report length 15:
00e4:trace:hid:deliver_next_report 00000000  20 01 02 00 00 fb 1f 00 00 00 24 00 00 00 00
0124:trace:hid:hid_device_queue_input pdo 0000000000AA6768, packet 0000000002DFFEA0
00e4:trace:hid:process_hid_report device 0000000000A74650 report_buf 0000000000A49372 (0x20), report_len 0xf
00e4:trace:hid:deliver_next_report device 0000000000A74650/0x7fe9b40dd900 input report length 15:
00e4:trace:hid:deliver_next_report 00000000  20 01 02 00 00 fd 1f 00 00 00 22 00 00 00 00
0124:trace:hid:hid_device_queue_input pdo 0000000000AA6768, packet 0000000002DFFEA0
00e4:trace:hid:process_hid_report device 0000000000A74650 report_buf 0000000000A49372 (0x20), report_len 0xf
00e4:trace:hid:deliver_next_report device 0000000000A74650/0x7fe9b40dd900 input report length 15:
00e4:trace:hid:deliver_next_report 00000000  20 01 02 00 00 fb 2f 00 00 00 14 00 00 00 00
0124:trace:hid:hid_device_queue_input pdo 0000000000AA6768, packet 0000000002DFFEA0
00e4:trace:hid:process_hid_report device 0000000000A74650 report_buf 0000000000A49372 (0x20), report_len 0xf
00e4:trace:hid:deliver_next_report device 0000000000A74650/0x7fe9b40dd900 input report length 15:
00e4:trace:hid:deliver_next_report 00000000  20 01 02 00 00 fd 1f 00 00 00 22 00 00 00 00
0124:trace:hid:hid_device_queue_input pdo 0000000000AA6768, packet 0000000002DFFEA0
00e4:trace:hid:process_hid_report device 0000000000A74650 report_buf 0000000000A49372 (0x20), report_len 0xf
00e4:trace:hid:deliver_next_report device 0000000000A74650/0x7fe9b40dd900 input report length 15:
00e4:trace:hid:deliver_next_report 00000000  20 01 02 00 00 fd 1f 00 00 00 22 00 00 00 00
0124:trace:hid:hid_device_queue_input pdo 0000000000AA6768, packet 0000000002DFFEA0
00e4:trace:hid:process_hid_report device 0000000000A74650 report_buf 0000000000A49372 (0x20), report_len 0xf
00e4:trace:hid:deliver_next_report device 0000000000A74650/0x7fe9b40dd900 input report length 15:
00e4:trace:hid:deliver_next_report 00000000  20 01 02 00 00 fc 2f 00 00 00 13 00 00 00 00
0124:trace:hid:hid_device_queue_input pdo 0000000000AA6768, packet 0000000002DFFEA0
00e4:trace:hid:process_hid_report device 0000000000A74650 report_buf 0000000000A49372 (0x20), report_len 0xf
00e4:trace:hid:deliver_next_report device 0000000000A74650/0x7fe9b40dd900 input report length 15:
00e4:trace:hid:deliver_next_report 00000000  20 01 02 00 00 fd 1f 00 00 00 22 00 00 00 00
0124:trace:hid:hid_device_queue_input pdo 0000000000AA6768, packet 0000000002DFFEA0
00e4:trace:hid:process_hid_report device 0000000000A74650 report_buf 0000000000A49372 (0x20), report_len 0xf
00e4:trace:hid:deliver_next_report device 0000000000A74650/0x7fe9b40dd900 input report length 15:
00e4:trace:hid:deliver_next_report 00000000  20 01 02 00 00 fc 2f 00 00 00 13 00 00 00 00
0124:trace:hid:hid_device_queue_input pdo 0000000000AA6768, packet 0000000002DFFEA0
00e4:trace:hid:process_hid_report device 0000000000A74650 report_buf 0000000000A49372 (0x20), report_len 0xf
00e4:trace:hid:deliver_next_report device 0000000000A74650/0x7fe9b40dd900 input report length 15:
00e4:trace:hid:deliver_next_report 00000000  20 01 02 00 00 fb 3f 00 00 00 04 00 00 00 00
0124:trace:hid:hid_device_queue_input pdo 0000000000AA6768, packet 0000000002DFFEA0
00e4:trace:hid:process_hid_report device 0000000000A74650 report_buf 0000000000A49372 (0x20), report_len 0xf
00e4:trace:hid:deliver_next_report device 0000000000A74650/0x7fe9b40dd900 input report length 15:
00e4:trace:hid:deliver_next_report 00000000  20 01 02 00 00 fb 3f 00 00 00 04 00 00 00 00
0124:trace:hid:hid_device_queue_input pdo 0000000000AA6768, packet 0000000002DFFEA0
0150:trace:dinput:DllMain inst 00006FFFFE230000, reason 1, reserved 0000000000000000.
00e4:trace:hid:process_hid_report device 0000000000A74650 report_buf 0000000000A49372 (0x20), report_len 0xf
00e4:trace:hid:deliver_next_report device 0000000000A74650/0x7fe9b40dd900 input report length 15:
00e4:trace:hid:deliver_next_report 00000000  20 01 02 00 00 f9 3f 00 00 00 06 00 00 00 00
0124:trace:hid:hid_device_queue_input pdo 0000000000AA6768, packet 0000000002DFFEA0
00e4:trace:hid:process_hid_report device 0000000000A74650 report_buf 0000000000A49372 (0x20), report_len 0xf
00e4:trace:hid:deliver_next_report device 0000000000A74650/0x7fe9b40dd900 input report length 15:
00e4:trace:hid:deliver_next_report 00000000  20 01 02 00 00 fb 3f 00 00 00 04 00 00 00 00
0124:trace:hid:hid_device_queue_input pdo 0000000000AA6768, packet 0000000002DFFEA0
00e4:trace:hid:process_hid_report device 0000000000A74650 report_buf 0000000000A49372 (0x20), report_len 0xf
00e4:trace:hid:deliver_next_report device 0000000000A74650/0x7fe9b40dd900 input report length 15:
00e4:trace:hid:deliver_next_report 00000000  20 01 02 00 00 fa 3f 00 00 00 05 00 00 00 00
0124:trace:hid:hid_device_queue_input pdo 0000000000AA6768, packet 0000000002DFFEA0
0150:trace:dinput:DirectInput8Create hinst 0000000140000000, version 0x800, iid {bf798031-483a-4da2-aa99-5d64ed369700}, out 000000000031DAE0, outer 0000000000000000.
0150:trace:dinput:dinput7_QueryInterface iface 00000000003918D8, iid {bf798031-483a-4da2-aa99-5d64ed369700}, out 000000000031DAE0.
0150:trace:dinput:dinput7_AddRef iface 00000000003918D8 increasing refcount to 2.
0150:trace:dinput:dinput7_Release iface 00000000003918D8 decreasing refcount to 1.
0150:trace:dinput:dinput8_Initialize iface 00000000003918E8, hinst 0000000140000000, version 0x800.
0150:trace:dinput:dinput8_EnumDevices iface 00000000003918E8, type 0x4, callback 00006FFFFE293260, context 00000000003918E8, flags 0x1.
0150:trace:dinput:hid_joystick_enum_device type 0x4, flags 0x1, instance 000000000031D5D0, version 0x800, index 0
0150:trace:dinput:hid_joystick_device_open index 0, guid {00000000-0000-0000-0000-000000000000}
0150:trace:hid:HidD_GetHidGuid guid 000000000031CD80.
0150:trace:hid:HidD_GetPreparsedData file 0000000000000084, preparsed_data 000000000031B178.
00b8:trace:hid:pdo_create Open handle on device 0000000000A8B900
00b8:trace:hid:pdo_ioctl device 0000000000A8B900 code 0xb01a8
00b8:trace:hid:pdo_ioctl device 0000000000A8B900 code 0xb0193
0150:trace:hid:HidD_GetAttributes file 0000000000000084, attributes 000000000031D2B4.
00b8:trace:hid:pdo_ioctl device 0000000000A8B900 code 0xb01a8
0150:trace:hid:HidP_GetCaps preparsed_data 00000000003A5B10, caps 000000000031D2D0.
0150:fixme:dinput:hid_joystick_device_try_open device usage 000c:0001 not implemented!
0150:trace:hid:HidD_FreePreparsedData preparsed_data 00000000003A5B10.
00b8:trace:hid:pdo_close Close handle on device 0000000000A8B900
0150:trace:hid:HidD_GetPreparsedData file 0000000000000084, preparsed_data 000000000031B178.
00b8:trace:hid:pdo_create Open handle on device 0000000000A8BE80
00b8:trace:hid:pdo_ioctl device 0000000000A8BE80 code 0xb01a8
00b8:trace:hid:pdo_ioctl device 0000000000A8BE80 code 0xb0193
0150:trace:hid:HidD_GetAttributes file 0000000000000084, attributes 000000000031D2B4.
00b8:trace:hid:pdo_ioctl device 0000000000A8BE80 code 0xb01a8
0150:trace:hid:HidP_GetCaps preparsed_data 00000000003A0400, caps 000000000031D2D0.
0150:fixme:dinput:hid_joystick_device_try_open device usage ffc0:0001 not implemented!
0150:trace:hid:HidD_FreePreparsedData preparsed_data 00000000003A0400.
00b8:trace:hid:pdo_close Close handle on device 0000000000A8BE80
0150:trace:hid:HidD_GetPreparsedData file 0000000000000084, preparsed_data 000000000031B178.
00b8:trace:hid:pdo_create Open handle on device 0000000000A8C400
00b8:trace:hid:pdo_ioctl device 0000000000A8C400 code 0xb01a8
00b8:trace:hid:pdo_ioctl device 0000000000A8C400 code 0xb0193
0150:trace:hid:HidD_GetAttributes file 0000000000000084, attributes 000000000031D2B4.
00e4:trace:hid:process_hid_report device 0000000000A74650 report_buf 0000000000A49372 (0x20), report_len 0xf
00e4:trace:hid:deliver_next_report device 0000000000A74650/0x7fe9b40dd900 input report length 15:
00e4:trace:hid:deliver_next_report 00000000  20 01 02 00 00 f7 3f 00 00 00 08 00 00 00 00
00b8:trace:hid:pdo_ioctl device 0000000000A8C400 code 0xb01a8
0124:trace:hid:hid_device_queue_input pdo 0000000000AA6768, packet 0000000002DFFEA0
0150:trace:hid:HidP_GetCaps preparsed_data 00000000003A5B10, caps 000000000031D2D0.
0150:fixme:dinput:hid_joystick_device_try_open device usage ff90:0303 not implemented!
0150:trace:hid:HidD_FreePreparsedData preparsed_data 00000000003A5B10.
00b8:trace:hid:pdo_close Close handle on device 0000000000A8C400
0150:trace:hid:HidD_GetPreparsedData file 0000000000000084, preparsed_data 000000000031B178.
00b8:trace:hid:pdo_create Open handle on device 0000000000A8C980
00b8:trace:hid:pdo_ioctl device 0000000000A8C980 code 0xb01a8
00b8:trace:hid:pdo_ioctl device 0000000000A8C980 code 0xb0193
0150:trace:hid:HidD_GetAttributes file 0000000000000084, attributes 000000000031D2B4.
00b8:trace:hid:pdo_ioctl device 0000000000A8C980 code 0xb01a8
0150:trace:hid:HidP_GetCaps preparsed_data 00000000003A5B10, caps 000000000031D2D0.
0150:fixme:dinput:hid_joystick_device_try_open device usage ff00:0001 not implemented!
0150:trace:hid:HidD_FreePreparsedData preparsed_data 00000000003A5B10.
00b8:trace:hid:pdo_close Close handle on device 0000000000A8C980
0150:trace:hid:HidD_GetPreparsedData file 0000000000000084, preparsed_data 000000000031B178.
00b8:trace:hid:pdo_create Open handle on device 0000000000AA5B10
00b8:trace:hid:pdo_ioctl device 0000000000AA5B10 code 0xb01a8
00b8:trace:hid:pdo_ioctl device 0000000000AA5B10 code 0xb0193
0150:trace:hid:HidD_GetAttributes file 0000000000000084, attributes 000000000031D2B4.
00b8:trace:hid:pdo_ioctl device 0000000000AA5B10 code 0xb01a8
0150:trace:hid:HidP_GetCaps preparsed_data 00000000003A5B10, caps 000000000031D2D0.
0150:fixme:dinput:hid_joystick_device_try_open device usage ff00:0001 not implemented!
0150:trace:hid:HidD_FreePreparsedData preparsed_data 00000000003A5B10.
00b8:trace:hid:pdo_close Close handle on device 0000000000AA5B10
0150:trace:hid:HidD_GetPreparsedData file 0000000000000084, preparsed_data 000000000031B178.
00b8:trace:hid:pdo_create Open handle on device 0000000000AA6090
00b8:trace:hid:pdo_ioctl device 0000000000AA6090 code 0xb01a8
00b8:trace:hid:pdo_ioctl device 0000000000AA6090 code 0xb0193
0150:trace:hid:HidD_GetAttributes file 0000000000000084, attributes 000000000031D2B4.
00b8:trace:hid:pdo_ioctl device 0000000000AA6090 code 0xb01a8
0150:trace:hid:HidP_GetCaps preparsed_data 00000000003A5B10, caps 000000000031D2D0.
0150:fixme:dinput:hid_joystick_device_try_open device usage ff00:0002 not implemented!
0150:trace:hid:HidD_FreePreparsedData preparsed_data 00000000003A5B10.
00b8:trace:hid:pdo_close Close handle on device 0000000000AA6090
0150:trace:hid:HidD_GetPreparsedData file 0000000000000084, preparsed_data 000000000031B178.
00b8:trace:hid:pdo_create Open handle on device 0000000000AA6610
00b8:trace:hid:pdo_ioctl device 0000000000AA6610 code 0xb01a8
00b8:trace:hid:pdo_ioctl device 0000000000AA6610 code 0xb0193
0150:trace:hid:HidD_GetAttributes file 0000000000000084, attributes 000000000031D2B4.
00b8:trace:hid:pdo_ioctl device 0000000000AA6610 code 0xb01a8
0150:trace:hid:HidP_GetCaps preparsed_data 00000000003A5B10, caps 000000000031D2D0.
0150:fixme:dinput:hid_joystick_device_try_open device usage ff00:0004 not implemented!
0150:trace:hid:HidD_FreePreparsedData preparsed_data 00000000003A5B10.
00b8:trace:hid:pdo_close Close handle on device 0000000000AA6610
0150:trace:hid:HidD_GetPreparsedData file 0000000000000084, preparsed_data 000000000031B178.
00b8:trace:hid:pdo_create Open handle on device 0000000000A17E20
00b8:trace:hid:pdo_ioctl device 0000000000A17E20 code 0xb01a8
00b8:trace:hid:pdo_ioctl device 0000000000A17E20 code 0xb0193
0150:trace:hid:HidD_GetAttributes file 0000000000000084, attributes 000000000031D2B4.
00b8:trace:hid:pdo_ioctl device 0000000000A17E20 code 0xb01a8
0150:trace:hid:HidP_GetCaps preparsed_data 00000000003A5B10, caps 000000000031D2D0.
0150:fixme:dinput:hid_joystick_device_try_open device usage ff72:00a1 not implemented!
0150:trace:hid:HidD_FreePreparsedData preparsed_data 00000000003A5B10.
00b8:trace:hid:pdo_close Close handle on device 0000000000A17E20
0150:trace:hid:HidD_GetPreparsedData file 0000000000000084, preparsed_data 000000000031B178.
00b8:trace:hid:pdo_create Open handle on device 0000000000A91D50
00b8:trace:hid:pdo_ioctl device 0000000000A91D50 code 0xb01a8
00b8:trace:hid:pdo_ioctl device 0000000000A91D50 code 0xb0193
0150:trace:hid:HidD_GetAttributes file 0000000000000084, attributes 000000000031D2B4.
00b8:trace:hid:pdo_ioctl device 0000000000A91D50 code 0xb01a8
0150:trace:hid:HidP_GetCaps preparsed_data 00000000003A5B10, caps 000000000031D2D0.
0150:fixme:dinput:hid_joystick_device_try_open device usage 000c:0001 not implemented!
0150:trace:hid:HidD_FreePreparsedData preparsed_data 00000000003A5B10.
00b8:trace:hid:pdo_close Close handle on device 0000000000A91D50
0150:trace:hid:HidD_GetPreparsedData file 0000000000000084, preparsed_data 000000000031B178.
00b8:trace:hid:pdo_create Open handle on device 0000000000A950C0
00b8:trace:hid:pdo_ioctl device 0000000000A950C0 code 0xb01a8
00b8:trace:hid:pdo_ioctl device 0000000000A950C0 code 0xb0193
0150:trace:hid:HidD_GetAttributes file 0000000000000084, attributes 000000000031D2B4.
00b8:trace:hid:pdo_ioctl device 0000000000A950C0 code 0xb01a8
0150:trace:hid:HidP_GetCaps preparsed_data 00000000003A5B10, caps 000000000031D2D0.
0150:fixme:dinput:hid_joystick_device_try_open device usage ff60:0061 not implemented!
0150:trace:hid:HidD_FreePreparsedData preparsed_data 00000000003A5B10.
00b8:trace:hid:pdo_close Close handle on device 0000000000A950C0
0150:trace:hid:HidD_GetPreparsedData file 0000000000000084, preparsed_data 000000000031B178.
00b8:trace:hid:pdo_create Open handle on device 0000000000A9E550
00b8:trace:hid:pdo_ioctl device 0000000000A9E550 code 0xb01a8
00b8:trace:hid:pdo_ioctl device 0000000000A9E550 code 0xb0193
0150:trace:hid:HidD_GetAttributes file 0000000000000084, attributes 000000000031D2B4.
00b8:trace:hid:pdo_ioctl device 0000000000A9E550 code 0xb01a8
0150:trace:hid:HidP_GetCaps preparsed_data 00000000003A5B10, caps 000000000031D2D0.
0150:fixme:dinput:hid_joystick_device_try_open device usage 0001:0080 not implemented!
0150:trace:hid:HidD_FreePreparsedData preparsed_data 00000000003A5B10.
00b8:trace:hid:pdo_close Close handle on device 0000000000A9E550
0150:trace:hid:HidD_GetPreparsedData file 0000000000000084, preparsed_data 000000000031B178.
00b8:trace:hid:pdo_create Open handle on device 0000000000A9EAD0
00b8:trace:hid:pdo_ioctl device 0000000000A9EAD0 code 0xb01a8
00b8:trace:hid:pdo_ioctl device 0000000000A9EAD0 code 0xb0193
0150:trace:hid:HidD_GetAttributes file 0000000000000084, attributes 000000000031D2B4.
00b8:trace:hid:pdo_ioctl device 0000000000A9EAD0 code 0xb01a8
0150:trace:hid:HidP_GetCaps preparsed_data 00000000003A5B10, caps 000000000031D2D0.
0150:fixme:dinput:hid_joystick_device_try_open device usage 000c:0001 not implemented!
0150:trace:hid:HidD_FreePreparsedData preparsed_data 00000000003A5B10.
00b8:trace:hid:pdo_close Close handle on device 0000000000A9EAD0
0150:trace:hid:HidD_GetPreparsedData file 0000000000000084, preparsed_data 000000000031B178.
00b8:trace:hid:pdo_create Open handle on device 0000000000A9F050
00b8:trace:hid:pdo_ioctl device 0000000000A9F050 code 0xb01a8
00b8:trace:hid:pdo_ioctl device 0000000000A9F050 code 0xb0193
0150:trace:hid:HidD_GetAttributes file 0000000000000084, attributes 000000000031D2B4.
00b8:trace:hid:pdo_ioctl device 0000000000A9F050 code 0xb01a8
0150:trace:hid:HidP_GetCaps preparsed_data 00000000003A5B10, caps 000000000031D2D0.
0150:trace:hid:HidD_FreePreparsedData preparsed_data 00000000003A5B10.
00b8:trace:hid:pdo_close Close handle on device 0000000000A9F050
0150:trace:hid:HidD_GetPreparsedData file 0000000000000084, preparsed_data 000000000031B178.
00b8:trace:hid:pdo_create Open handle on device 0000000000A5F470
00b8:trace:hid:pdo_ioctl device 0000000000A5F470 code 0xb01a8
00b8:trace:hid:pdo_ioctl device 0000000000A5F470 code 0xb0193
0150:trace:hid:HidD_GetAttributes file 0000000000000084, attributes 000000000031D2B4.
00b8:trace:hid:pdo_ioctl device 0000000000A5F470 code 0xb01a8
0150:trace:hid:HidP_GetCaps preparsed_data 00000000003A5B10, caps 000000000031D2D0.
0150:trace:hid:HidD_GetProductString file 0000000000000084, buffer 000000000031D5F8, buffer_len 520.
00b8:trace:hid:pdo_ioctl device 0000000000A5F470 code 0xb01be
00b8:trace:hid:hid_internal_dispatch IOCTL_HID_GET_STRING[00000002]
0150:trace:hid:HidD_GetProductString file 0000000000000084, buffer 000000000031D800, buffer_len 520.
00b8:trace:hid:pdo_ioctl device 0000000000A5F470 code 0xb01be
00b8:trace:hid:hid_internal_dispatch IOCTL_HID_GET_STRING[00000002]
00b8:trace:hid:pdo_ioctl device 0000000000A5F470 code 0xb04b0
0150:trace:hid:HidP_GetLinkCollectionNodes nodes 000000000031B4A0, nodes_len 000000000031B170, preparsed_data 00000000003A5B10.
0150:trace:hid:HidP_GetSpecificButtonCaps report_type 1, usage_page 15, collection 0, usage 154, caps 000000000031B1D0, caps_count 000000000031B16A, preparsed_data 00000000003A5B10.
0150:trace:hid:HidP_GetSpecificButtonCaps report_type 0, usage_page 9, collection 0, usage 0, caps 000000000031B1D0, caps_count 000000000031B16A, preparsed_data 00000000003A5B10.
0150:trace:hid:HidP_GetSpecificValueCaps report_type 0, usage_page 1, collection 0, usage 48, caps 000000000031B180, caps_count 000000000031B16A, preparsed_data 00000000003A5B10.
0150:trace:hid:HidP_GetSpecificValueCaps report_type 0, usage_page 1, collection 0, usage 49, caps 000000000031B180, caps_count 000000000031B16A, preparsed_data 00000000003A5B10.
0150:trace:hid:HidP_GetSpecificValueCaps report_type 0, usage_page 2, collection 0, usage 200, caps 000000000031B180, caps_count 000000000031B16A, preparsed_data 00000000003A5B10.
0150:trace:hid:HidP_GetSpecificValueCaps report_type 0, usage_page 1, collection 0, usage 50, caps 000000000031B180, caps_count 000000000031B16A, preparsed_data 00000000003A5B10.
0150:trace:hid:HidP_GetSpecificValueCaps report_type 0, usage_page 1, collection 0, usage 57, caps 000000000031B180, caps_count 000000000031B16A, preparsed_data 00000000003A5B10.
0150:trace:dinput:hid_joystick_device_try_open detected device type 0x10114
00e4:trace:hid:process_hid_report device 0000000000A74650 report_buf 0000000000A49372 (0x20), report_len 0xf
00e4:trace:hid:deliver_next_report device 0000000000A74650/0x7fe9b40dd900 input report length 15:
00e4:trace:hid:deliver_next_report 00000000  20 01 02 00 00 fa 3f 00 00 00 05 00 00 00 00
0124:trace:hid:hid_device_queue_input pdo 0000000000AA6768, packet 0000000002DFFEA0
0150:trace:hid:HidD_FreePreparsedData preparsed_data 00000000003A5B10.
0150:trace:dinput:hid_joystick_enum_device found device L"\\\\?\\hid#vid_4098&pid_bd64#273&0000ffffffffbd644098&0&0&0#{4d1e55b2-f16f-11cf-88cb-001111000030}", usage 0001:0004, product {bd644098-0000-0000-0000-504944564944}, instance {9e573edf-7734-11d2-8d4a-23903fb6bdf7}, name L"WINWING Orion Throttle Base II + F15EX HANDLE L + F15EX HANDLE R"
0150:trace:dinput:dinput7_CreateDeviceEx iface 00000000003918D8, guid {9e573edf-7734-11d2-8d4a-23903fb6bdf7}, iid {54d41081-dc15-4833-a41b-748f73a38179}, out 0000000000395850, outer 0000000000000000.
00b8:trace:hid:pdo_close Close handle on device 0000000000A5F470
0150:trace:dinput:hid_joystick_create_device dinput 00000000003918D0, guid {9e573edf-7734-11d2-8d4a-23903fb6bdf7}, out 000000000031D468
0150:trace:dinput:dinput_internal_addref impl 00000000003918D0, internal ref 2.
0150:trace:dinput:hid_joystick_device_open index -1, guid {9e573edf-7734-11d2-8d4a-23903fb6bdf7}
0150:trace:hid:HidD_GetHidGuid guid 000000000031CE90.
0150:trace:hid:HidD_GetPreparsedData file 0000000000000088, preparsed_data 000000000031B288.
00b8:trace:hid:pdo_create Open handle on device 0000000000A8B900
00b8:trace:hid:pdo_ioctl device 0000000000A8B900 code 0xb01a8
00b8:trace:hid:pdo_ioctl device 0000000000A8B900 code 0xb0193
0150:trace:hid:HidD_GetAttributes file 0000000000000088, attributes 000000000031D3B4.
00b8:trace:hid:pdo_ioctl device 0000000000A8B900 code 0xb01a8
0150:trace:hid:HidP_GetCaps preparsed_data 000000000039EE30, caps 000000000039DC74.
0150:fixme:dinput:hid_joystick_device_try_open device usage 000c:0001 not implemented!
0150:trace:hid:HidD_FreePreparsedData preparsed_data 000000000039EE30.
00b8:trace:hid:pdo_close Close handle on device 0000000000A8B900
0150:trace:hid:HidD_GetPreparsedData file 0000000000000088, preparsed_data 000000000031B288.
00b8:trace:hid:pdo_create Open handle on device 0000000000A8BE80
00b8:trace:hid:pdo_ioctl device 0000000000A8BE80 code 0xb01a8
00b8:trace:hid:pdo_ioctl device 0000000000A8BE80 code 0xb0193
0150:trace:hid:HidD_GetAttributes file 0000000000000088, attributes 000000000031D3B4.
00b8:trace:hid:pdo_ioctl device 0000000000A8BE80 code 0xb01a8
0150:trace:hid:HidP_GetCaps preparsed_data 00000000003A3200, caps 000000000039DC74.
0150:fixme:dinput:hid_joystick_device_try_open device usage ffc0:0001 not implemented!
0150:trace:hid:HidD_FreePreparsedData preparsed_data 00000000003A3200.
00b8:trace:hid:pdo_close Close handle on device 0000000000A8BE80
0150:trace:hid:HidD_GetPreparsedData file 0000000000000088, preparsed_data 000000000031B288.
00b8:trace:hid:pdo_create Open handle on device 0000000000A8C400
00b8:trace:hid:pdo_ioctl device 0000000000A8C400 code 0xb01a8
00b8:trace:hid:pdo_ioctl device 0000000000A8C400 code 0xb0193
0150:trace:hid:HidD_GetAttributes file 0000000000000088, attributes 000000000031D3B4.
00b8:trace:hid:pdo_ioctl device 0000000000A8C400 code 0xb01a8
0150:trace:hid:HidP_GetCaps preparsed_data 000000000039EE30, caps 000000000039DC74.
0150:fixme:dinput:hid_joystick_device_try_open device usage ff90:0303 not implemented!
0150:trace:hid:HidD_FreePreparsedData preparsed_data 000000000039EE30.
00b8:trace:hid:pdo_close Close handle on device 0000000000A8C400
0150:trace:hid:HidD_GetPreparsedData file 0000000000000088, preparsed_data 000000000031B288.
00b8:trace:hid:pdo_create Open handle on device 0000000000A8C980
00b8:trace:hid:pdo_ioctl device 0000000000A8C980 code 0xb01a8
00b8:trace:hid:pdo_ioctl device 0000000000A8C980 code 0xb0193
0150:trace:hid:HidD_GetAttributes file 0000000000000088, attributes 000000000031D3B4.
00b8:trace:hid:pdo_ioctl device 0000000000A8C980 code 0xb01a8
0150:trace:hid:HidP_GetCaps preparsed_data 000000000039DFD0, caps 000000000039DC74.
0150:fixme:dinput:hid_joystick_device_try_open device usage ff00:0001 not implemented!
0150:trace:hid:HidD_FreePreparsedData preparsed_data 000000000039DFD0.
00b8:trace:hid:pdo_close Close handle on device 0000000000A8C980
0150:trace:hid:HidD_GetPreparsedData file 0000000000000088, preparsed_data 000000000031B288.
00b8:trace:hid:pdo_create Open handle on device 0000000000AA5B10
00b8:trace:hid:pdo_ioctl device 0000000000AA5B10 code 0xb01a8
00b8:trace:hid:pdo_ioctl device 0000000000AA5B10 code 0xb0193
0150:trace:hid:HidD_GetAttributes file 0000000000000088, attributes 000000000031D3B4.
00b8:trace:hid:pdo_ioctl device 0000000000AA5B10 code 0xb01a8
00e4:trace:hid:process_hid_report device 0000000000A74650 report_buf 0000000000A49372 (0x20), report_len 0xf
00e4:trace:hid:deliver_next_report device 0000000000A74650/0x7fe9b40dd900 input report length 15:
00e4:trace:hid:deliver_next_report 00000000  20 01 02 00 00 f7 2f 00 00 00 18 00 00 00 00
0150:trace:hid:HidP_GetCaps preparsed_data 000000000039EE30, caps 000000000039DC74.
0150:fixme:dinput:hid_joystick_device_try_open device usage ff00:0001 not implemented!
0150:trace:hid:HidD_FreePreparsedData preparsed_data 000000000039EE30.
0124:trace:hid:hid_device_queue_input pdo 0000000000AA6768, packet 0000000002DFFEA0
00b8:trace:hid:pdo_close Close handle on device 0000000000AA5B10
0150:trace:hid:HidD_GetPreparsedData file 0000000000000088, preparsed_data 000000000031B288.
00b8:trace:hid:pdo_create Open handle on device 0000000000AA6090
00b8:trace:hid:pdo_ioctl device 0000000000AA6090 code 0xb01a8
00b8:trace:hid:pdo_ioctl device 0000000000AA6090 code 0xb0193
0150:trace:hid:HidD_GetAttributes file 0000000000000088, attributes 000000000031D3B4.
00b8:trace:hid:pdo_ioctl device 0000000000AA6090 code 0xb01a8
0150:trace:hid:HidP_GetCaps preparsed_data 000000000039EE30, caps 000000000039DC74.
0150:fixme:dinput:hid_joystick_device_try_open device usage ff00:0002 not implemented!
0150:trace:hid:HidD_FreePreparsedData preparsed_data 000000000039EE30.
00b8:trace:hid:pdo_close Close handle on device 0000000000AA6090
0150:trace:hid:HidD_GetPreparsedData file 0000000000000088, preparsed_data 000000000031B288.
00b8:trace:hid:pdo_create Open handle on device 0000000000AA6610
00b8:trace:hid:pdo_ioctl device 0000000000AA6610 code 0xb01a8
00b8:trace:hid:pdo_ioctl device 0000000000AA6610 code 0xb0193
0150:trace:hid:HidD_GetAttributes file 0000000000000088, attributes 000000000031D3B4.
00b8:trace:hid:pdo_ioctl device 0000000000AA6610 code 0xb01a8
0150:trace:hid:HidP_GetCaps preparsed_data 000000000039EE30, caps 000000000039DC74.
0150:fixme:dinput:hid_joystick_device_try_open device usage ff00:0004 not implemented!
0150:trace:hid:HidD_FreePreparsedData preparsed_data 000000000039EE30.
00b8:trace:hid:pdo_close Close handle on device 0000000000AA6610
0150:trace:hid:HidD_GetPreparsedData file 0000000000000088, preparsed_data 000000000031B288.
00b8:trace:hid:pdo_create Open handle on device 0000000000A17E20
00b8:trace:hid:pdo_ioctl device 0000000000A17E20 code 0xb01a8
00b8:trace:hid:pdo_ioctl device 0000000000A17E20 code 0xb0193
0150:trace:hid:HidD_GetAttributes file 0000000000000088, attributes 000000000031D3B4.
00b8:trace:hid:pdo_ioctl device 0000000000A17E20 code 0xb01a8
0150:trace:hid:HidP_GetCaps preparsed_data 000000000039EE30, caps 000000000039DC74.
0150:fixme:dinput:hid_joystick_device_try_open device usage ff72:00a1 not implemented!
0150:trace:hid:HidD_FreePreparsedData preparsed_data 000000000039EE30.
00b8:trace:hid:pdo_close Close handle on device 0000000000A17E20
0150:trace:hid:HidD_GetPreparsedData file 0000000000000088, preparsed_data 000000000031B288.
00b8:trace:hid:pdo_create Open handle on device 0000000000A91D50
00b8:trace:hid:pdo_ioctl device 0000000000A91D50 code 0xb01a8
00b8:trace:hid:pdo_ioctl device 0000000000A91D50 code 0xb0193
0150:trace:hid:HidD_GetAttributes file 0000000000000088, attributes 000000000031D3B4.
00b8:trace:hid:pdo_ioctl device 0000000000A91D50 code 0xb01a8
0150:trace:hid:HidP_GetCaps preparsed_data 000000000039DFD0, caps 000000000039DC74.
0150:fixme:dinput:hid_joystick_device_try_open device usage 000c:0001 not implemented!
0150:trace:hid:HidD_FreePreparsedData preparsed_data 000000000039DFD0.
00b8:trace:hid:pdo_close Close handle on device 0000000000A91D50
0150:trace:hid:HidD_GetPreparsedData file 0000000000000088, preparsed_data 000000000031B288.
00b8:trace:hid:pdo_create Open handle on device 0000000000A950C0
00b8:trace:hid:pdo_ioctl device 0000000000A950C0 code 0xb01a8
00b8:trace:hid:pdo_ioctl device 0000000000A950C0 code 0xb0193
0150:trace:hid:HidD_GetAttributes file 0000000000000088, attributes 000000000031D3B4.
00b8:trace:hid:pdo_ioctl device 0000000000A950C0 code 0xb01a8
0150:trace:hid:HidP_GetCaps preparsed_data 000000000039EE30, caps 000000000039DC74.
0150:fixme:dinput:hid_joystick_device_try_open device usage ff60:0061 not implemented!
0150:trace:hid:HidD_FreePreparsedData preparsed_data 000000000039EE30.
00b8:trace:hid:pdo_close Close handle on device 0000000000A950C0
0150:trace:hid:HidD_GetPreparsedData file 0000000000000088, preparsed_data 000000000031B288.
00b8:trace:hid:pdo_create Open handle on device 0000000000A9E550
00b8:trace:hid:pdo_ioctl device 0000000000A9E550 code 0xb01a8
00b8:trace:hid:pdo_ioctl device 0000000000A9E550 code 0xb0193
