0150:trace:hid:HidP_GetCaps preparsed_data 00000000003ACEF0, caps 000000000031D920.
0150:fixme:dinput:hid_joystick_device_try_open device usage ff00:0001 not implemented!
0150:trace:hid:HidD_FreePreparsedData preparsed_data 00000000003ACEF0.
00b8:trace:hid:pdo_close Close handle on device 0000000000A8C980
0150:trace:hid:HidD_GetPreparsedData file 00000000000000A0, preparsed_data 000000000031B7C8.
00b8:trace:hid:pdo_create Open handle on device 0000000000AA5B10
00b8:trace:hid:pdo_ioctl device 0000000000AA5B10 code 0xb01a8
00b8:trace:hid:pdo_ioctl device 0000000000AA5B10 code 0xb0193
0150:trace:hid:HidD_GetAttributes file 00000000000000A0, attributes 000000000031D904.
00b8:trace:hid:pdo_ioctl device 0000000000AA5B10 code 0xb01a8
0150:trace:hid:HidP_GetCaps preparsed_data 00000000003ACEF0, caps 000000000031D920.
0150:fixme:dinput:hid_joystick_device_try_open device usage ff00:0001 not implemented!
0150:trace:hid:HidD_FreePreparsedData preparsed_data 00000000003ACEF0.
00b8:trace:hid:pdo_close Close handle on device 0000000000AA5B10
0150:trace:hid:HidD_GetPreparsedData file 00000000000000A0, preparsed_data 000000000031B7C8.
00b8:trace:hid:pdo_create Open handle on device 0000000000AA6090
00b8:trace:hid:pdo_ioctl device 0000000000AA6090 code 0xb01a8
00b8:trace:hid:pdo_ioctl device 0000000000AA6090 code 0xb0193
0150:trace:hid:HidD_GetAttributes file 00000000000000A0, attributes 000000000031D904.
00b8:trace:hid:pdo_ioctl device 0000000000AA6090 code 0xb01a8
0150:trace:hid:HidP_GetCaps preparsed_data 00000000003ACEF0, caps 000000000031D920.
0150:fixme:dinput:hid_joystick_device_try_open device usage ff00:0002 not implemented!
0150:trace:hid:HidD_FreePreparsedData preparsed_data 00000000003ACEF0.
00b8:trace:hid:pdo_close Close handle on device 0000000000AA6090
0150:trace:hid:HidD_GetPreparsedData file 00000000000000A0, preparsed_data 000000000031B7C8.
00b8:trace:hid:pdo_create Open handle on device 0000000000AA6610
00b8:trace:hid:pdo_ioctl device 0000000000AA6610 code 0xb01a8
00b8:trace:hid:pdo_ioctl device 0000000000AA6610 code 0xb0193
0150:trace:hid:HidD_GetAttributes file 00000000000000A0, attributes 000000000031D904.
00b8:trace:hid:pdo_ioctl device 0000000000AA6610 code 0xb01a8
0150:trace:hid:HidP_GetCaps preparsed_data 00000000003ACEF0, caps 000000000031D920.
0150:fixme:dinput:hid_joystick_device_try_open device usage ff00:0004 not implemented!
0150:trace:hid:HidD_FreePreparsedData preparsed_data 00000000003ACEF0.
00b8:trace:hid:pdo_close Close handle on device 0000000000AA6610
0150:trace:hid:HidD_GetPreparsedData file 00000000000000A0, preparsed_data 000000000031B7C8.
00b8:trace:hid:pdo_create Open handle on device 0000000000A17E20
00b8:trace:hid:pdo_ioctl device 0000000000A17E20 code 0xb01a8
00b8:trace:hid:pdo_ioctl device 0000000000A17E20 code 0xb0193
0150:trace:hid:HidD_GetAttributes file 00000000000000A0, attributes 000000000031D904.
00b8:trace:hid:pdo_ioctl device 0000000000A17E20 code 0xb01a8
0150:trace:hid:HidP_GetCaps preparsed_data 00000000003ACEF0, caps 000000000031D920.
0150:fixme:dinput:hid_joystick_device_try_open device usage ff72:00a1 not implemented!
0150:trace:hid:HidD_FreePreparsedData preparsed_data 00000000003ACEF0.
00b8:trace:hid:pdo_close Close handle on device 0000000000A17E20
0150:trace:hid:HidD_GetPreparsedData file 00000000000000A0, preparsed_data 000000000031B7C8.
00b8:trace:hid:pdo_create Open handle on device 0000000000A91D50
00b8:trace:hid:pdo_ioctl device 0000000000A91D50 code 0xb01a8
00b8:trace:hid:pdo_ioctl device 0000000000A91D50 code 0xb0193
0150:trace:hid:HidD_GetAttributes file 00000000000000A0, attributes 000000000031D904.
00b8:trace:hid:pdo_ioctl device 0000000000A91D50 code 0xb01a8
0150:trace:hid:HidP_GetCaps preparsed_data 00000000003ACEF0, caps 000000000031D920.
0150:fixme:dinput:hid_joystick_device_try_open device usage 000c:0001 not implemented!
0150:trace:hid:HidD_FreePreparsedData preparsed_data 00000000003ACEF0.
00b8:trace:hid:pdo_close Close handle on device 0000000000A91D50
0150:trace:hid:HidD_GetPreparsedData file 00000000000000A0, preparsed_data 000000000031B7C8.
00b8:trace:hid:pdo_create Open handle on device 0000000000A950C0
00b8:trace:hid:pdo_ioctl device 0000000000A950C0 code 0xb01a8
00b8:trace:hid:pdo_ioctl device 0000000000A950C0 code 0xb0193
0150:trace:hid:HidD_GetAttributes file 00000000000000A0, attributes 000000000031D904.
00b8:trace:hid:pdo_ioctl device 0000000000A950C0 code 0xb01a8
0150:trace:hid:HidP_GetCaps preparsed_data 00000000003ACEF0, caps 000000000031D920.
0150:fixme:dinput:hid_joystick_device_try_open device usage ff60:0061 not implemented!
0150:trace:hid:HidD_FreePreparsedData preparsed_data 00000000003ACEF0.
00b8:trace:hid:pdo_close Close handle on device 0000000000A950C0
0150:trace:hid:HidD_GetPreparsedData file 00000000000000A0, preparsed_data 000000000031B7C8.
00b8:trace:hid:pdo_create Open handle on device 0000000000A9E550
00b8:trace:hid:pdo_ioctl device 0000000000A9E550 code 0xb01a8
00b8:trace:hid:pdo_ioctl device 0000000000A9E550 code 0xb0193
0150:trace:hid:HidD_GetAttributes file 00000000000000A0, attributes 000000000031D904.
00b8:trace:hid:pdo_ioctl device 0000000000A9E550 code 0xb01a8
0150:trace:hid:HidP_GetCaps preparsed_data 00000000003ACEF0, caps 000000000031D920.
0150:fixme:dinput:hid_joystick_device_try_open device usage 0001:0080 not implemented!
0150:trace:hid:HidD_FreePreparsedData preparsed_data 00000000003ACEF0.
00b8:trace:hid:pdo_close Close handle on device 0000000000A9E550
0150:trace:hid:HidD_GetPreparsedData file 00000000000000A0, preparsed_data 000000000031B7C8.
00b8:trace:hid:pdo_create Open handle on device 0000000000A9EAD0
00b8:trace:hid:pdo_ioctl device 0000000000A9EAD0 code 0xb01a8
00b8:trace:hid:pdo_ioctl device 0000000000A9EAD0 code 0xb0193
0150:trace:hid:HidD_GetAttributes file 00000000000000A0, attributes 000000000031D904.
00b8:trace:hid:pdo_ioctl device 0000000000A9EAD0 code 0xb01a8
0150:trace:hid:HidP_GetCaps preparsed_data 00000000003ACEF0, caps 000000000031D920.
0150:fixme:dinput:hid_joystick_device_try_open device usage 000c:0001 not implemented!
0150:trace:hid:HidD_FreePreparsedData preparsed_data 00000000003ACEF0.
00b8:trace:hid:pdo_close Close handle on device 0000000000A9EAD0
0150:trace:hid:HidD_GetPreparsedData file 00000000000000A0, preparsed_data 000000000031B7C8.
00b8:trace:hid:pdo_create Open handle on device 0000000000A9F050
00b8:trace:hid:pdo_ioctl device 0000000000A9F050 code 0xb01a8
00b8:trace:hid:pdo_ioctl device 0000000000A9F050 code 0xb0193
0150:trace:hid:HidD_GetAttributes file 00000000000000A0, attributes 000000000031D904.
00b8:trace:hid:pdo_ioctl device 0000000000A9F050 code 0xb01a8
0150:trace:hid:HidP_GetCaps preparsed_data 00000000003ACEF0, caps 000000000031D920.
0150:trace:hid:HidD_FreePreparsedData preparsed_data 00000000003ACEF0.
00b8:trace:hid:pdo_close Close handle on device 0000000000A9F050
0150:trace:hid:HidD_GetPreparsedData file 00000000000000A0, preparsed_data 000000000031B7C8.
00b8:trace:hid:pdo_create Open handle on device 0000000000A5F470
00b8:trace:hid:pdo_ioctl device 0000000000A5F470 code 0xb01a8
00b8:trace:hid:pdo_ioctl device 0000000000A5F470 code 0xb0193
0150:trace:hid:HidD_GetAttributes file 00000000000000A0, attributes 000000000031D904.
00b8:trace:hid:pdo_ioctl device 0000000000A5F470 code 0xb01a8
0150:trace:hid:HidP_GetCaps preparsed_data 00000000003ACEF0, caps 000000000031D920.
0150:trace:hid:HidD_GetProductString file 00000000000000A0, buffer 000000000031DC48, buffer_len 520.
00b8:trace:hid:pdo_ioctl device 0000000000A5F470 code 0xb01be
00b8:trace:hid:hid_internal_dispatch IOCTL_HID_GET_STRING[00000002]
0150:trace:hid:HidD_GetProductString file 00000000000000A0, buffer 000000000031DE50, buffer_len 520.
00b8:trace:hid:pdo_ioctl device 0000000000A5F470 code 0xb01be
00b8:trace:hid:hid_internal_dispatch IOCTL_HID_GET_STRING[00000002]
00b8:trace:hid:pdo_ioctl device 0000000000A5F470 code 0xb04b0
0150:trace:hid:HidP_GetLinkCollectionNodes nodes 000000000031BAF0, nodes_len 000000000031B7C0, preparsed_data 00000000003ACEF0.
0150:trace:hid:HidP_GetSpecificButtonCaps report_type 1, usage_page 15, collection 0, usage 154, caps 000000000031B820, caps_count 000000000031B7BA, preparsed_data 00000000003ACEF0.
0150:trace:hid:HidP_GetSpecificButtonCaps report_type 0, usage_page 9, collection 0, usage 0, caps 000000000031B820, caps_count 000000000031B7BA, preparsed_data 00000000003ACEF0.
0150:trace:hid:HidP_GetSpecificValueCaps report_type 0, usage_page 1, collection 0, usage 48, caps 000000000031B7D0, caps_count 000000000031B7BA, preparsed_data 00000000003ACEF0.
0150:trace:hid:HidP_GetSpecificValueCaps report_type 0, usage_page 1, collection 0, usage 49, caps 000000000031B7D0, caps_count 000000000031B7BA, preparsed_data 00000000003ACEF0.
0150:trace:hid:HidP_GetSpecificValueCaps report_type 0, usage_page 2, collection 0, usage 200, caps 000000000031B7D0, caps_count 000000000031B7BA, preparsed_data 00000000003ACEF0.
0150:trace:hid:HidP_GetSpecificValueCaps report_type 0, usage_page 1, collection 0, usage 50, caps 000000000031B7D0, caps_count 000000000031B7BA, preparsed_data 00000000003ACEF0.
0150:trace:hid:HidP_GetSpecificValueCaps report_type 0, usage_page 1, collection 0, usage 57, caps 000000000031B7D0, caps_count 000000000031B7BA, preparsed_data 00000000003ACEF0.
0150:trace:dinput:hid_joystick_device_try_open detected device type 0x10114
0150:trace:hid:HidD_FreePreparsedData preparsed_data 00000000003ACEF0.
0150:trace:dinput:hid_joystick_enum_device found device L"\\\\?\\hid#vid_4098&pid_bd64#273&0000ffffffffbd644098&0&0&0#{4d1e55b2-f16f-11cf-88cb-001111000030}", usage 0001:0004, product {bd644098-0000-0000-0000-504944564944}, instance {9e573edf-7734-11d2-8d4a-23903fb6bdf7}, name L"WINWING Orion Throttle Base II + F15EX HANDLE L + F15EX HANDLE R"
0150:trace:dinput:dinput7_CreateDeviceEx iface 0000000000391A68, guid {9e573edf-7734-11d2-8d4a-23903fb6bdf7}, iid {54d41081-dc15-4833-a41b-748f73a38179}, out 00000000003AC930, outer 0000000000000000.
0150:trace:dinput:hid_joystick_create_device dinput 0000000000391A60, guid {9e573edf-7734-11d2-8d4a-23903fb6bdf7}, out 000000000031DAC8
00b8:trace:hid:pdo_close Close handle on device 0000000000A5F470
0150:trace:dinput:dinput_internal_addref impl 0000000000391A60, internal ref 2.
0150:trace:dinput:hid_joystick_device_open index -1, guid {9e573edf-7734-11d2-8d4a-23903fb6bdf7}
0150:trace:hid:HidD_GetHidGuid guid 000000000031D4F0.
0150:trace:hid:HidD_GetPreparsedData file 00000000000000A4, preparsed_data 000000000031B8E8.
00b8:trace:hid:pdo_create Open handle on device 0000000000A8B900
00b8:trace:hid:pdo_ioctl device 0000000000A8B900 code 0xb01a8
00b8:trace:hid:pdo_ioctl device 0000000000A8B900 code 0xb0193
0150:trace:hid:HidD_GetAttributes file 00000000000000A4, attributes 000000000031DA14.
00b8:trace:hid:pdo_ioctl device 0000000000A8B900 code 0xb01a8
0150:trace:hid:HidP_GetCaps preparsed_data 00000000003ADE20, caps 00000000003ADAC4.
0150:fixme:dinput:hid_joystick_device_try_open device usage 000c:0001 not implemented!
0150:trace:hid:HidD_FreePreparsedData preparsed_data 00000000003ADE20.
00b8:trace:hid:pdo_close Close handle on device 0000000000A8B900
0150:trace:hid:HidD_GetPreparsedData file 00000000000000A4, preparsed_data 000000000031B8E8.
00b8:trace:hid:pdo_create Open handle on device 0000000000A8BE80
00b8:trace:hid:pdo_ioctl device 0000000000A8BE80 code 0xb01a8
00b8:trace:hid:pdo_ioctl device 0000000000A8BE80 code 0xb0193
0150:trace:hid:HidD_GetAttributes file 00000000000000A4, attributes 000000000031DA14.
00b8:trace:hid:pdo_ioctl device 0000000000A8BE80 code 0xb01a8
0150:trace:hid:HidP_GetCaps preparsed_data 00000000003A3200, caps 00000000003ADAC4.
0150:fixme:dinput:hid_joystick_device_try_open device usage ffc0:0001 not implemented!
0150:trace:hid:HidD_FreePreparsedData preparsed_data 00000000003A3200.
00b8:trace:hid:pdo_close Close handle on device 0000000000A8BE80
0150:trace:hid:HidD_GetPreparsedData file 00000000000000A4, preparsed_data 000000000031B8E8.
00b8:trace:hid:pdo_create Open handle on device 0000000000A8C400
00b8:trace:hid:pdo_ioctl device 0000000000A8C400 code 0xb01a8
00b8:trace:hid:pdo_ioctl device 0000000000A8C400 code 0xb0193
0150:trace:hid:HidD_GetAttributes file 00000000000000A4, attributes 000000000031DA14.
00b8:trace:hid:pdo_ioctl device 0000000000A8C400 code 0xb01a8
0150:trace:hid:HidP_GetCaps preparsed_data 00000000003ADE20, caps 00000000003ADAC4.
0150:fixme:dinput:hid_joystick_device_try_open device usage ff90:0303 not implemented!
0150:trace:hid:HidD_FreePreparsedData preparsed_data 00000000003ADE20.
00b8:trace:hid:pdo_close Close handle on device 0000000000A8C400
0150:trace:hid:HidD_GetPreparsedData file 00000000000000A4, preparsed_data 000000000031B8E8.
00b8:trace:hid:pdo_create Open handle on device 0000000000A8C980
00b8:trace:hid:pdo_ioctl device 0000000000A8C980 code 0xb01a8
00b8:trace:hid:pdo_ioctl device 0000000000A8C980 code 0xb0193
0150:trace:hid:HidD_GetAttributes file 00000000000000A4, attributes 000000000031DA14.
00b8:trace:hid:pdo_ioctl device 0000000000A8C980 code 0xb01a8
0150:trace:hid:HidP_GetCaps preparsed_data 00000000003ADE20, caps 00000000003ADAC4.
0150:fixme:dinput:hid_joystick_device_try_open device usage ff00:0001 not implemented!
0150:trace:hid:HidD_FreePreparsedData preparsed_data 00000000003ADE20.
00b8:trace:hid:pdo_close Close handle on device 0000000000A8C980
0150:trace:hid:HidD_GetPreparsedData file 00000000000000A4, preparsed_data 000000000031B8E8.
00b8:trace:hid:pdo_create Open handle on device 0000000000AA5B10
00b8:trace:hid:pdo_ioctl device 0000000000AA5B10 code 0xb01a8
00b8:trace:hid:pdo_ioctl device 0000000000AA5B10 code 0xb0193
0150:trace:hid:HidD_GetAttributes file 00000000000000A4, attributes 000000000031DA14.
00b8:trace:hid:pdo_ioctl device 0000000000AA5B10 code 0xb01a8
0150:trace:hid:HidP_GetCaps preparsed_data 00000000003ADE20, caps 00000000003ADAC4.
0150:fixme:dinput:hid_joystick_device_try_open device usage ff00:0001 not implemented!
0150:trace:hid:HidD_FreePreparsedData preparsed_data 00000000003ADE20.
00b8:trace:hid:pdo_close Close handle on device 0000000000AA5B10
0150:trace:hid:HidD_GetPreparsedData file 00000000000000A4, preparsed_data 000000000031B8E8.
00b8:trace:hid:pdo_create Open handle on device 0000000000AA6090
00b8:trace:hid:pdo_ioctl device 0000000000AA6090 code 0xb01a8
00b8:trace:hid:pdo_ioctl device 0000000000AA6090 code 0xb0193
0150:trace:hid:HidD_GetAttributes file 00000000000000A4, attributes 000000000031DA14.
00b8:trace:hid:pdo_ioctl device 0000000000AA6090 code 0xb01a8
0150:trace:hid:HidP_GetCaps preparsed_data 00000000003ADE20, caps 00000000003ADAC4.
0150:fixme:dinput:hid_joystick_device_try_open device usage ff00:0002 not implemented!
0150:trace:hid:HidD_FreePreparsedData preparsed_data 00000000003ADE20.
00b8:trace:hid:pdo_close Close handle on device 0000000000AA6090
0150:trace:hid:HidD_GetPreparsedData file 00000000000000A4, preparsed_data 000000000031B8E8.
00b8:trace:hid:pdo_create Open handle on device 0000000000AA6610
00b8:trace:hid:pdo_ioctl device 0000000000AA6610 code 0xb01a8
00b8:trace:hid:pdo_ioctl device 0000000000AA6610 code 0xb0193
0150:trace:hid:HidD_GetAttributes file 00000000000000A4, attributes 000000000031DA14.
00b8:trace:hid:pdo_ioctl device 0000000000AA6610 code 0xb01a8
0150:trace:hid:HidP_GetCaps preparsed_data 00000000003ADE20, caps 00000000003ADAC4.
0150:fixme:dinput:hid_joystick_device_try_open device usage ff00:0004 not implemented!
0150:trace:hid:HidD_FreePreparsedData preparsed_data 00000000003ADE20.
00b8:trace:hid:pdo_close Close handle on device 0000000000AA6610
0150:trace:hid:HidD_GetPreparsedData file 00000000000000A4, preparsed_data 000000000031B8E8.
00b8:trace:hid:pdo_create Open handle on device 0000000000A17E20
00b8:trace:hid:pdo_ioctl device 0000000000A17E20 code 0xb01a8
00b8:trace:hid:pdo_ioctl device 0000000000A17E20 code 0xb0193
0150:trace:hid:HidD_GetAttributes file 00000000000000A4, attributes 000000000031DA14.
00b8:trace:hid:pdo_ioctl device 0000000000A17E20 code 0xb01a8
0150:trace:hid:HidP_GetCaps preparsed_data 00000000003ADE20, caps 00000000003ADAC4.
0150:fixme:dinput:hid_joystick_device_try_open device usage ff72:00a1 not implemented!
0150:trace:hid:HidD_FreePreparsedData preparsed_data 00000000003ADE20.
00b8:trace:hid:pdo_close Close handle on device 0000000000A17E20
0150:trace:hid:HidD_GetPreparsedData file 00000000000000A4, preparsed_data 000000000031B8E8.
00b8:trace:hid:pdo_create Open handle on device 0000000000A91D50
00b8:trace:hid:pdo_ioctl device 0000000000A91D50 code 0xb01a8
00b8:trace:hid:pdo_ioctl device 0000000000A91D50 code 0xb0193
0150:trace:hid:HidD_GetAttributes file 00000000000000A4, attributes 000000000031DA14.
00b8:trace:hid:pdo_ioctl device 0000000000A91D50 code 0xb01a8
0150:trace:hid:HidP_GetCaps preparsed_data 00000000003ADE20, caps 00000000003ADAC4.
0150:fixme:dinput:hid_joystick_device_try_open device usage 000c:0001 not implemented!
0150:trace:hid:HidD_FreePreparsedData preparsed_data 00000000003ADE20.
00b8:trace:hid:pdo_close Close handle on device 0000000000A91D50
0150:trace:hid:HidD_GetPreparsedData file 00000000000000A4, preparsed_data 000000000031B8E8.
00b8:trace:hid:pdo_create Open handle on device 0000000000A950C0
00b8:trace:hid:pdo_ioctl device 0000000000A950C0 code 0xb01a8
00b8:trace:hid:pdo_ioctl device 0000000000A950C0 code 0xb0193
0150:trace:hid:HidD_GetAttributes file 00000000000000A4, attributes 000000000031DA14.
00b8:trace:hid:pdo_ioctl device 0000000000A950C0 code 0xb01a8
0150:trace:hid:HidP_GetCaps preparsed_data 00000000003ADE20, caps 00000000003ADAC4.
0150:fixme:dinput:hid_joystick_device_try_open device usage ff60:0061 not implemented!
0150:trace:hid:HidD_FreePreparsedData preparsed_data 00000000003ADE20.
00b8:trace:hid:pdo_close Close handle on device 0000000000A950C0
0150:trace:hid:HidD_GetPreparsedData file 00000000000000A4, preparsed_data 000000000031B8E8.
00b8:trace:hid:pdo_create Open handle on device 0000000000A9E550
00b8:trace:hid:pdo_ioctl device 0000000000A9E550 code 0xb01a8
00b8:trace:hid:pdo_ioctl device 0000000000A9E550 code 0xb0193
0150:trace:hid:HidD_GetAttributes file 00000000000000A4, attributes 000000000031DA14.
00b8:trace:hid:pdo_ioctl device 0000000000A9E550 code 0xb01a8
0150:trace:hid:HidP_GetCaps preparsed_data 00000000003ADE20, caps 00000000003ADAC4.
0150:fixme:dinput:hid_joystick_device_try_open device usage 0001:0080 not implemented!
0150:trace:hid:HidD_FreePreparsedData preparsed_data 00000000003ADE20.
00b8:trace:hid:pdo_close Close handle on device 0000000000A9E550
0150:trace:hid:HidD_GetPreparsedData file 00000000000000A4, preparsed_data 000000000031B8E8.
00b8:trace:hid:pdo_create Open handle on device 0000000000A9EAD0
00b8:trace:hid:pdo_ioctl device 0000000000A9EAD0 code 0xb01a8
00b8:trace:hid:pdo_ioctl device 0000000000A9EAD0 code 0xb0193
0150:trace:hid:HidD_GetAttributes file 00000000000000A4, attributes 000000000031DA14.
00b8:trace:hid:pdo_ioctl device 0000000000A9EAD0 code 0xb01a8
0150:trace:hid:HidP_GetCaps preparsed_data 00000000003ADE20, caps 00000000003ADAC4.
0150:fixme:dinput:hid_joystick_device_try_open device usage 000c:0001 not implemented!
0150:trace:hid:HidD_FreePreparsedData preparsed_data 00000000003ADE20.
00b8:trace:hid:pdo_close Close handle on device 0000000000A9EAD0
0150:trace:hid:HidD_GetPreparsedData file 00000000000000A4, preparsed_data 000000000031B8E8.
00b8:trace:hid:pdo_create Open handle on device 0000000000A9F050
00b8:trace:hid:pdo_ioctl device 0000000000A9F050 code 0xb01a8
00b8:trace:hid:pdo_ioctl device 0000000000A9F050 code 0xb0193
0150:trace:hid:HidD_GetAttributes file 00000000000000A4, attributes 000000000031DA14.
00b8:trace:hid:pdo_ioctl device 0000000000A9F050 code 0xb01a8
0150:trace:hid:HidP_GetCaps preparsed_data 00000000003ADE20, caps 00000000003ADAC4.
0150:trace:hid:HidD_FreePreparsedData preparsed_data 00000000003ADE20.
00b8:trace:hid:pdo_close Close handle on device 0000000000A9F050
0150:trace:hid:HidD_GetPreparsedData file 00000000000000A4, preparsed_data 000000000031B8E8.
00b8:trace:hid:pdo_create Open handle on device 0000000000A5F470
00b8:trace:hid:pdo_ioctl device 0000000000A5F470 code 0xb01a8
00b8:trace:hid:pdo_ioctl device 0000000000A5F470 code 0xb0193
0150:trace:hid:HidD_GetAttributes file 00000000000000A4, attributes 000000000031DA14.
00b8:trace:hid:pdo_ioctl device 0000000000A5F470 code 0xb01a8
0150:trace:hid:HidP_GetCaps preparsed_data 00000000003ADE20, caps 00000000003ADAC4.
0150:trace:hid:HidD_GetProductString file 00000000000000A4, buffer 00000000003ACF88, buffer_len 520.
00b8:trace:hid:pdo_ioctl device 0000000000A5F470 code 0xb01be
00b8:trace:hid:hid_internal_dispatch IOCTL_HID_GET_STRING[00000002]
0150:trace:hid:HidD_GetProductString file 00000000000000A4, buffer 00000000003AD190, buffer_len 520.
00b8:trace:hid:pdo_ioctl device 0000000000A5F470 code 0xb01be
00b8:trace:hid:hid_internal_dispatch IOCTL_HID_GET_STRING[00000002]
00b8:trace:hid:pdo_ioctl device 0000000000A5F470 code 0xb04b0
0150:trace:hid:HidP_GetLinkCollectionNodes nodes 000000000031BC10, nodes_len 000000000031B8E0, preparsed_data 00000000003ADE20.
0150:trace:hid:HidP_GetSpecificButtonCaps report_type 1, usage_page 15, collection 0, usage 154, caps 000000000031B940, caps_count 000000000031B8DA, preparsed_data 00000000003ADE20.
0150:trace:hid:HidP_GetSpecificButtonCaps report_type 0, usage_page 9, collection 0, usage 0, caps 000000000031B940, caps_count 000000000031B8DA, preparsed_data 00000000003ADE20.
0150:trace:hid:HidP_GetSpecificValueCaps report_type 0, usage_page 1, collection 0, usage 48, caps 000000000031B8F0, caps_count 000000000031B8DA, preparsed_data 00000000003ADE20.
0150:trace:hid:HidP_GetSpecificValueCaps report_type 0, usage_page 1, collection 0, usage 49, caps 000000000031B8F0, caps_count 000000000031B8DA, preparsed_data 00000000003ADE20.
0150:trace:hid:HidP_GetSpecificValueCaps report_type 0, usage_page 2, collection 0, usage 200, caps 000000000031B8F0, caps_count 000000000031B8DA, preparsed_data 00000000003ADE20.
0150:trace:hid:HidP_GetSpecificValueCaps report_type 0, usage_page 1, collection 0, usage 50, caps 000000000031B8F0, caps_count 000000000031B8DA, preparsed_data 00000000003ADE20.
0150:trace:hid:HidP_GetSpecificValueCaps report_type 0, usage_page 1, collection 0, usage 57, caps 000000000031B8F0, caps_count 000000000031B8DA, preparsed_data 00000000003ADE20.
0150:trace:dinput:hid_joystick_device_try_open detected device type 0x10114
0150:trace:hid:HidP_MaxUsageListLength report_type 0, usage_page 0, preparsed_data 00000000003ADE20.
0150:trace:dinput:hid_joystick_create_device device control id 0, coll 0, control coll 0
0150:trace:dinput:hid_joystick_create_device effect control id 0, coll 0
0150:trace:dinput:hid_joystick_create_device effect update id 0, coll 0, type_coll 0
0150:trace:dinput:hid_joystick_create_device set periodic id 0, coll 0
0150:trace:dinput:hid_joystick_create_device set envelope id 0, coll 0
0150:trace:dinput:hid_joystick_create_device set condition id 0, coll 0
0150:trace:dinput:hid_joystick_create_device set constant force id 0, coll 0
0150:trace:dinput:hid_joystick_create_device set ramp force id 0, coll 0
0150:trace:dinput:hid_joystick_create_device device gain id 0, coll 0
0150:trace:dinput:hid_joystick_create_device device pool id 0, coll 0
0150:trace:dinput:hid_joystick_create_device block free id 0, coll 0
0150:trace:dinput:hid_joystick_create_device block load id 0, coll 0, status_coll 0
0150:trace:dinput:hid_joystick_create_device create new effect id 0, coll 0, type_coll 0
0150:trace:dinput:hid_joystick_create_device effect state id 0, coll 0
0150:trace:dinput:dinput_device_init_device_format device format 00000000003AD418 dwSize 32, dwObjsize 24, dwFlags 0x1, dwDataSize 178, dwNumObjs 87, rgodf 00000000003B0040
0150:trace:dinput:dinput_device_init_device_format   0: object 00000000003B0040 pguid {a36d02e0-c9f3-11cf-bfc7-444553540000}, dwOfs 0, dwType 0x2, dwFlags 0x100
0150:trace:dinput:dinput_device_init_device_format   1: object 00000000003B0058 pguid {a36d02e1-c9f3-11cf-bfc7-444553540000}, dwOfs 0x4, dwType 0x102, dwFlags 0x100
0150:trace:dinput:dinput_device_init_device_format   2: object 00000000003B0070 pguid {a36d02e2-c9f3-11cf-bfc7-444553540000}, dwOfs 0x8, dwType 0x202, dwFlags 0x100
0150:trace:dinput:dinput_device_init_device_format   3: object 00000000003B0088 pguid {a36d02f4-c9f3-11cf-bfc7-444553540000}, dwOfs 0xc, dwType 0x302, dwFlags 0x100
0150:trace:dinput:dinput_device_init_device_format   4: object 00000000003B00A0 pguid {a36d02f5-c9f3-11cf-bfc7-444553540000}, dwOfs 0x10, dwType 0x402, dwFlags 0x100
0150:trace:dinput:dinput_device_init_device_format   5: object 00000000003B00B8 pguid {a36d02e3-c9f3-11cf-bfc7-444553540000}, dwOfs 0x14, dwType 0x502, dwFlags 0x100
0150:trace:dinput:dinput_device_init_device_format   6: object 00000000003B00D0 pguid {a36d02e4-c9f3-11cf-bfc7-444553540000}, dwOfs 0x18, dwType 0x602, dwFlags 0x100
0150:trace:dinput:dinput_device_init_device_format   7: object 00000000003B00E8 pguid {a36d02e4-c9f3-11cf-bfc7-444553540000}, dwOfs 0x1c, dwType 0x702, dwFlags 0x100
0150:trace:dinput:dinput_device_init_device_format   8: object 00000000003B0100 pguid {a36d02f0-c9f3-11cf-bfc7-444553540000}, dwOfs 0x60, dwType 0x4, dwFlags 0
0150:trace:dinput:dinput_device_init_device_format   9: object 00000000003B0118 pguid {a36d02f0-c9f3-11cf-bfc7-444553540000}, dwOfs 0x61, dwType 0x104, dwFlags 0
0150:trace:dinput:dinput_device_init_device_format   10: object 00000000003B0130 pguid {a36d02f0-c9f3-11cf-bfc7-444553540000}, dwOfs 0x62, dwType 0x204, dwFlags 0
0150:trace:dinput:dinput_device_init_device_format   11: object 00000000003B0148 pguid {a36d02f0-c9f3-11cf-bfc7-444553540000}, dwOfs 0x63, dwType 0x304, dwFlags 0
0150:trace:dinput:dinput_device_init_device_format   12: object 00000000003B0160 pguid {a36d02f0-c9f3-11cf-bfc7-444553540000}, dwOfs 0x64, dwType 0x404, dwFlags 0
0150:trace:dinput:dinput_device_init_device_format   13: object 00000000003B0178 pguid {a36d02f0-c9f3-11cf-bfc7-444553540000}, dwOfs 0x65, dwType 0x504, dwFlags 0
0150:trace:dinput:dinput_device_init_device_format   14: object 00000000003B0190 pguid {a36d02f0-c9f3-11cf-bfc7-444553540000}, dwOfs 0x66, dwType 0x604, dwFlags 0
0150:trace:dinput:dinput_device_init_device_format   15: object 00000000003B01A8 pguid {a36d02f0-c9f3-11cf-bfc7-444553540000}, dwOfs 0x67, dwType 0x704, dwFlags 0
0150:trace:dinput:dinput_device_init_device_format   16: object 00000000003B01C0 pguid {a36d02f0-c9f3-11cf-bfc7-444553540000}, dwOfs 0x68, dwType 0x804, dwFlags 0
0150:trace:dinput:dinput_device_init_device_format   17: object 00000000003B01D8 pguid {a36d02f0-c9f3-11cf-bfc7-444553540000}, dwOfs 0x69, dwType 0x904, dwFlags 0
0150:trace:dinput:dinput_device_init_device_format   18: object 00000000003B01F0 pguid {a36d02f0-c9f3-11cf-bfc7-444553540000}, dwOfs 0x6a, dwType 0xa04, dwFlags 0
0150:trace:dinput:dinput_device_init_device_format   19: object 00000000003B0208 pguid {a36d02f0-c9f3-11cf-bfc7-444553540000}, dwOfs 0x6b, dwType 0xb04, dwFlags 0
0150:trace:dinput:dinput_device_init_device_format   20: object 00000000003B0220 pguid {a36d02f0-c9f3-11cf-bfc7-444553540000}, dwOfs 0x6c, dwType 0xc04, dwFlags 0
0150:trace:dinput:dinput_device_init_device_format   21: object 00000000003B0238 pguid {a36d02f0-c9f3-11cf-bfc7-444553540000}, dwOfs 0x6d, dwType 0xd04, dwFlags 0
0150:trace:dinput:dinput_device_init_device_format   22: object 00000000003B0250 pguid {a36d02f0-c9f3-11cf-bfc7-444553540000}, dwOfs 0x6e, dwType 0xe04, dwFlags 0
0150:trace:dinput:dinput_device_init_device_format   23: object 00000000003B0268 pguid {a36d02f0-c9f3-11cf-bfc7-444553540000}, dwOfs 0x6f, dwType 0xf04, dwFlags 0
0150:trace:dinput:dinput_device_init_device_format   24: object 00000000003B0280 pguid {a36d02f0-c9f3-11cf-bfc7-444553540000}, dwOfs 0x70, dwType 0x1004, dwFlags 0
0150:trace:dinput:dinput_device_init_device_format   25: object 00000000003B0298 pguid {a36d02f0-c9f3-11cf-bfc7-444553540000}, dwOfs 0x71, dwType 0x1104, dwFlags 0
0150:trace:dinput:dinput_device_init_device_format   26: object 00000000003B02B0 pguid {a36d02f0-c9f3-11cf-bfc7-444553540000}, dwOfs 0x72, dwType 0x1204, dwFlags 0
0150:trace:dinput:dinput_device_init_device_format   27: object 00000000003B02C8 pguid {a36d02f0-c9f3-11cf-bfc7-444553540000}, dwOfs 0x73, dwType 0x1304, dwFlags 0
0150:trace:dinput:dinput_device_init_device_format   28: object 00000000003B02E0 pguid {a36d02f0-c9f3-11cf-bfc7-444553540000}, dwOfs 0x74, dwType 0x1404, dwFlags 0
0150:trace:dinput:dinput_device_init_device_format   29: object 00000000003B02F8 pguid {a36d02f0-c9f3-11cf-bfc7-444553540000}, dwOfs 0x75, dwType 0x1504, dwFlags 0
0150:trace:dinput:dinput_device_init_device_format   30: object 00000000003B0310 pguid {a36d02f0-c9f3-11cf-bfc7-444553540000}, dwOfs 0x76, dwType 0x1604, dwFlags 0
0150:trace:dinput:dinput_device_init_device_format   31: object 00000000003B0328 pguid {a36d02f0-c9f3-11cf-bfc7-444553540000}, dwOfs 0x77, dwType 0x1704, dwFlags 0
0150:trace:dinput:dinput_device_init_device_format   32: object 00000000003B0340 pguid {a36d02f0-c9f3-11cf-bfc7-444553540000}, dwOfs 0x78, dwType 0x1804, dwFlags 0
0150:trace:dinput:dinput_device_init_device_format   33: object 00000000003B0358 pguid {a36d02f0-c9f3-11cf-bfc7-444553540000}, dwOfs 0x79, dwType 0x1904, dwFlags 0
0150:trace:dinput:dinput_device_init_device_format   34: object 00000000003B0370 pguid {a36d02f0-c9f3-11cf-bfc7-444553540000}, dwOfs 0x7a, dwType 0x1a04, dwFlags 0
0150:trace:dinput:dinput_device_init_device_format   35: object 00000000003B0388 pguid {a36d02f0-c9f3-11cf-bfc7-444553540000}, dwOfs 0x7b, dwType 0x1b04, dwFlags 0
0150:trace:dinput:dinput_device_init_device_format   36: object 00000000003B03A0 pguid {a36d02f0-c9f3-11cf-bfc7-444553540000}, dwOfs 0x7c, dwType 0x1c04, dwFlags 0
0150:trace:dinput:dinput_device_init_device_format   37: object 00000000003B03B8 pguid {a36d02f0-c9f3-11cf-bfc7-444553540000}, dwOfs 0x7d, dwType 0x1d04, dwFlags 0
0150:trace:dinput:dinput_device_init_device_format   38: object 00000000003B03D0 pguid {a36d02f0-c9f3-11cf-bfc7-444553540000}, dwOfs 0x7e, dwType 0x1e04, dwFlags 0
0150:trace:dinput:dinput_device_init_device_format   39: object 00000000003B03E8 pguid {a36d02f0-c9f3-11cf-bfc7-444553540000}, dwOfs 0x7f, dwType 0x1f04, dwFlags 0
0150:trace:dinput:dinput_device_init_device_format   40: object 00000000003B0400 pguid {a36d02f0-c9f3-11cf-bfc7-444553540000}, dwOfs 0x80, dwType 0x2004, dwFlags 0
0150:trace:dinput:dinput_device_init_device_format   41: object 00000000003B0418 pguid {a36d02f0-c9f3-11cf-bfc7-444553540000}, dwOfs 0x81, dwType 0x2104, dwFlags 0
0150:trace:dinput:dinput_device_init_device_format   42: object 00000000003B0430 pguid {a36d02f0-c9f3-11cf-bfc7-444553540000}, dwOfs 0x82, dwType 0x2204, dwFlags 0
0150:trace:dinput:dinput_device_init_device_format   43: object 00000000003B0448 pguid {a36d02f0-c9f3-11cf-bfc7-444553540000}, dwOfs 0x83, dwType 0x2304, dwFlags 0
0150:trace:dinput:dinput_device_init_device_format   44: object 00000000003B0460 pguid {a36d02f0-c9f3-11cf-bfc7-444553540000}, dwOfs 0x84, dwType 0x2404, dwFlags 0
0150:trace:dinput:dinput_device_init_device_format   45: object 00000000003B0478 pguid {a36d02f0-c9f3-11cf-bfc7-444553540000}, dwOfs 0x85, dwType 0x2504, dwFlags 0
0150:trace:dinput:dinput_device_init_device_format   46: object 00000000003B0490 pguid {a36d02f0-c9f3-11cf-bfc7-444553540000}, dwOfs 0x86, dwType 0x2604, dwFlags 0
0150:trace:dinput:dinput_device_init_device_format   47: object 00000000003B04A8 pguid {a36d02f0-c9f3-11cf-bfc7-444553540000}, dwOfs 0x87, dwType 0x2704, dwFlags 0
0150:trace:dinput:dinput_device_init_device_format   48: object 00000000003B04C0 pguid {a36d02f0-c9f3-11cf-bfc7-444553540000}, dwOfs 0x88, dwType 0x2804, dwFlags 0
0150:trace:dinput:dinput_device_init_device_format   49: object 00000000003B04D8 pguid {a36d02f0-c9f3-11cf-bfc7-444553540000}, dwOfs 0x89, dwType 0x2904, dwFlags 0
0150:trace:dinput:dinput_device_init_device_format   50: object 00000000003B04F0 pguid {a36d02f0-c9f3-11cf-bfc7-444553540000}, dwOfs 0x8a, dwType 0x2a04, dwFlags 0
0150:trace:dinput:dinput_device_init_device_format   51: object 00000000003B0508 pguid {a36d02f0-c9f3-11cf-bfc7-444553540000}, dwOfs 0x8b, dwType 0x2b04, dwFlags 0
0150:trace:dinput:dinput_device_init_device_format   52: object 00000000003B0520 pguid {a36d02f0-c9f3-11cf-bfc7-444553540000}, dwOfs 0x8c, dwType 0x2c04, dwFlags 0
0150:trace:dinput:dinput_device_init_device_format   53: object 00000000003B0538 pguid {a36d02f0-c9f3-11cf-bfc7-444553540000}, dwOfs 0x8d, dwType 0x2d04, dwFlags 0
0150:trace:dinput:dinput_device_init_device_format   54: object 00000000003B0550 pguid {a36d02f0-c9f3-11cf-bfc7-444553540000}, dwOfs 0x8e, dwType 0x2e04, dwFlags 0
0150:trace:dinput:dinput_device_init_device_format   55: object 00000000003B0568 pguid {a36d02f0-c9f3-11cf-bfc7-444553540000}, dwOfs 0x8f, dwType 0x2f04, dwFlags 0
0150:trace:dinput:dinput_device_init_device_format   56: object 00000000003B0580 pguid {a36d02f0-c9f3-11cf-bfc7-444553540000}, dwOfs 0x90, dwType 0x3004, dwFlags 0
0150:trace:dinput:dinput_device_init_device_format   57: object 00000000003B0598 pguid {a36d02f0-c9f3-11cf-bfc7-444553540000}, dwOfs 0x91, dwType 0x3104, dwFlags 0
0150:trace:dinput:dinput_device_init_device_format   58: object 00000000003B05B0 pguid {a36d02f0-c9f3-11cf-bfc7-444553540000}, dwOfs 0x92, dwType 0x3204, dwFlags 0
0150:trace:dinput:dinput_device_init_device_format   59: object 00000000003B05C8 pguid {a36d02f0-c9f3-11cf-bfc7-444553540000}, dwOfs 0x93, dwType 0x3304, dwFlags 0
0150:trace:dinput:dinput_device_init_device_format   60: object 00000000003B05E0 pguid {a36d02f0-c9f3-11cf-bfc7-444553540000}, dwOfs 0x94, dwType 0x3404, dwFlags 0
0150:trace:dinput:dinput_device_init_device_format   61: object 00000000003B05F8 pguid {a36d02f0-c9f3-11cf-bfc7-444553540000}, dwOfs 0x95, dwType 0x3504, dwFlags 0
0150:trace:dinput:dinput_device_init_device_format   62: object 00000000003B0610 pguid {a36d02f0-c9f3-11cf-bfc7-444553540000}, dwOfs 0x96, dwType 0x3604, dwFlags 0
0150:trace:dinput:dinput_device_init_device_format   63: object 00000000003B0628 pguid {a36d02f0-c9f3-11cf-bfc7-444553540000}, dwOfs 0x97, dwType 0x3704, dwFlags 0
0150:trace:dinput:dinput_device_init_device_format   64: object 00000000003B0640 pguid {a36d02f0-c9f3-11cf-bfc7-444553540000}, dwOfs 0x98, dwType 0x3804, dwFlags 0
0150:trace:dinput:dinput_device_init_device_format   65: object 00000000003B0658 pguid {a36d02f0-c9f3-11cf-bfc7-444553540000}, dwOfs 0x99, dwType 0x3904, dwFlags 0
0150:trace:dinput:dinput_device_init_device_format   66: object 00000000003B0670 pguid {a36d02f0-c9f3-11cf-bfc7-444553540000}, dwOfs 0x9a, dwType 0x3a04, dwFlags 0
0150:trace:dinput:dinput_device_init_device_format   67: object 00000000003B0688 pguid {a36d02f0-c9f3-11cf-bfc7-444553540000}, dwOfs 0x9b, dwType 0x3b04, dwFlags 0
0150:trace:dinput:dinput_device_init_device_format   68: object 00000000003B06A0 pguid {a36d02f0-c9f3-11cf-bfc7-444553540000}, dwOfs 0x9c, dwType 0x3c04, dwFlags 0
0150:trace:dinput:dinput_device_init_device_format   69: object 00000000003B06B8 pguid {a36d02f0-c9f3-11cf-bfc7-444553540000}, dwOfs 0x9d, dwType 0x3d04, dwFlags 0
0150:trace:dinput:dinput_device_init_device_format   70: object 00000000003B06D0 pguid {a36d02f0-c9f3-11cf-bfc7-444553540000}, dwOfs 0x9e, dwType 0x3e04, dwFlags 0
0150:trace:dinput:dinput_device_init_device_format   71: object 00000000003B06E8 pguid {a36d02f0-c9f3-11cf-bfc7-444553540000}, dwOfs 0x9f, dwType 0x3f04, dwFlags 0
0150:trace:dinput:dinput_device_init_device_format   72: object 00000000003B0700 pguid {a36d02f0-c9f3-11cf-bfc7-444553540000}, dwOfs 0xa0, dwType 0x4004, dwFlags 0
0150:trace:dinput:dinput_device_init_device_format   73: object 00000000003B0718 pguid {a36d02f0-c9f3-11cf-bfc7-444553540000}, dwOfs 0xa1, dwType 0x4104, dwFlags 0
0150:trace:dinput:dinput_device_init_device_format   74: object 00000000003B0730 pguid {a36d02f0-c9f3-11cf-bfc7-444553540000}, dwOfs 0xa2, dwType 0x4204, dwFlags 0
0150:trace:dinput:dinput_device_init_device_format   75: object 00000000003B0748 pguid {a36d02f0-c9f3-11cf-bfc7-444553540000}, dwOfs 0xa3, dwType 0x4304, dwFlags 0
0150:trace:dinput:dinput_device_init_device_format   76: object 00000000003B0760 pguid {a36d02f0-c9f3-11cf-bfc7-444553540000}, dwOfs 0xa4, dwType 0x4404, dwFlags 0
0150:trace:dinput:dinput_device_init_device_format   77: object 00000000003B0778 pguid {a36d02f0-c9f3-11cf-bfc7-444553540000}, dwOfs 0xa5, dwType 0x4504, dwFlags 0
0150:trace:dinput:dinput_device_init_device_format   78: object 00000000003B0790 pguid {a36d02f0-c9f3-11cf-bfc7-444553540000}, dwOfs 0xa6, dwType 0x4604, dwFlags 0
0150:trace:dinput:dinput_device_init_device_format   79: object 00000000003B07A8 pguid {a36d02f0-c9f3-11cf-bfc7-444553540000}, dwOfs 0xa7, dwType 0x4704, dwFlags 0
0150:trace:dinput:dinput_device_init_device_format   80: object 00000000003B07C0 pguid {a36d02f0-c9f3-11cf-bfc7-444553540000}, dwOfs 0xa8, dwType 0x4804, dwFlags 0
0150:trace:dinput:dinput_device_init_device_format   81: object 00000000003B07D8 pguid {a36d02f0-c9f3-11cf-bfc7-444553540000}, dwOfs 0xa9, dwType 0x4904, dwFlags 0
0150:trace:dinput:dinput_device_init_device_format   82: object 00000000003B07F0 pguid {a36d02f0-c9f3-11cf-bfc7-444553540000}, dwOfs 0xaa, dwType 0x4a04, dwFlags 0
0150:trace:dinput:dinput_device_init_device_format   83: object 00000000003B0808 pguid {a36d02f0-c9f3-11cf-bfc7-444553540000}, dwOfs 0xab, dwType 0x4b04, dwFlags 0
0150:trace:dinput:dinput_device_init_device_format   84: object 00000000003B0820 pguid {a36d02f0-c9f3-11cf-bfc7-444553540000}, dwOfs 0xac, dwType 0x4c04, dwFlags 0
0150:trace:dinput:dinput_device_init_device_format   85: object 00000000003B0838 pguid {a36d02f0-c9f3-11cf-bfc7-444553540000}, dwOfs 0xad, dwType 0x4d04, dwFlags 0
0150:trace:dinput:dinput_device_init_device_format   86: object 00000000003B0850 pguid {a36d02f0-c9f3-11cf-bfc7-444553540000}, dwOfs 0xae, dwType 0x4e04, dwFlags 0
0150:trace:dinput:dinput_device_QueryInterface iface 00000000003ACEF0, iid {54d41081-dc15-4833-a41b-748f73a38179}, out 00000000003AC930.
0150:trace:dinput:dinput_device_AddRef iface 00000000003ACEF0, ref 2.
0150:trace:dinput:dinput_device_Release iface 00000000003ACEF0, ref 1.
0150:trace:dinput:dinput_device_SetDataFormat iface 00000000003ACEF0, format 00006FFFFE29E940.
0150:trace:dinput:dinput_device_SetDataFormat user format 00006FFFFE29E940 dwSize 32, dwObjsize 24, dwFlags 0x1, dwDataSize 272, dwNumObjs 164, rgodf 00006FFFFE29E960
0150:trace:dinput:dinput_device_SetDataFormat   0: object 00006FFFFE29E960 pguid {a36d02e0-c9f3-11cf-bfc7-444553540000}, dwOfs 0, dwType 0x80ffff03, dwFlags 0x100
0150:trace:dinput:dinput_device_SetDataFormat   1: object 00006FFFFE29E978 pguid {a36d02e1-c9f3-11cf-bfc7-444553540000}, dwOfs 0x4, dwType 0x80ffff03, dwFlags 0x100
0150:trace:dinput:dinput_device_SetDataFormat   2: object 00006FFFFE29E990 pguid {a36d02e2-c9f3-11cf-bfc7-444553540000}, dwOfs 0x8, dwType 0x80ffff03, dwFlags 0x100
0150:trace:dinput:dinput_device_SetDataFormat   3: object 00006FFFFE29E9A8 pguid {a36d02f4-c9f3-11cf-bfc7-444553540000}, dwOfs 0xc, dwType 0x80ffff03, dwFlags 0x100
0150:trace:dinput:dinput_device_SetDataFormat   4: object 00006FFFFE29E9C0 pguid {a36d02f5-c9f3-11cf-bfc7-444553540000}, dwOfs 0x10, dwType 0x80ffff03, dwFlags 0x100
0150:trace:dinput:dinput_device_SetDataFormat   5: object 00006FFFFE29E9D8 pguid {a36d02e3-c9f3-11cf-bfc7-444553540000}, dwOfs 0x14, dwType 0x80ffff03, dwFlags 0x100
0150:trace:dinput:dinput_device_SetDataFormat   6: object 00006FFFFE29E9F0 pguid {a36d02e4-c9f3-11cf-bfc7-444553540000}, dwOfs 0x18, dwType 0x80ffff03, dwFlags 0x100
0150:trace:dinput:dinput_device_SetDataFormat   7: object 00006FFFFE29EA08 pguid {a36d02e4-c9f3-11cf-bfc7-444553540000}, dwOfs 0x1c, dwType 0x80ffff03, dwFlags 0x100
0150:trace:dinput:dinput_device_SetDataFormat   8: object 00006FFFFE29EA20 pguid {a36d02f2-c9f3-11cf-bfc7-444553540000}, dwOfs 0x20, dwType 0x80ffff10, dwFlags 0
0150:trace:dinput:dinput_device_SetDataFormat   9: object 00006FFFFE29EA38 pguid {a36d02f2-c9f3-11cf-bfc7-444553540000}, dwOfs 0x24, dwType 0x80ffff10, dwFlags 0
0150:trace:dinput:dinput_device_SetDataFormat   10: object 00006FFFFE29EA50 pguid {a36d02f2-c9f3-11cf-bfc7-444553540000}, dwOfs 0x28, dwType 0x80ffff10, dwFlags 0
0150:trace:dinput:dinput_device_SetDataFormat   11: object 00006FFFFE29EA68 pguid {a36d02f2-c9f3-11cf-bfc7-444553540000}, dwOfs 0x2c, dwType 0x80ffff10, dwFlags 0
0150:trace:dinput:dinput_device_SetDataFormat   12: object 00006FFFFE29EA80 pguid (null), dwOfs 0x30, dwType 0x80ffff0c, dwFlags 0
0150:trace:dinput:dinput_device_SetDataFormat   13: object 00006FFFFE29EA98 pguid (null), dwOfs 0x31, dwType 0x80ffff0c, dwFlags 0
0150:trace:dinput:dinput_device_SetDataFormat   14: object 00006FFFFE29EAB0 pguid (null), dwOfs 0x32, dwType 0x80ffff0c, dwFlags 0
0150:trace:dinput:dinput_device_SetDataFormat   15: object 00006FFFFE29EAC8 pguid (null), dwOfs 0x33, dwType 0x80ffff0c, dwFlags 0
0150:trace:dinput:dinput_device_SetDataFormat   16: object 00006FFFFE29EAE0 pguid (null), dwOfs 0x34, dwType 0x80ffff0c, dwFlags 0
0150:trace:dinput:dinput_device_SetDataFormat   17: object 00006FFFFE29EAF8 pguid (null), dwOfs 0x35, dwType 0x80ffff0c, dwFlags 0
0150:trace:dinput:dinput_device_SetDataFormat   18: object 00006FFFFE29EB10 pguid (null), dwOfs 0x36, dwType 0x80ffff0c, dwFlags 0
0150:trace:dinput:dinput_device_SetDataFormat   19: object 00006FFFFE29EB28 pguid (null), dwOfs 0x37, dwType 0x80ffff0c, dwFlags 0
0150:trace:dinput:dinput_device_SetDataFormat   20: object 00006FFFFE29EB40 pguid (null), dwOfs 0x38, dwType 0x80ffff0c, dwFlags 0
0150:trace:dinput:dinput_device_SetDataFormat   21: object 00006FFFFE29EB58 pguid (null), dwOfs 0x39, dwType 0x80ffff0c, dwFlags 0
0150:trace:dinput:dinput_device_SetDataFormat   22: object 00006FFFFE29EB70 pguid (null), dwOfs 0x3a, dwType 0x80ffff0c, dwFlags 0
0150:trace:dinput:dinput_device_SetDataFormat   23: object 00006FFFFE29EB88 pguid (null), dwOfs 0x3b, dwType 0x80ffff0c, dwFlags 0
0150:trace:dinput:dinput_device_SetDataFormat   24: object 00006FFFFE29EBA0 pguid (null), dwOfs 0x3c, dwType 0x80ffff0c, dwFlags 0
0150:trace:dinput:dinput_device_SetDataFormat   25: object 00006FFFFE29EBB8 pguid (null), dwOfs 0x3d, dwType 0x80ffff0c, dwFlags 0
0150:trace:dinput:dinput_device_SetDataFormat   26: object 00006FFFFE29EBD0 pguid (null), dwOfs 0x3e, dwType 0x80ffff0c, dwFlags 0
0150:trace:dinput:dinput_device_SetDataFormat   27: object 00006FFFFE29EBE8 pguid (null), dwOfs 0x3f, dwType 0x80ffff0c, dwFlags 0
0150:trace:dinput:dinput_device_SetDataFormat   28: object 00006FFFFE29EC00 pguid (null), dwOfs 0x40, dwType 0x80ffff0c, dwFlags 0
0150:trace:dinput:dinput_device_SetDataFormat   29: object 00006FFFFE29EC18 pguid (null), dwOfs 0x41, dwType 0x80ffff0c, dwFlags 0
0150:trace:dinput:dinput_device_SetDataFormat   30: object 00006FFFFE29EC30 pguid (null), dwOfs 0x42, dwType 0x80ffff0c, dwFlags 0
0150:trace:dinput:dinput_device_SetDataFormat   31: object 00006FFFFE29EC48 pguid (null), dwOfs 0x43, dwType 0x80ffff0c, dwFlags 0
0150:trace:dinput:dinput_device_SetDataFormat   32: object 00006FFFFE29EC60 pguid (null), dwOfs 0x44, dwType 0x80ffff0c, dwFlags 0
0150:trace:dinput:dinput_device_SetDataFormat   33: object 00006FFFFE29EC78 pguid (null), dwOfs 0x45, dwType 0x80ffff0c, dwFlags 0
0150:trace:dinput:dinput_device_SetDataFormat   34: object 00006FFFFE29EC90 pguid (null), dwOfs 0x46, dwType 0x80ffff0c, dwFlags 0
0150:trace:dinput:dinput_device_SetDataFormat   35: object 00006FFFFE29ECA8 pguid (null), dwOfs 0x47, dwType 0x80ffff0c, dwFlags 0
0150:trace:dinput:dinput_device_SetDataFormat   36: object 00006FFFFE29ECC0 pguid (null), dwOfs 0x48, dwType 0x80ffff0c, dwFlags 0
0150:trace:dinput:dinput_device_SetDataFormat   37: object 00006FFFFE29ECD8 pguid (null), dwOfs 0x49, dwType 0x80ffff0c, dwFlags 0
0150:trace:dinput:dinput_device_SetDataFormat   38: object 00006FFFFE29ECF0 pguid (null), dwOfs 0x4a, dwType 0x80ffff0c, dwFlags 0
0150:trace:dinput:dinput_device_SetDataFormat   39: object 00006FFFFE29ED08 pguid (null), dwOfs 0x4b, dwType 0x80ffff0c, dwFlags 0
0150:trace:dinput:dinput_device_SetDataFormat   40: object 00006FFFFE29ED20 pguid (null), dwOfs 0x4c, dwType 0x80ffff0c, dwFlags 0
0150:trace:dinput:dinput_device_SetDataFormat   41: object 00006FFFFE29ED38 pguid (null), dwOfs 0x4d, dwType 0x80ffff0c, dwFlags 0
0150:trace:dinput:dinput_device_SetDataFormat   42: object 00006FFFFE29ED50 pguid (null), dwOfs 0x4e, dwType 0x80ffff0c, dwFlags 0
0150:trace:dinput:dinput_device_SetDataFormat   43: object 00006FFFFE29ED68 pguid (null), dwOfs 0x4f, dwType 0x80ffff0c, dwFlags 0
0150:trace:dinput:dinput_device_SetDataFormat   44: object 00006FFFFE29ED80 pguid (null), dwOfs 0x50, dwType 0x80ffff0c, dwFlags 0
0150:trace:dinput:dinput_device_SetDataFormat   45: object 00006FFFFE29ED98 pguid (null), dwOfs 0x51, dwType 0x80ffff0c, dwFlags 0
0150:trace:dinput:dinput_device_SetDataFormat   46: object 00006FFFFE29EDB0 pguid (null), dwOfs 0x52, dwType 0x80ffff0c, dwFlags 0
0150:trace:dinput:dinput_device_SetDataFormat   47: object 00006FFFFE29EDC8 pguid (null), dwOfs 0x53, dwType 0x80ffff0c, dwFlags 0
0150:trace:dinput:dinput_device_SetDataFormat   48: object 00006FFFFE29EDE0 pguid (null), dwOfs 0x54, dwType 0x80ffff0c, dwFlags 0
0150:trace:dinput:dinput_device_SetDataFormat   49: object 00006FFFFE29EDF8 pguid (null), dwOfs 0x55, dwType 0x80ffff0c, dwFlags 0
0150:trace:dinput:dinput_device_SetDataFormat   50: object 00006FFFFE29EE10 pguid (null), dwOfs 0x56, dwType 0x80ffff0c, dwFlags 0
0150:trace:dinput:dinput_device_SetDataFormat   51: object 00006FFFFE29EE28 pguid (null), dwOfs 0x57, dwType 0x80ffff0c, dwFlags 0
0150:trace:dinput:dinput_device_SetDataFormat   52: object 00006FFFFE29EE40 pguid (null), dwOfs 0x58, dwType 0x80ffff0c, dwFlags 0
0150:trace:dinput:dinput_device_SetDataFormat   53: object 00006FFFFE29EE58 pguid (null), dwOfs 0x59, dwType 0x80ffff0c, dwFlags 0
0150:trace:dinput:dinput_device_SetDataFormat   54: object 00006FFFFE29EE70 pguid (null), dwOfs 0x5a, dwType 0x80ffff0c, dwFlags 0
0150:trace:dinput:dinput_device_SetDataFormat   55: object 00006FFFFE29EE88 pguid (null), dwOfs 0x5b, dwType 0x80ffff0c, dwFlags 0
0150:trace:dinput:dinput_device_SetDataFormat   56: object 00006FFFFE29EEA0 pguid (null), dwOfs 0x5c, dwType 0x80ffff0c, dwFlags 0
0150:trace:dinput:dinput_device_SetDataFormat   57: object 00006FFFFE29EEB8 pguid (null), dwOfs 0x5d, dwType 0x80ffff0c, dwFlags 0
0150:trace:dinput:dinput_device_SetDataFormat   58: object 00006FFFFE29EED0 pguid (null), dwOfs 0x5e, dwType 0x80ffff0c, dwFlags 0
0150:trace:dinput:dinput_device_SetDataFormat   59: object 00006FFFFE29EEE8 pguid (null), dwOfs 0x5f, dwType 0x80ffff0c, dwFlags 0
0150:trace:dinput:dinput_device_SetDataFormat   60: object 00006FFFFE29EF00 pguid (null), dwOfs 0x60, dwType 0x80ffff0c, dwFlags 0
0150:trace:dinput:dinput_device_SetDataFormat   61: object 00006FFFFE29EF18 pguid (null), dwOfs 0x61, dwType 0x80ffff0c, dwFlags 0
0150:trace:dinput:dinput_device_SetDataFormat   62: object 00006FFFFE29EF30 pguid (null), dwOfs 0x62, dwType 0x80ffff0c, dwFlags 0
0150:trace:dinput:dinput_device_SetDataFormat   63: object 00006FFFFE29EF48 pguid (null), dwOfs 0x63, dwType 0x80ffff0c, dwFlags 0
0150:trace:dinput:dinput_device_SetDataFormat   64: object 00006FFFFE29EF60 pguid (null), dwOfs 0x64, dwType 0x80ffff0c, dwFlags 0
0150:trace:dinput:dinput_device_SetDataFormat   65: object 00006FFFFE29EF78 pguid (null), dwOfs 0x65, dwType 0x80ffff0c, dwFlags 0
0150:trace:dinput:dinput_device_SetDataFormat   66: object 00006FFFFE29EF90 pguid (null), dwOfs 0x66, dwType 0x80ffff0c, dwFlags 0
0150:trace:dinput:dinput_device_SetDataFormat   67: object 00006FFFFE29EFA8 pguid (null), dwOfs 0x67, dwType 0x80ffff0c, dwFlags 0
0150:trace:dinput:dinput_device_SetDataFormat   68: object 00006FFFFE29EFC0 pguid (null), dwOfs 0x68, dwType 0x80ffff0c, dwFlags 0
0150:trace:dinput:dinput_device_SetDataFormat   69: object 00006FFFFE29EFD8 pguid (null), dwOfs 0x69, dwType 0x80ffff0c, dwFlags 0
0150:trace:dinput:dinput_device_SetDataFormat   70: object 00006FFFFE29EFF0 pguid (null), dwOfs 0x6a, dwType 0x80ffff0c, dwFlags 0
0150:trace:dinput:dinput_device_SetDataFormat   71: object 00006FFFFE29F008 pguid (null), dwOfs 0x6b, dwType 0x80ffff0c, dwFlags 0
0150:trace:dinput:dinput_device_SetDataFormat   72: object 00006FFFFE29F020 pguid (null), dwOfs 0x6c, dwType 0x80ffff0c, dwFlags 0
0150:trace:dinput:dinput_device_SetDataFormat   73: object 00006FFFFE29F038 pguid (null), dwOfs 0x6d, dwType 0x80ffff0c, dwFlags 0
0150:trace:dinput:dinput_device_SetDataFormat   74: object 00006FFFFE29F050 pguid (null), dwOfs 0x6e, dwType 0x80ffff0c, dwFlags 0
0150:trace:dinput:dinput_device_SetDataFormat   75: object 00006FFFFE29F068 pguid (null), dwOfs 0x6f, dwType 0x80ffff0c, dwFlags 0
0150:trace:dinput:dinput_device_SetDataFormat   76: object 00006FFFFE29F080 pguid (null), dwOfs 0x70, dwType 0x80ffff0c, dwFlags 0
0150:trace:dinput:dinput_device_SetDataFormat   77: object 00006FFFFE29F098 pguid (null), dwOfs 0x71, dwType 0x80ffff0c, dwFlags 0
0150:trace:dinput:dinput_device_SetDataFormat   78: object 00006FFFFE29F0B0 pguid (null), dwOfs 0x72, dwType 0x80ffff0c, dwFlags 0
0150:trace:dinput:dinput_device_SetDataFormat   79: object 00006FFFFE29F0C8 pguid (null), dwOfs 0x73, dwType 0x80ffff0c, dwFlags 0
0150:trace:dinput:dinput_device_SetDataFormat   80: object 00006FFFFE29F0E0 pguid (null), dwOfs 0x74, dwType 0x80ffff0c, dwFlags 0
0150:trace:dinput:dinput_device_SetDataFormat   81: object 00006FFFFE29F0F8 pguid (null), dwOfs 0x75, dwType 0x80ffff0c, dwFlags 0
0150:trace:dinput:dinput_device_SetDataFormat   82: object 00006FFFFE29F110 pguid (null), dwOfs 0x76, dwType 0x80ffff0c, dwFlags 0
0150:trace:dinput:dinput_device_SetDataFormat   83: object 00006FFFFE29F128 pguid (null), dwOfs 0x77, dwType 0x80ffff0c, dwFlags 0
